checkInstrument =  BSE:SENSEX-INDEX
sensexExpDate =  26O01
BNFut (Sensex futures auto) = BSE:SENSEX26OCTFUT
 -- not entered waiting for time--- 9 : 14
 -- not entered waiting for time--- 9 : 14
 -- not entered waiting for time--- 9 : 14
 -- not entered waiting for time--- 9 : 14
 -- not entered waiting for time--- 9 : 14
 -- not entered waiting for time--- 9 : 14
 -- not entered waiting for time--- 9 : 14
 -- not entered waiting for time--- 9 : 14
 -- not entered waiting for time--- 9 : 14
 -- not entered waiting for time--- 9 : 14
 -- not entered waiting for time--- 9 : 14
 -- not entered waiting for time--- 9 : 14
 -- not entered waiting for time--- 9 : 14
 -- not entered waiting for time--- 9 : 14
 -- not entered waiting for time--- 9 : 14
 -- not entered waiting for time--- 9 : 14
 -- not entered waiting for time--- 9 : 14
 -- not entered waiting for time--- 9 : 14
 -- not entered waiting for time--- 9 : 14
 -- not entered waiting for time--- 9 : 14
 -- not entered waiting for time--- 9 : 14
 -- not entered waiting for time--- 9 : 14
 -- not entered waiting for time--- 9 : 14
 -- not entered waiting for time--- 9 : 14
 -- not entered waiting for time--- 9 : 14
 -- not entered waiting for time--- 9 : 14
 -- not entered waiting for time--- 9 : 14
 -- not entered waiting for time--- 9 : 14
 -- not entered waiting for time--- 9 : 14
 -- not entered waiting for time--- 9 : 14
 -- not entered waiting for time--- 9 : 14
 -- not entered waiting for time--- 9 : 14
 -- not entered waiting for time--- 9 : 14
 -- not entered waiting for time--- 9 : 14
 -- not entered waiting for time--- 9 : 14
 -- not entered waiting for time--- 9 : 14
 -- not entered waiting for time--- 9 : 14
 -- not entered waiting for time--- 9 : 14
 -- not entered waiting for time--- 9 : 15
 -- not entered waiting for time--- 9 : 15
 -- not entered waiting for time--- 9 : 15
 -- not entered waiting for time--- 9 : 15
 -- not entered waiting for time--- 9 : 15
 -- not entered waiting for time--- 9 : 15
 -- not entered waiting for time--- 9 : 15
 -- not entered waiting for time--- 9 : 15
 -- not entered waiting for time--- 9 : 15
 -- not entered waiting for time--- 9 : 15
 -- not entered waiting for time--- 9 : 15
 -- not entered waiting for time--- 9 : 15
 -- not entered waiting for time--- 9 : 15
 -- not entered waiting for time--- 9 : 15
 -- not entered waiting for time--- 9 : 15
 -- not entered waiting for time--- 9 : 15
 -- not entered waiting for time--- 9 : 15
 -- not entered waiting for time--- 9 : 15
 -- not entered waiting for time--- 9 : 15
 -- not entered waiting for time--- 9 : 15
 -- not entered waiting for time--- 9 : 15
 -- not entered waiting for time--- 9 : 15
 -- not entered waiting for time--- 9 : 15
 -- not entered waiting for time--- 9 : 15
 -- not entered waiting for time--- 9 : 15
 -- not entered waiting for time--- 9 : 15
 -- not entered waiting for time--- 9 : 15
 -- not entered waiting for time--- 9 : 15
 -- not entered waiting for time--- 9 : 15
 -- not entered waiting for time--- 9 : 15
 -- not entered waiting for time--- 9 : 15
 -- not entered waiting for time--- 9 : 15
 -- not entered waiting for time--- 9 : 15
 -- not entered waiting for time--- 9 : 15
 -- not entered waiting for time--- 9 : 15
 -- not entered waiting for time--- 9 : 15
 -- not entered waiting for time--- 9 : 15
 -- not entered waiting for time--- 9 : 15
 -- not entered waiting for time--- 9 : 15
 -- not entered waiting for time--- 9 : 15
 -- not entered waiting for time--- 9 : 15
 -- not entered waiting for time--- 9 : 15
 -- not entered waiting for time--- 9 : 15
 -- not entered waiting for time--- 9 : 15
 -- not entered waiting for time--- 9 : 15
 -- not entered waiting for time--- 9 : 15
 -- not entered waiting for time--- 9 : 15
 -- not entered waiting for time--- 9 : 15
 -- not entered waiting for time--- 9 : 15
 -- not entered waiting for time--- 9 : 15
 -- not entered waiting for time--- 9 : 15
 -- not entered waiting for time--- 9 : 15
 -- not entered waiting for time--- 9 : 15
 -- not entered waiting for time--- 9 : 15
 -- not entered waiting for time--- 9 : 15
 -- not entered waiting for time--- 9 : 15
 -- not entered waiting for time--- 9 : 15
 -- not entered waiting for time--- 9 : 15
 -- not entered waiting for time--- 9 : 15
 -- not entered waiting for time--- 9 : 15
 -- not entered waiting for time--- 9 : 16
 -- not entered waiting for time--- 9 : 16
 -- not entered waiting for time--- 9 : 16
 -- not entered waiting for time--- 9 : 16
 -- not entered waiting for time--- 9 : 16
 -- not entered waiting for time--- 9 : 16
 -- not entered waiting for time--- 9 : 16
 -- not entered waiting for time--- 9 : 16
 -- not entered waiting for time--- 9 : 16
 -- not entered waiting for time--- 9 : 16
 -- not entered waiting for time--- 9 : 16
 -- not entered waiting for time--- 9 : 16
 -- not entered waiting for time--- 9 : 16
 -- not entered waiting for time--- 9 : 16
 -- not entered waiting for time--- 9 : 16
 -- not entered waiting for time--- 9 : 16
 -- not entered waiting for time--- 9 : 16
 -- not entered waiting for time--- 9 : 16
 -- not entered waiting for time--- 9 : 16
 -- not entered waiting for time--- 9 : 16
 -- not entered waiting for time--- 9 : 16
 -- not entered waiting for time--- 9 : 16
 -- not entered waiting for time--- 9 : 16
 -- not entered waiting for time--- 9 : 16
 -- not entered waiting for time--- 9 : 16
 -- not entered waiting for time--- 9 : 16
 -- not entered waiting for time--- 9 : 16
 -- not entered waiting for time--- 9 : 16
 -- not entered waiting for time--- 9 : 16
 -- not entered waiting for time--- 9 : 16
 -- not entered waiting for time--- 9 : 16
 -- not entered waiting for time--- 9 : 16
 -- not entered waiting for time--- 9 : 16
 -- not entered waiting for time--- 9 : 16
 -- not entered waiting for time--- 9 : 16
 -- not entered waiting for time--- 9 : 16
 -- not entered waiting for time--- 9 : 16
 -- not entered waiting for time--- 9 : 16
 -- not entered waiting for time--- 9 : 16
 -- not entered waiting for time--- 9 : 16
 -- not entered waiting for time--- 9 : 16
 -- not entered waiting for time--- 9 : 16
 -- not entered waiting for time--- 9 : 16
 -- not entered waiting for time--- 9 : 16
 -- not entered waiting for time--- 9 : 16
 -- not entered waiting for time--- 9 : 16
 -- not entered waiting for time--- 9 : 16
 -- not entered waiting for time--- 9 : 16
 -- not entered waiting for time--- 9 : 16
 -- not entered waiting for time--- 9 : 16
 -- not entered waiting for time--- 9 : 16
 -- not entered waiting for time--- 9 : 16
 -- not entered waiting for time--- 9 : 16
 -- not entered waiting for time--- 9 : 16
 -- not entered waiting for time--- 9 : 16
 -- not entered waiting for time--- 9 : 16
 -- not entered waiting for time--- 9 : 16
 -- not entered waiting for time--- 9 : 16
 -- not entered waiting for time--- 9 : 16
 -- not entered waiting for time--- 9 : 16
Waiting for first candle to form. Current Second ==  0    2
Waiting for first candle to form. Current Second ==  1    2
Waiting for first candle to form. Current Second ==  2    2
Waiting for first candle to form. Current Second ==  3    2
Waiting for first candle to form. Current Second ==  4    2
Waiting for first candle to form. Current Second ==  5    2
Waiting for first candle to form. Current Second ==  6    2
Waiting for first candle to form. Current Second ==  7    2
Waiting for first candle to form. Current Second ==  8    2
Waiting for first candle to form. Current Second ==  9    2
Waiting for first candle to form. Current Second ==  10    2
Waiting for first candle to form. Current Second ==  11    2
Waiting for first candle to form. Current Second ==  12    2
Waiting for first candle to form. Current Second ==  13    2
Waiting for first candle to form. Current Second ==  14    2
Waiting for first candle to form. Current Second ==  15    2
Waiting for first candle to form. Current Second ==  16    2
Waiting for first candle to form. Current Second ==  17    2
Waiting for first candle to form. Current Second ==  18    2
Waiting for first candle to form. Current Second ==  19    2
Waiting for first candle to form. Current Second ==  20    2
Waiting for first candle to form. Current Second ==  21    2
Waiting for first candle to form. Current Second ==  22    2
Waiting for first candle to form. Current Second ==  23    2
Waiting for first candle to form. Current Second ==  24    2
Waiting for first candle to form. Current Second ==  25    2
Waiting for first candle to form. Current Second ==  26    2
Waiting for first candle to form. Current Second ==  27    2
Waiting for first candle to form. Current Second ==  28    2
Waiting for first candle to form. Current Second ==  29    2
Waiting for first candle to form. Current Second ==  30    2
Waiting for first candle to form. Current Second ==  31    2
Waiting for first candle to form. Current Second ==  32    2
Waiting for first candle to form. Current Second ==  33    2
Waiting for first candle to form. Current Second ==  34    2
Waiting for first candle to form. Current Second ==  35    2
Waiting for first candle to form. Current Second ==  36    2
Waiting for first candle to form. Current Second ==  37    2
Waiting for first candle to form. Current Second ==  38    2
Waiting for first candle to form. Current Second ==  39    2
Waiting for first candle to form. Current Second ==  40    2
Waiting for first candle to form. Current Second ==  41    2
Waiting for first candle to form. Current Second ==  42    2
Waiting for first candle to form. Current Second ==  43    2
Waiting for first candle to form. Current Second ==  44    2
Waiting for first candle to form. Current Second ==  45    2
Waiting for first candle to form. Current Second ==  46    2
Waiting for first candle to form. Current Second ==  47    2
Waiting for first candle to form. Current Second ==  48    2
Waiting for first candle to form. Current Second ==  49    2
Waiting for first candle to form. Current Second ==  50    2
Waiting for first candle to form. Current Second ==  51    2
Waiting for first candle to form. Current Second ==  52    2
Waiting for first candle to form. Current Second ==  53    2
Waiting for first candle to form. Current Second ==  54    2
Waiting for first candle to form. Current Second ==  55    2
Waiting for first candle to form. Current Second ==  56    2
Waiting for first candle to form. Current Second ==  57    2
Waiting for first candle to form. Current Second ==  58    2
Waiting for first candle to form. Current Second ==  59    2
India VIX = 13.61  Spot Price = 72532.87
VIX_PERCENTILES_FETCHED: P25= 11.15  P50= 11.74  P75= 12.63  Min= 10.38  Max= 13.75
IV Regime = HIGH (ADAPTIVE: P25= 11.15  P50= 11.74  P75= 12.63 ) | DailyRange = 1410.2 | 3minCandleRange = 74.2 (theoretical= 123.7 ) | ATMoptionMove = 33.4 | SL = 117 | Target = 117 | TrailTrigger = 33 | Spread = 400 | Buffer = 59
IV Params refreshed: {'vix': 13.61, 'bn_price': 72532.87, 'regime': 'HIGH', 'regime_thresholds': 'P25=11.15 P50=11.74 P75=12.63', 'daily_range': 1410.2, 'candle_range': 74.2, 'atm_option_move': 33.4, 'sl_point': 117, 'target_point': 117, 'sl_pct_of_premium': 0.1, 'trail_trigger': 33, 'spread_width': 400, 'support_resistance_buffer': 59}
IV_RANK_DATA: VIX_30d_High= 13.75  VIX_30d_Low= 10.38  Current= 13.61  IV_Rank= 0.96
===
====after 3 min ochain==== 2026-09-30 09:18:00.491386
                                    oipcr   choipcr   CE_OI / PE_OI (same strike)
pcr1 =  BSE:SENSEX26O0173300PE   0.18   -0.01 CALL added 139280   PUT unwind -1160  CE_OI=612820 PE_OI=107780
pcr2 =  BSE:SENSEX26O0173200CE   0.3   0.01 CALL added 145780   PUT added 1180  CE_OI=534580 PE_OI=158700
pcr3 =  BSE:SENSEX26O0173100PE   0.29   0.04 CALL added 128820   PUT added 5440  CE_OI=457200 PE_OI=133740
pcr4 =  BSE:SENSEX26O0173000PE   0.35   0.07 CALL added 400060   PUT added 27360  CE_OI=1468980 PE_OI=516940
pcr5 =  BSE:SENSEX26O0172900CE   0.32   0.07 CALL added 115900   PUT added 8360  CE_OI=404060 PE_OI=130040
pcr6 =  BSE:SENSEX26O0172800CE   0.41    0.1 CALL added 224180   PUT added 22320  CE_OI=561360 PE_OI=232440
pcr7 =  BSE:SENSEX26O0172700PE   0.68   0.27 CALL added 244980   PUT added 66620  CE_OI=472060 PE_OI=320760
pcr8 =  BSE:SENSEX26O0172600CE   0.83   0.64 CALL added 269760   PUT added 172500  CE_OI=576880 PE_OI=480940
pcr9 =  BSE:SENSEX26O0172500PE   1.43   1.26 CALL added 315140   PUT added 398300  CE_OI=1054120 PE_OI=1511480
pcr10 =  BSE:SENSEX26O0172400PE   2.61   2.54 CALL added 117820   PUT added 298740  CE_OI=330740 PE_OI=862300
pcr11 =  BSE:SENSEX26O0172300CE   3.24   4.26 CALL added 42340   PUT added 180560  CE_OI=246800 PE_OI=799560
pcr12 =  BSE:SENSEX26O0172200PE   4.56   6.04 CALL added 22260   PUT added 134360  CE_OI=162180 PE_OI=739000
pcr13 =  BSE:SENSEX26O0172100PE   8.22   4.76 CALL added 12560   PUT added 59780  CE_OI=80940 PE_OI=665060
pcr14 =  BSE:SENSEX26O0172000PE   9.25   9.16 CALL added 35460   PUT added 324760  CE_OI=187980 PE_OI=1739000
pcr15 =  BSE:SENSEX26O0171900PE   11.83   90.85 CALL added 1060   PUT added 96300  CE_OI=38400 PE_OI=454380
pcr16 =  BSE:SENSEX26O0171800PE   19.16   217.0 CALL added 460   PUT added 99820  CE_OI=23780 PE_OI=455580
pcr17 =  BSE:SENSEX26O0171700PE   33.89   -81.28 CALL unwind -1200   PUT added 97540  CE_OI=10260 PE_OI=347720
PCRSUM== 97.55
pcrSummation== 22.3
spotLTP =  72532.87  ATM_STRIKE =  72500
IS_ATM_STRIKE_SHIFT = False  mapStrike = {72500: 72500}
avgOiPcrList2 = [np.float64(5.74)] atmStrikeNotShiftedCount= 1
avgOiPcr9List2 = [np.float64(2.48)] atmStrikeNotShiftedCount= 1
False   1   1
SUPP_RES=== 72500  Buffer= 59
ANCHOR_COMPARE: spot=72532.87 fut=73255.05 basis(fut-spot)=722.18 | SR_spot(PRIMARY)=72500 SR_future=NOTRADEZONE SR_diff(fut-spot)=NA | PCRwin_spot(PRIMARY)=72500 PCRwin_future=73300
CEoich val =  315140.0  PEoich val =  398300.0 , CE < PE by 20.9%
SUPP_RES TOTAL OI: CE= 1054120  PE= 1511480 , CE < PE by 30.3%
INCR_CHOI: SUPP_RES=72500 role=SUPPORT first sighting (no prev cycle to diff) | cumulative CE=315140.0 PE=398300.0
FUT_SUPP_RES=== NOTRADEZONE
OI_SUPP_RES: spot=72532.87 ATM=72500 (win=±500 mode=OI) (ATM_CE_OI=1054120 ATM_PE_OI=1511480) | SUPPORT=72000PE OI=1739000 (dist=-500) | RESISTANCE=73000CE OI=1468980 (dist=500)
OI_SUPPORT=== 72000
OI_SUPPORT CEoich val = 35460.0  PEoich val = 324760.0 , CE < PE by 89.1%
OI_SUPPORT TOTAL OI: CE= 187980  PE= 1739000 , CE < PE by 89.2%
OI_RESISTANCE=== 73000
OI_RESISTANCE CEoich val = 400060.0  PEoich val = 27360.0 , CE > PE by 93.2%
OI_RESISTANCE TOTAL OI: CE= 1468980  PE= 516940 , CE > PE by 64.8%
IS_MORNING_WINDOW= True  (active 9:15-9:48 IST)
================================================
==== signal check time ==== 2026-09-30 09:18:01.518186
CHART_PATTERN_DETECTED: STRONG_MOMENTUM_BULL
  PATTERN_CONTEXT: Body= 229.1  Range= 74.2  ExpectedRange= 74.2  RangeRatio= 1.0  O= 73026.0  H= 73255.0  L= 73180.9  C= 73255.0
ATMStrike =  72500
AVG_OIPCR= 2.48
avgoiPCROld=  5.74
AVG_OIPCR_9STRIKE= 2.48  (pcr5..pcr13 = ATM +/-4, 9 strikes)
SUPP_RES = 72500
spotLTP = 72532.87
FUT LTP = 73255.05
CEchoi  PechOi = 315140.0    398300.0
====================================
atmPCR= 0.32  belowATM  0.41
CHOI_DOM_GATE: gate_on= True  bull_ok= False  bear_ok= False | isPE_DomSupp_once= False  fresh_PE= 0 | isCE_DomRes_once= False  fresh_CE= 0
India VIX = 13.35  Spot Price = 72652.89
IV Regime = HIGH (ADAPTIVE: P25= 11.15  P50= 11.74  P75= 12.63 ) | DailyRange = 1385.6 | 3minCandleRange = 72.9 (theoretical= 121.5 ) | ATMoptionMove = 32.8 | SL = 115 | Target = 115 | TrailTrigger = 33 | Spread = 300 | Buffer = 58
IV Params refreshed: {'vix': 13.35, 'bn_price': 72652.89, 'regime': 'HIGH', 'regime_thresholds': 'P25=11.15 P50=11.74 P75=12.63', 'daily_range': 1385.6, 'candle_range': 72.9, 'atm_option_move': 32.8, 'sl_point': 115, 'target_point': 115, 'sl_pct_of_premium': 0.1, 'trail_trigger': 33, 'spread_width': 300, 'support_resistance_buffer': 58}
===
====after 3 min ochain==== 2026-09-30 09:21:00.000002
                                    oipcr   choipcr   CE_OI / PE_OI (same strike)
pcr1 =  BSE:SENSEX26O0173500CE   0.13   0.0 CALL added 759780   PUT added 1460  CE_OI=1761540 PE_OI=227900
pcr2 =  BSE:SENSEX26O0173400PE   0.11   -0.01 CALL added 333140   PUT unwind -2060  CE_OI=745640 PE_OI=84220
pcr3 =  BSE:SENSEX26O0173300PE   0.16   0.05 CALL added 276040   PUT added 13740  CE_OI=749580 PE_OI=122680
pcr4 =  BSE:SENSEX26O0173200CE   0.21   0.01 CALL added 380300   PUT added 3160  CE_OI=769100 PE_OI=160680
pcr5 =  BSE:SENSEX26O0173100PE   0.24   0.04 CALL added 256220   PUT added 10080  CE_OI=584600 PE_OI=138380
pcr6 =  BSE:SENSEX26O0173000PE   0.3    0.1 CALL added 861640   PUT added 83860  CE_OI=1930560 PE_OI=573440
pcr7 =  BSE:SENSEX26O0172900CE   0.23   0.06 CALL added 326100   PUT added 20700  CE_OI=614260 PE_OI=142380
pcr8 =  BSE:SENSEX26O0172800CE   0.34   0.13 CALL added 458900   PUT added 61660  CE_OI=796080 PE_OI=271780
pcr9 =  BSE:SENSEX26O0172700PE   0.69   0.51 CALL added 554800   PUT added 282300  CE_OI=781880 PE_OI=536440
pcr10 =  BSE:SENSEX26O0172600CE   0.92   0.88 CALL added 574380   PUT added 505760  CE_OI=881500 PE_OI=814200
pcr11 =  BSE:SENSEX26O0172500PE   1.46   1.41 CALL added 691760   PUT added 973640  CE_OI=1430740 PE_OI=2086820
pcr12 =  BSE:SENSEX26O0172400PE   2.42   2.22 CALL added 249880   PUT added 555840  CE_OI=462800 PE_OI=1119400
pcr13 =  BSE:SENSEX26O0172300CE   3.38   4.15 CALL added 93900   PUT added 389220  CE_OI=298360 PE_OI=1008220
pcr14 =  BSE:SENSEX26O0172200PE   5.11   8.9 CALL added 29180   PUT added 259660  CE_OI=169100 PE_OI=864300
pcr15 =  BSE:SENSEX26O0172100PE   9.44   11.75 CALL added 17440   PUT added 204920  CE_OI=85820 PE_OI=810200
pcr16 =  BSE:SENSEX26O0172000PE   9.66   10.76 CALL added 53140   PUT added 571680  CE_OI=205660 PE_OI=1985920
pcr17 =  BSE:SENSEX26O0171900PE   14.13   79.38 CALL added 2600   PUT added 206400  CE_OI=39940 PE_OI=564480
PCRSUM== 48.93
pcrSummation== 9.98
spotLTP =  72652.89  ATM_STRIKE =  72700
IS_ATM_STRIKE_SHIFT = True  mapStrike = {72700: 72700}
avgOiPcrList2 = [np.float64(2.88)] atmStrikeNotShiftedCount= 1
avgOiPcr9List2 = [np.float64(1.11)] atmStrikeNotShiftedCount= 1
True   1   1
SUPP_RES=== 72500  Buffer= 58
ANCHOR_COMPARE: spot=72652.89 fut=73327.95 basis(fut-spot)=675.06 | SR_spot(PRIMARY)=72500 SR_future=73500 SR_diff(fut-spot)=1000 | PCRwin_spot(PRIMARY)=72700 PCRwin_future=73300
CEoich val =  691760.0  PEoich val =  973640.0 , CE < PE by 29.0%
SUPP_RES TOTAL OI: CE= 1430740  PE= 2086820 , CE < PE by 31.4%
INCR_CHOI: SUPP_RES=72500 role=SUPPORT fresh_CE=376620 fresh_PE=575340 -> PE_dominant by 34.5% (support HOLDING (bullish)) | cumulative CE=691760.0 PE=973640.0
==========================
FUT_SUPP_RES=== 73500  (FUT_LTP= 73327.95 ) Buffer= 58
FUT CEoich val =  759780.0  PEoich val =  1460.0 , CE > PE by 99.8%
FUT_SUPP_RES TOTAL OI: CE= 1761540  PE= 227900 , CE > PE by 87.1%
OI_SUPP_RES: spot=72652.89 ATM=72700 (win=±500 mode=OI) (ATM_CE_OI=781880 ATM_PE_OI=536440) | SUPPORT=72500PE OI=2086820 (dist=-200) | RESISTANCE=73000CE OI=1930560 (dist=300)
OI_SUPPORT=== 72500
OI_SUPPORT CEoich val = 691760.0  PEoich val = 973640.0 , CE < PE by 29.0%
OI_SUPPORT TOTAL OI: CE= 1430740  PE= 2086820 , CE < PE by 31.4%
OI_RESISTANCE=== 73000
OI_RESISTANCE CEoich val = 861640.0  PEoich val = 83860.0 , CE > PE by 90.3%
OI_RESISTANCE TOTAL OI: CE= 1930560  PE= 573440 , CE > PE by 70.3%
IS_MORNING_WINDOW= True  (active 9:15-9:48 IST)
================================================
==== signal check time ==== 2026-09-30 09:21:00.603190
CHART_PATTERN_DETECTED: DOUBLE_TOP_FORMING | STRONG_MOMENTUM_BULL
  PATTERN_CONTEXT: Body= 76.6  Range= 92.1  ExpectedRange= 72.9  RangeRatio= 1.26  O= 73251.3  H= 73328.0  L= 73235.8  C= 73328.0
isPE_DominantAtSupp_once = True  isPE_DominantAtSupp_twice = False  isPE_DominantAtSupp_trice = False (PE_supp_streak= 1 )
ATMStrike =  72700
AVG_OIPCR= 1.11
avgoiPCROld=  2.88
AVG_OIPCR_9STRIKE= 1.11  (pcr5..pcr13 = ATM +/-4, 9 strikes)
SUPP_RES = 72500
spotLTP = 72652.89
FUT LTP = 73327.95
CEchoi  PechOi = 691760.0    973640.0
====================================
atmPCR= 0.24  belowATM  0.3
CHOI_DOM_GATE: gate_on= True  bull_ok= True  bear_ok= False | isPE_DomSupp_once= True  fresh_PE= 575340 | isCE_DomRes_once= False  fresh_CE= 376620
India VIX = 13.35  Spot Price = 72674.33
IV Regime = HIGH (ADAPTIVE: P25= 11.15  P50= 11.74  P75= 12.63 ) | DailyRange = 1386.0 | 3minCandleRange = 72.9 (theoretical= 121.6 ) | ATMoptionMove = 32.8 | SL = 115 | Target = 115 | TrailTrigger = 33 | Spread = 300 | Buffer = 58
IV Params refreshed: {'vix': 13.35, 'bn_price': 72674.33, 'regime': 'HIGH', 'regime_thresholds': 'P25=11.15 P50=11.74 P75=12.63', 'daily_range': 1386.0, 'candle_range': 72.9, 'atm_option_move': 32.8, 'sl_point': 115, 'target_point': 115, 'sl_pct_of_premium': 0.1, 'trail_trigger': 33, 'spread_width': 300, 'support_resistance_buffer': 58}
===
====after 3 min ochain==== 2026-09-30 09:24:00.000002
                                    oipcr   choipcr   CE_OI / PE_OI (same strike)
pcr1 =  BSE:SENSEX26O0173500CE   0.12   0.01 CALL added 926340   PUT added 10120  CE_OI=1928100 PE_OI=236560
pcr2 =  BSE:SENSEX26O0173400PE   0.11   -0.0 CALL added 393620   PUT unwind -560  CE_OI=806120 PE_OI=85720
pcr3 =  BSE:SENSEX26O0173300PE   0.16   0.06 CALL added 338440   PUT added 19180  CE_OI=811980 PE_OI=128120
pcr4 =  BSE:SENSEX26O0173200CE   0.18   0.01 CALL added 501400   PUT added 7020  CE_OI=890200 PE_OI=164540
pcr5 =  BSE:SENSEX26O0173100PE   0.22   0.05 CALL added 332000   PUT added 17760  CE_OI=660380 PE_OI=146060
pcr6 =  BSE:SENSEX26O0173000PE   0.3    0.13 CALL added 1003220   PUT added 126320  CE_OI=2072140 PE_OI=615900
pcr7 =  BSE:SENSEX26O0172900CE   0.25   0.12 CALL added 412240   PUT added 51260  CE_OI=700400 PE_OI=172940
pcr8 =  BSE:SENSEX26O0172800CE   0.32   0.16 CALL added 635540   PUT added 102500  CE_OI=972720 PE_OI=312620
pcr9 =  BSE:SENSEX26O0172700PE   0.6   0.48 CALL added 946800   PUT added 455380  CE_OI=1173880 PE_OI=709520
pcr10 =  BSE:SENSEX26O0172600CE   0.99   0.98 CALL added 787520   PUT added 772800  CE_OI=1094640 PE_OI=1081240
pcr11 =  BSE:SENSEX26O0172500PE   1.76   2.08 CALL added 574080   PUT added 1194020  CE_OI=1313060 PE_OI=2307200
pcr12 =  BSE:SENSEX26O0172400PE   2.9   3.14 CALL added 228740   PUT added 718860  CE_OI=441660 PE_OI=1282420
pcr13 =  BSE:SENSEX26O0172300CE   3.49   4.32 CALL added 113080   PUT added 488400  CE_OI=317540 PE_OI=1107400
pcr14 =  BSE:SENSEX26O0172200PE   5.84   14.54 CALL added 24440   PUT added 355240  CE_OI=164360 PE_OI=959880
pcr15 =  BSE:SENSEX26O0172100PE   10.5   20.23 CALL added 11560   PUT added 233820  CE_OI=79940 PE_OI=839100
pcr16 =  BSE:SENSEX26O0172000PE   11.11   18.27 CALL added 39020   PUT added 712860  CE_OI=191540 PE_OI=2127100
pcr17 =  BSE:SENSEX26O0171900PE   16.07   127.1 CALL added 2180   PUT added 277080  CE_OI=39520 PE_OI=635160
PCRSUM== 54.92
pcrSummation== 10.83
spotLTP =  72674.33  ATM_STRIKE =  72700
IS_ATM_STRIKE_SHIFT = False  mapStrike = {72700: 72700}
avgOiPcrList2 = [np.float64(2.88), np.float64(3.23)] atmStrikeNotShiftedCount= 2
avgOiPcr9List2 = [np.float64(1.11), np.float64(1.2)] atmStrikeNotShiftedCount= 2
False   2   2
SUPP_RES=== 72500  Buffer= 58
ANCHOR_COMPARE: spot=72674.33 fut=73328.95 basis(fut-spot)=654.62 | SR_spot(PRIMARY)=72500 SR_future=73500 SR_diff(fut-spot)=1000 | PCRwin_spot(PRIMARY)=72700 PCRwin_future=73300
CEoich val =  574080.0  PEoich val =  1194020.0 , CE < PE by 51.9%
SUPP_RES TOTAL OI: CE= 1313060  PE= 2307200 , CE < PE by 43.1%
INCR_CHOI: SUPP_RES=72500 role=SUPPORT fresh_CE=-117680 fresh_PE=220380 -> PE_dominant by 153.4% (support HOLDING (bullish)) | cumulative CE=574080.0 PE=1194020.0
==========================
FUT_SUPP_RES=== 73500  (FUT_LTP= 73328.95 ) Buffer= 58
FUT CEoich val =  926340.0  PEoich val =  10120.0 , CE > PE by 98.9%
FUT_SUPP_RES TOTAL OI: CE= 1928100  PE= 236560 , CE > PE by 87.7%
OI_SUPP_RES: spot=72674.33 ATM=72700 (win=±500 mode=OI) (ATM_CE_OI=1173880 ATM_PE_OI=709520) | SUPPORT=72500PE OI=2307200 (dist=-200) | RESISTANCE=73000CE OI=2072140 (dist=300)
OI_SUPPORT=== 72500
OI_SUPPORT CEoich val = 574080.0  PEoich val = 1194020.0 , CE < PE by 51.9%
OI_SUPPORT TOTAL OI: CE= 1313060  PE= 2307200 , CE < PE by 43.1%
OI_RESISTANCE=== 73000
OI_RESISTANCE CEoich val = 1003220.0  PEoich val = 126320.0 , CE > PE by 87.4%
OI_RESISTANCE TOTAL OI: CE= 2072140  PE= 615900 , CE > PE by 70.3%
IS_MORNING_WINDOW= True  (active 9:15-9:48 IST)
================================================
==== signal check time ==== 2026-09-30 09:24:00.535315
CHART_PATTERN_DETECTED: HAMMER
  PATTERN_CONTEXT: Body= -34.1  Range= 113.0  ExpectedRange= 72.9  RangeRatio= 1.55  O= 73363.0  H= 73363.0  L= 73250.0  C= 73329.0
isPE_DominantAtSupp_once = True  isPE_DominantAtSupp_twice = True  isPE_DominantAtSupp_trice = False (PE_supp_streak= 2 )
ATMStrike =  72700
AVG_OIPCR= 1.2
avgoiPCROld=  3.23
AVG_OIPCR_9STRIKE= 1.2  (pcr5..pcr13 = ATM +/-4, 9 strikes)
SUPP_RES = 72500
spotLTP = 72674.33
FUT LTP = 73328.95
CEchoi  PechOi = 574080.0    1194020.0
====================================
atmPCR= 0.22  belowATM  0.3
CHOI_DOM_GATE: gate_on= True  bull_ok= True  bear_ok= False | isPE_DomSupp_once= True  fresh_PE= 220380 | isCE_DomRes_once= False  fresh_CE= -117680
India VIX = 13.31  Spot Price = 72736.82
IV Regime = HIGH (ADAPTIVE: P25= 11.15  P50= 11.74  P75= 12.63 ) | DailyRange = 1383.0 | 3minCandleRange = 72.8 (theoretical= 121.3 ) | ATMoptionMove = 32.8 | SL = 115 | Target = 115 | TrailTrigger = 33 | Spread = 300 | Buffer = 58
IV Params refreshed: {'vix': 13.31, 'bn_price': 72736.82, 'regime': 'HIGH', 'regime_thresholds': 'P25=11.15 P50=11.74 P75=12.63', 'daily_range': 1383.0, 'candle_range': 72.8, 'atm_option_move': 32.8, 'sl_point': 115, 'target_point': 115, 'sl_pct_of_premium': 0.1, 'trail_trigger': 33, 'spread_width': 300, 'support_resistance_buffer': 58}
===
====after 3 min ochain==== 2026-09-30 09:27:00.000001
                                    oipcr   choipcr   CE_OI / PE_OI (same strike)
pcr1 =  BSE:SENSEX26O0173500CE   0.11   0.01 CALL added 1109640   PUT added 9880  CE_OI=2111400 PE_OI=236320
pcr2 =  BSE:SENSEX26O0173400PE   0.09   -0.0 CALL added 565800   PUT unwind -280  CE_OI=978300 PE_OI=86000
pcr3 =  BSE:SENSEX26O0173300PE   0.14   0.05 CALL added 429020   PUT added 21340  CE_OI=902560 PE_OI=130280
pcr4 =  BSE:SENSEX26O0173200CE   0.19   0.03 CALL added 555040   PUT added 18440  CE_OI=943840 PE_OI=175960
pcr5 =  BSE:SENSEX26O0173100PE   0.2   0.05 CALL added 399960   PUT added 19800  CE_OI=728340 PE_OI=148100
pcr6 =  BSE:SENSEX26O0173000PE   0.24    0.06 CALL added 1265700   PUT added 75940  CE_OI=2334620 PE_OI=565520
pcr7 =  BSE:SENSEX26O0172900CE   0.25   0.14 CALL added 506320   PUT added 73340  CE_OI=794480 PE_OI=195020
pcr8 =  BSE:SENSEX26O0172800CE   0.35   0.23 CALL added 743920   PUT added 170140  CE_OI=1081100 PE_OI=380260
pcr9 =  BSE:SENSEX26O0172700PE   0.74   0.65 CALL added 946800   PUT added 617300  CE_OI=1173880 PE_OI=871440
pcr10 =  BSE:SENSEX26O0172600CE   1.02   1.03 CALL added 962500   PUT added 989100  CE_OI=1269620 PE_OI=1297540
pcr11 =  BSE:SENSEX26O0172500PE   1.85   2.27 CALL added 598460   PUT added 1359580  CE_OI=1337440 PE_OI=2472760
pcr12 =  BSE:SENSEX26O0172400PE   3.1   3.54 CALL added 222280   PUT added 786920  CE_OI=435200 PE_OI=1350480
pcr13 =  BSE:SENSEX26O0172300CE   3.62   4.82 CALL added 101380   PUT added 488400  CE_OI=305840 PE_OI=1107400
pcr14 =  BSE:SENSEX26O0172200PE   6.42   17.98 CALL added 25460   PUT added 457820  CE_OI=165380 PE_OI=1062460
pcr15 =  BSE:SENSEX26O0172100PE   10.31   17.93 CALL added 13040   PUT added 233820  CE_OI=81420 PE_OI=839100
pcr16 =  BSE:SENSEX26O0172000PE   11.87   22.0 CALL added 39020   PUT added 858560  CE_OI=191540 PE_OI=2272800
pcr17 =  BSE:SENSEX26O0171900PE   17.61   132.75 CALL added 2600   PUT added 345160  CE_OI=39940 PE_OI=703240
PCRSUM== 58.11
pcrSummation== 11.37
spotLTP =  72736.82  ATM_STRIKE =  72700
IS_ATM_STRIKE_SHIFT = False  mapStrike = {72700: 72700}
avgOiPcrList2 = [np.float64(2.88), np.float64(3.23), np.float64(3.42)] atmStrikeNotShiftedCount= 3
avgOiPcr9List2 = [np.float64(1.11), np.float64(1.2), np.float64(1.26)] atmStrikeNotShiftedCount= 3
False   3   3
SUPP_RES=== NOTRADEZONE  Buffer= 58
ANCHOR_COMPARE: spot=72736.82 fut=73310.3 basis(fut-spot)=573.48 | SR_spot(PRIMARY)=NOTRADEZONE SR_future=73500 SR_diff(fut-spot)=NA | PCRwin_spot(PRIMARY)=72700 PCRwin_future=73300
not found
==========================
FUT_SUPP_RES=== 73500  (FUT_LTP= 73310.3 ) Buffer= 58
FUT CEoich val =  1109640.0  PEoich val =  9880.0 , CE > PE by 99.1%
FUT_SUPP_RES TOTAL OI: CE= 2111400  PE= 236320 , CE > PE by 88.8%
OI_SUPP_RES: spot=72736.82 ATM=72700 (win=±500 mode=OI) (ATM_CE_OI=1173880 ATM_PE_OI=871440) | SUPPORT=72500PE OI=2472760 (dist=-200) | RESISTANCE=73000CE OI=2334620 (dist=300)
OI_SUPPORT=== 72500
OI_SUPPORT CEoich val = 598460.0  PEoich val = 1359580.0 , CE < PE by 56.0%
OI_SUPPORT TOTAL OI: CE= 1337440  PE= 2472760 , CE < PE by 45.9%
OI_RESISTANCE=== 73000
OI_RESISTANCE CEoich val = 1265700.0  PEoich val = 75940.0 , CE > PE by 94.0%
OI_RESISTANCE TOTAL OI: CE= 2334620  PE= 565520 , CE > PE by 75.8%
IS_MORNING_WINDOW= True  (active 9:15-9:48 IST)
================================================
==== signal check time ==== 2026-09-30 09:27:00.561290
CHART_PATTERN: None
isPcrInc9 = True
PCR9_SEQ_INC: 1.11 -> 1.2 -> 1.26 | pcr2 > pcr1 by +8.1% | pcr3 > pcr2 by +5.0%
isPcrInc = True
PCR_SEQ_INC: 2.88 -> 3.23 -> 3.42 | pcr2 > pcr1 by +12.2% | pcr3 > pcr2 by +5.9%
isPE_DominantAtSupp_once = True  isPE_DominantAtSupp_twice = True  isPE_DominantAtSupp_trice = False (PE_supp_streak= 2 )
ATMStrike =  72700
AVG_OIPCR= 1.26
avgoiPCROld=  3.42
AVG_OIPCR_9STRIKE= 1.26  (pcr5..pcr13 = ATM +/-4, 9 strikes)
SUPP_RES = NOTRADEZONE
spotLTP = 72736.82
FUT LTP = 73310.3
CEchoi  PechOi = 574080.0    1194020.0
====================================
atmPCR= 0.2  belowATM  0.24
CHOI_DOM_GATE: gate_on= True  bull_ok= True  bear_ok= False | isPE_DomSupp_once= True  fresh_PE= 220380 | isCE_DomRes_once= False  fresh_CE= -117680
no trade yet = [np.float64(2.88), np.float64(3.23), np.float64(3.42)]
India VIX = 13.33  Spot Price = 72705.03
IV Regime = HIGH (ADAPTIVE: P25= 11.15  P50= 11.74  P75= 12.63 ) | DailyRange = 1384.5 | 3minCandleRange = 72.9 (theoretical= 121.4 ) | ATMoptionMove = 32.8 | SL = 115 | Target = 115 | TrailTrigger = 33 | Spread = 300 | Buffer = 58
IV Params refreshed: {'vix': 13.33, 'bn_price': 72705.03, 'regime': 'HIGH', 'regime_thresholds': 'P25=11.15 P50=11.74 P75=12.63', 'daily_range': 1384.5, 'candle_range': 72.9, 'atm_option_move': 32.8, 'sl_point': 115, 'target_point': 115, 'sl_pct_of_premium': 0.1, 'trail_trigger': 33, 'spread_width': 300, 'support_resistance_buffer': 58}
===
====after 3 min ochain==== 2026-09-30 09:30:00.000002
                                    oipcr   choipcr   CE_OI / PE_OI (same strike)
pcr1 =  BSE:SENSEX26O0173500CE   0.11   0.01 CALL added 1214580   PUT added 12520  CE_OI=2216340 PE_OI=238960
pcr2 =  BSE:SENSEX26O0173400PE   0.1   0.01 CALL added 484480   PUT added 4640  CE_OI=896980 PE_OI=90920
pcr3 =  BSE:SENSEX26O0173300PE   0.15   0.08 CALL added 487160   PUT added 37960  CE_OI=960700 PE_OI=146900
pcr4 =  BSE:SENSEX26O0173200CE   0.19   0.04 CALL added 580620   PUT added 24220  CE_OI=969420 PE_OI=181740
pcr5 =  BSE:SENSEX26O0173100PE   0.2   0.07 CALL added 467460   PUT added 34160  CE_OI=795840 PE_OI=162460
pcr6 =  BSE:SENSEX26O0173000PE   0.23    0.06 CALL added 1401020   PUT added 85260  CE_OI=2469940 PE_OI=574840
pcr7 =  BSE:SENSEX26O0172900CE   0.26   0.19 CALL added 600860   PUT added 111380  CE_OI=889020 PE_OI=233060
pcr8 =  BSE:SENSEX26O0172800CE   0.43   0.37 CALL added 1033020   PUT added 380800  CE_OI=1370200 PE_OI=590920
pcr9 =  BSE:SENSEX26O0172700PE   0.78   0.73 CALL added 1310420   PUT added 951660  CE_OI=1537500 PE_OI=1205800
pcr10 =  BSE:SENSEX26O0172600CE   1.23   1.31 CALL added 890740   PUT added 1168620  CE_OI=1197860 PE_OI=1477060
pcr11 =  BSE:SENSEX26O0172500PE   2.21   3.22 CALL added 515860   PUT added 1659040  CE_OI=1254840 PE_OI=2772220
pcr12 =  BSE:SENSEX26O0172400PE   3.58   4.6 CALL added 195940   PUT added 901560  CE_OI=408860 PE_OI=1465120
pcr13 =  BSE:SENSEX26O0172300CE   4.43   8.29 CALL added 74100   PUT added 614600  CE_OI=278560 PE_OI=1233600
pcr14 =  BSE:SENSEX26O0172200PE   7.23   27.28 CALL added 20280   PUT added 553280  CE_OI=160200 PE_OI=1157920
pcr15 =  BSE:SENSEX26O0172100PE   12.54   35.3 CALL added 11080   PUT added 391140  CE_OI=79460 PE_OI=996420
pcr16 =  BSE:SENSEX26O0172000PE   12.65   24.03 CALL added 45260   PUT added 1087500  CE_OI=197780 PE_OI=2501740
pcr17 =  BSE:SENSEX26O0171900PE   19.41   220.93 CALL added 1820   PUT added 402100  CE_OI=39160 PE_OI=760180
PCRSUM== 65.73
pcrSummation== 13.35
spotLTP =  72704.82  ATM_STRIKE =  72700
IS_ATM_STRIKE_SHIFT = False  mapStrike = {72700: 72700}
avgOiPcrList2 = [np.float64(3.23), np.float64(3.42), np.float64(3.87)] atmStrikeNotShiftedCount= 4
avgOiPcr9List2 = [np.float64(1.2), np.float64(1.26), np.float64(1.48)] atmStrikeNotShiftedCount= 4
False   4   3
SUPP_RES=== 72500  Buffer= 58
ANCHOR_COMPARE: spot=72704.82 fut=73312.55 basis(fut-spot)=607.73 | SR_spot(PRIMARY)=72500 SR_future=73500 SR_diff(fut-spot)=1000 | PCRwin_spot(PRIMARY)=72700 PCRwin_future=73300
CEoich val =  515860.0  PEoich val =  1659040.0 , CE < PE by 68.9%
SUPP_RES TOTAL OI: CE= 1254840  PE= 2772220 , CE < PE by 54.7%
INCR_CHOI: SUPP_RES=72500 role=SUPPORT fresh_CE=-58220 fresh_PE=465020 -> PE_dominant by 112.5% (support HOLDING (bullish)) | cumulative CE=515860.0 PE=1659040.0
==========================
FUT_SUPP_RES=== 73500  (FUT_LTP= 73312.55 ) Buffer= 58
FUT CEoich val =  1214580.0  PEoich val =  12520.0 , CE > PE by 99.0%
FUT_SUPP_RES TOTAL OI: CE= 2216340  PE= 238960 , CE > PE by 89.2%
OI_SUPP_RES: spot=72704.82 ATM=72700 (win=±500 mode=OI) (ATM_CE_OI=1537500 ATM_PE_OI=1205800) | SUPPORT=72500PE OI=2772220 (dist=-200) | RESISTANCE=73000CE OI=2469940 (dist=300)
OI_SUPPORT=== 72500
OI_SUPPORT CEoich val = 515860.0  PEoich val = 1659040.0 , CE < PE by 68.9%
OI_SUPPORT TOTAL OI: CE= 1254840  PE= 2772220 , CE < PE by 54.7%
OI_RESISTANCE=== 73000
OI_RESISTANCE CEoich val = 1401020.0  PEoich val = 85260.0 , CE > PE by 93.9%
OI_RESISTANCE TOTAL OI: CE= 2469940  PE= 574840 , CE > PE by 76.7%
IS_MORNING_WINDOW= True  (active 9:15-9:48 IST)
================================================
==== signal check time ==== 2026-09-30 09:30:00.579996
CHART_PATTERN_DETECTED: SHOOTING_STAR
  PATTERN_CONTEXT: Body= -5.4  Range= 94.2  ExpectedRange= 72.9  RangeRatio= 1.29  O= 73318.0  H= 73406.6  L= 73312.4  C= 73312.6
isPcrInc9 = True
PCR9_SEQ_INC: 1.2 -> 1.26 -> 1.48 | pcr2 > pcr1 by +5.0% | pcr3 > pcr2 by +17.5%
isPcrInc = True
PCR_SEQ_INC: 3.23 -> 3.42 -> 3.87 | pcr2 > pcr1 by +5.9% | pcr3 > pcr2 by +13.2%
isPE_DominantAtSupp_once = True  isPE_DominantAtSupp_twice = True  isPE_DominantAtSupp_trice = True (PE_supp_streak= 3 )
ATMStrike =  72700
AVG_OIPCR= 1.48
avgoiPCROld=  3.87
AVG_OIPCR_9STRIKE= 1.48  (pcr5..pcr13 = ATM +/-4, 9 strikes)
SUPP_RES = 72500
spotLTP = 72704.82
FUT LTP = 73312.55
CEchoi  PechOi = 515860.0    1659040.0
====================================
atmPCR= 0.2  belowATM  0.23
CHOI_DOM_GATE: gate_on= True  bull_ok= True  bear_ok= False | isPE_DomSupp_once= True  fresh_PE= 465020 | isCE_DomRes_once= False  fresh_CE= -58220
In Bull trade, slCount =  0  (mode= LOGIC2_TREND_CONVERGENCE )
SPREAD_CALC_AT_ENTRY: SyntheticATMStrike= 72700  ATM_PE= 295.0  ATM_CE= 328.15  AvgATM= 311.57
ATM_GREEKS: CE=BSE:SENSEX26O0172700CE -> {'delta': 0.52, 'gamma': 0.0005, 'theta': -123.75, 'vega': 17.01, 'iv': 18.29}
ATM_GREEKS: PE=BSE:SENSEX26O0172700PE -> {'delta': -0.48, 'gamma': 0.0005, 'theta': -123.75, 'vega': 17.01, 'iv': 18.29}
ATM_IV: ce_iv=18.29 pe_iv=18.29 avg_atm_iv=18.29 iv_skew(PE-CE)=0.0
==================================================
SPREAD_SELECTION (Sensex weekly): Type= CREDIT | DTE= 1 | PremRatio= 0.5 | IVRank= 0.96
SPREAD_REASONS: DTE=1(weekly) | PremRatio=0.5 | IVRank=0.96 | DECISION:CREDIT (ALWAYS_CREDIT=True — debit disabled)
==================================================
SPREAD_DECISION_AT_ENTRY: {'type': 'CREDIT', 'score': 1, 'dte': 1, 'premium_ratio': 0.5, 'iv_rank': 0.96, 'vix_30d_high': 13.75, 'vix_30d_low': 10.38, 'reasons': ['DTE=1(weekly)', 'PremRatio=0.5', 'IVRank=0.96', 'DECISION:CREDIT (ALWAYS_CREDIT=True — debit disabled)']}
ENTRY_MAIN_STRIKE: 72700 ( CREDIT -> spotATM )
ENTRY_ROUTING: spread_type= CREDIT  isBullish= True  isBearish= False
IV-Dynamic: SL= 115  Target= 115  Spread= 300
CREDIT_MAIN_1OTM: bull sell PE strike= 72600 (synthATM 72700 - ONE_OTM 100 )
HEDGE_BY_DELTA: main=72600PE main_delta=-0.43 target_hedge_delta=0.215 nearest_strike=72100 nearest_delta=-0.22 -> snapped500=72000 (far_otm_snap) hedge=BSE:SENSEX26O0172000PE hedge_delta=-0.19
DELTA_CHECK: main=BSE:SENSEX26O0172600PE delta=-0.43
DELTA_CHECK: hedge=BSE:SENSEX26O0172000PE delta=-0.19
DELTA_CHECK: delta_ratio (|hedge|/|main|) = 0.442
=atmPE= BSE:SENSEX26O0172600PE
=otmPE== BSE:SENSEX26O0172000PE  entryPrice= 251.0  maxHedgePremium= 125.5
hedge_entry_price = 84.95
CREDIT_NET_CREDIT= 166.05
OPT_RANGE_DEBUG: symbol=BSE:SENSEX26O0172600PE | total_candles_after_skip1st=4 | ranges=[63.25, 48.4, 32.2, 19.5] | median_all=40.3
OPT_OHLC_ENTRY: symbol=BSE:SENSEX26O0172600PE | candles=4 | open=[307.0, 255.25, 256.25, 231.2] | high=[315.6, 292.65, 264.2, 244.5] | low=[252.35, 244.25, 232.0, 225.0] | close=[255.2, 257.25, 233.35, 244.5] | median_range=40.3
OPT_RANGE_DEBUG: symbol=BSE:SENSEX26O0172000PE | total_candles_after_skip1st=4 | ranges=[29.25, 18.3, 14.0, 7.35] | median_all=16.15
OPT_OHLC_ENTRY: symbol=BSE:SENSEX26O0172000PE | candles=4 | open=[112.4, 89.85, 88.25, 77.8] | high=[117.85, 103.3, 92.0, 82.65] | low=[88.6, 85.0, 78.0, 75.3] | close=[89.5, 88.3, 78.4, 82.45] | median_range=16.15
HEDGE_OFFSET: source=DELTA used_ratio=0.442 raw=0.442 | delta_ratio=0.442 range_ratio=0.401 premium_ratio=0.338 | (main_delta=-0.43 hedge_delta=-0.19 main_range=40.3 hedge_range=16.15) effective_sl=64 -> net_sl_points=35.72
RISK_SIZING: effective_sl_pre=64 main=251.0 hedge=84.95 main_range=40.3 hedge_range=16.15 FIXED_RISK=4000 -> qty=100 (5 lots)
CREDIT_ENTRY: qty= 100
MARGIN_CHECK: qty=100 (5 lots) margin_required=207166.06 avail=957981.29 usable(97%)=929241.85
9 : 30 : 1  =>  BUY   SENSEX26O0172000PE   100   MARKET
9 : 30 : 1  =>  SENSEX26O0172000PE {'code': 1101, 'message': 'Successfully placed order', 's': 'ok', 'id_fyers': 'd6432d3e-2956-4586-859d-2f5dbac83303', 'id': '26093000034848'}
entryPrice== 251.0 Target = 136  BSE:SENSEX26O0172600PE  SL = 366
9 : 30 : 2  =>  SELL   SENSEX26O0172600PE   100   MARKET
9 : 30 : 2  =>  SENSEX26O0172600PE {'code': 1101, 'message': 'Successfully placed order', 's': 'ok', 'id_fyers': '7d7ddecf-12a3-4a51-91cb-07ade0c993a9', 'id': '26093000034904'}
Exit OID:  {'code': 1101, 'message': 'Successfully placed order', 's': 'ok', 'id_fyers': '7d7ddecf-12a3-4a51-91cb-07ade0c993a9', 'id': '26093000034904'}   {'code': 1101, 'message': 'Successfully placed order', 's': 'ok', 'id_fyers': 'd6432d3e-2956-4586-859d-2f5dbac83303', 'id': '26093000034848'}
after entry tradeATMOption = BSE:SENSEX26O0172600PE
ENTRY_SL_TGT: spread= CREDIT  SL= 311.6  Target= 126.6  EntryPrem= 247.6  AnchorSrc= CANDLE_CLOSE  TrailTrigger= 60  SL_Source= OPTION_RANGE(median=40.3,SLx1.6,Tgtx3.0)  (iv_pts= 115  effective_sl= 64 )
09:31:00 In Trade ( CREDIT ). No Exit. ltp= 270.6  SL= 311.6  target= 126.6
09:32:01 In Trade ( CREDIT ). No Exit. ltp= 260.15  SL= 311.6  target= 126.6
09:33:00 In Trade ( CREDIT ). No Exit. ltp= 260.6  SL= 311.6  target= 126.6
09:34:00 In Trade ( CREDIT ). No Exit. ltp= 281.3  SL= 311.6  target= 126.6
09:35:01 In Trade ( CREDIT ). No Exit. ltp= 277.45  SL= 311.6  target= 126.6
09:36:00 In Trade ( CREDIT ). No Exit. ltp= 254.8  SL= 311.6  target= 126.6
09:37:01 In Trade ( CREDIT ). No Exit. ltp= 269.65  SL= 311.6  target= 126.6
09:38:00 In Trade ( CREDIT ). No Exit. ltp= 265.5  SL= 311.6  target= 126.6
09:39:01 In Trade ( CREDIT ). No Exit. ltp= 257.75  SL= 311.6  target= 126.6
09:40:00 In Trade ( CREDIT ). No Exit. ltp= 272.25  SL= 311.6  target= 126.6
09:41:00 In Trade ( CREDIT ). No Exit. ltp= 270.75  SL= 311.6  target= 126.6
09:42:01 In Trade ( CREDIT ). No Exit. ltp= 253.45  SL= 311.6  target= 126.6
09:43:00 In Trade ( CREDIT ). No Exit. ltp= 243.9  SL= 311.6  target= 126.6
09:44:01 In Trade ( CREDIT ). No Exit. ltp= 242.55  SL= 311.6  target= 126.6
09:45:00 In Trade ( CREDIT ). No Exit. ltp= 233.25  SL= 311.6  target= 126.6
09:46:00 In Trade ( CREDIT ). No Exit. ltp= 222.55  SL= 311.6  target= 126.6
09:47:01 In Trade ( CREDIT ). No Exit. ltp= 232.65  SL= 311.6  target= 126.6
09:48:00 In Trade ( CREDIT ). No Exit. ltp= 254.3  SL= 311.6  target= 126.6
09:49:01 In Trade ( CREDIT ). No Exit. ltp= 248.5  SL= 311.6  target= 126.6
09:50:00 In Trade ( CREDIT ). No Exit. ltp= 261.8  SL= 311.6  target= 126.6
09:51:01 In Trade ( CREDIT ). No Exit. ltp= 253.8  SL= 311.6  target= 126.6
09:52:01 In Trade ( CREDIT ). No Exit. ltp= 261.05  SL= 311.6  target= 126.6
09:53:00 In Trade ( CREDIT ). No Exit. ltp= 280.55  SL= 311.6  target= 126.6
09:54:01 In Trade ( CREDIT ). No Exit. ltp= 249.65  SL= 311.6  target= 126.6
09:55:00 In Trade ( CREDIT ). No Exit. ltp= 231.05  SL= 311.6  target= 126.6
09:56:01 In Trade ( CREDIT ). No Exit. ltp= 228.65  SL= 311.6  target= 126.6
09:57:01 In Trade ( CREDIT ). No Exit. ltp= 219.1  SL= 311.6  target= 126.6
09:58:00 In Trade ( CREDIT ). No Exit. ltp= 223.8  SL= 311.6  target= 126.6
09:59:01 In Trade ( CREDIT ). No Exit. ltp= 207.4  SL= 311.6  target= 126.6
10:00:00 In Trade ( CREDIT ). No Exit. ltp= 213.8  SL= 311.6  target= 126.6
10:01:01 In Trade ( CREDIT ). No Exit. ltp= 214.2  SL= 311.6  target= 126.6
10:02:00 In Trade ( CREDIT ). No Exit. ltp= 216.35  SL= 311.6  target= 126.6
10:03:00 In Trade ( CREDIT ). No Exit. ltp= 218.0  SL= 311.6  target= 126.6
10:04:01 In Trade ( CREDIT ). No Exit. ltp= 217.05  SL= 311.6  target= 126.6
10:05:00 In Trade ( CREDIT ). No Exit. ltp= 211.65  SL= 311.6  target= 126.6
10:06:01 In Trade ( CREDIT ). No Exit. ltp= 190.35  SL= 311.6  target= 126.6
TRAILING SL activated! SL moved to breakeven = 247.6
PYRAMID_MARGIN: qty=200 (10 lots) spread_req=397699 hedge_req=0 avail=775585 actual_avail_after_hedge=775585
10 : 6 : 18  =>  BUY   SENSEX26O0172000PE   200   MARKET
10 : 6 : 18  =>  SENSEX26O0172000PE {'code': 1101, 'message': 'Successfully placed order', 's': 'ok', 'id_fyers': '4b5f08c8-af72-4047-a6d3-5d897e8da534', 'id': '26093000090894'}
PYRAMID BUY BSE:SENSEX26O0172000PE qty=200 OID: {'code': 1101, 'message': 'Successfully placed order', 's': 'ok', 'id_fyers': '4b5f08c8-af72-4047-a6d3-5d897e8da534', 'id': '26093000090894'}
10 : 6 : 19  =>  SELL   SENSEX26O0172600PE   200   MARKET
10 : 6 : 19  =>  SENSEX26O0172600PE {'code': 1101, 'message': 'Successfully placed order', 's': 'ok', 'id_fyers': 'fc557ca1-41c3-4eaf-badf-ed242a875197', 'id': '26093000090909'}
PYRAMID SELL BSE:SENSEX26O0172600PE qty=200 OID: {'code': 1101, 'message': 'Successfully placed order', 's': 'ok', 'id_fyers': 'fc557ca1-41c3-4eaf-badf-ed242a875197', 'id': '26093000090909'}
PYRAMID_ADD: base_qty=100 wanted=200 added=200 (10 lots) | SELL BSE:SENSEX26O0172600PE + BUY BSE:SENSEX26O0172000PE | combined qty now 300 (SL=breakeven, same target for all)
10:07:01 In Trade ( CREDIT ). No Exit. ltp= 194.5  SL= 247.6  target= 126.6
10:08:00 In Trade ( CREDIT ). No Exit. ltp= 190.55  SL= 247.6  target= 126.6
10:09:01 In Trade ( CREDIT ). No Exit. ltp= 196.05  SL= 247.6  target= 126.6
10:10:00 In Trade ( CREDIT ). No Exit. ltp= 193.3  SL= 247.6  target= 126.6
10:11:00 In Trade ( CREDIT ). No Exit. ltp= 187.45  SL= 247.6  target= 126.6
10:12:01 In Trade ( CREDIT ). No Exit. ltp= 189.9  SL= 247.6  target= 126.6
10:13:00 In Trade ( CREDIT ). No Exit. ltp= 188.15  SL= 247.6  target= 126.6
10:14:01 In Trade ( CREDIT ). No Exit. ltp= 185.25  SL= 247.6  target= 126.6
10:15:00 In Trade ( CREDIT ). No Exit. ltp= 170.35  SL= 247.6  target= 126.6
10:16:00 In Trade ( CREDIT ). No Exit. ltp= 179.15  SL= 247.6  target= 126.6
10:17:01 In Trade ( CREDIT ). No Exit. ltp= 170.9  SL= 247.6  target= 126.6
10:18:00 In Trade ( CREDIT ). No Exit. ltp= 171.1  SL= 247.6  target= 126.6
10:19:01 In Trade ( CREDIT ). No Exit. ltp= 164.7  SL= 247.6  target= 126.6
10:20:00 In Trade ( CREDIT ). No Exit. ltp= 166.9  SL= 247.6  target= 126.6
10:22:01 In Trade ( CREDIT ). No Exit. ltp= 164.1  SL= 247.6  target= 126.6
10:23:00 In Trade ( CREDIT ). No Exit. ltp= 167.45  SL= 247.6  target= 126.6
10:24:01 In Trade ( CREDIT ). No Exit. ltp= 171.2  SL= 247.6  target= 126.6
10:25:00 In Trade ( CREDIT ). No Exit. ltp= 170.0  SL= 247.6  target= 126.6
10:26:01 In Trade ( CREDIT ). No Exit. ltp= 168.9  SL= 247.6  target= 126.6
10:27:00 In Trade ( CREDIT ). No Exit. ltp= 163.55  SL= 247.6  target= 126.6
10:28:00 In Trade ( CREDIT ). No Exit. ltp= 166.25  SL= 247.6  target= 126.6
10:29:01 In Trade ( CREDIT ). No Exit. ltp= 164.95  SL= 247.6  target= 126.6
10:30:00 In Trade ( CREDIT ). No Exit. ltp= 168.5  SL= 247.6  target= 126.6
10:31:01 In Trade ( CREDIT ). No Exit. ltp= 174.0  SL= 247.6  target= 126.6
10:32:00 In Trade ( CREDIT ). No Exit. ltp= 180.55  SL= 247.6  target= 126.6
10:33:00 In Trade ( CREDIT ). No Exit. ltp= 187.15  SL= 247.6  target= 126.6
10:34:01 In Trade ( CREDIT ). No Exit. ltp= 208.5  SL= 247.6  target= 126.6
10:35:00 In Trade ( CREDIT ). No Exit. ltp= 218.85  SL= 247.6  target= 126.6
10:36:01 In Trade ( CREDIT ). No Exit. ltp= 237.2  SL= 247.6  target= 126.6
10:37:00 In Trade ( CREDIT ). No Exit. ltp= 228.15  SL= 247.6  target= 126.6
10:39:01 In Trade ( CREDIT ). No Exit. ltp= 211.9  SL= 247.6  target= 126.6
10:40:00 In Trade ( CREDIT ). No Exit. ltp= 205.05  SL= 247.6  target= 126.6
10:41:01 In Trade ( CREDIT ). No Exit. ltp= 213.75  SL= 247.6  target= 126.6
10:42:00 In Trade ( CREDIT ). No Exit. ltp= 227.1  SL= 247.6  target= 126.6
10:44:01 In Trade ( CREDIT ). No Exit. ltp= 227.0  SL= 247.6  target= 126.6
10:45:00 In Trade ( CREDIT ). No Exit. ltp= 235.55  SL= 247.6  target= 126.6
10:46:01 In Trade ( CREDIT ). No Exit. ltp= 242.3  SL= 247.6  target= 126.6
LTP_SL_WATCH: ltp=247.7 SL=247.6 confirm=1/2
LTP_SL_WATCH: ltp=248.35 SL=247.6 confirm=1/2
LTP_SL_WATCH: ltp=247.95 SL=247.6 confirm=1/2
LTP_SL_WATCH: ltp=253.4 SL=247.6 confirm=2/2
SL Hit (LTP)
trailWithPyramidSLCount = 1 (trailed+pyramided reversed to breakeven)
REALIZED_OFFSET: main 247.6->253.4 (moved 5.8) hedge 84.95->80.5 (moved 4.45) assumed_ratio=0.4418604651162791 realized_ratio=0.767
10 : 47 : 0  =>  BUY   SENSEX26O0172600PE   300   MARKET
10 : 47 : 0  =>  SENSEX26O0172600PE {'code': 1101, 'message': 'Successfully placed order', 's': 'ok', 'id_fyers': 'e6eef7d7-e7a2-4cba-8060-9b5ee4b65e1a', 'id': '26093000143046'}
Exit main (BUY sold leg) OID:  {'code': 1101, 'message': 'Successfully placed order', 's': 'ok', 'id_fyers': 'e6eef7d7-e7a2-4cba-8060-9b5ee4b65e1a', 'id': '26093000143046'}
10 : 47 : 1  =>  SELL   SENSEX26O0172000PE   300   MARKET
10 : 47 : 1  =>  SENSEX26O0172000PE {'code': 1101, 'message': 'Successfully placed order', 's': 'ok', 'id_fyers': '6ef10617-22ba-4156-bebe-015f167f05e8', 'id': '26093000143085'}
Exit hedge (SELL bought leg) OID:  {'code': 1101, 'message': 'Successfully placed order', 's': 'ok', 'id_fyers': '6ef10617-22ba-4156-bebe-015f167f05e8', 'id': '26093000143085'}
India VIX = 13.31  Spot Price = 72698.31
IV Regime = HIGH (ADAPTIVE: P25= 11.15  P50= 11.74  P75= 12.63 ) | DailyRange = 1382.3 | 3minCandleRange = 72.7 (theoretical= 121.2 ) | ATMoptionMove = 32.7 | SL = 115 | Target = 115 | TrailTrigger = 33 | Spread = 300 | Buffer = 58
IV Params refreshed: {'vix': 13.31, 'bn_price': 72698.31, 'regime': 'HIGH', 'regime_thresholds': 'P25=11.15 P50=11.74 P75=12.63', 'daily_range': 1382.3, 'candle_range': 72.7, 'atm_option_move': 32.7, 'sl_point': 115, 'target_point': 115, 'sl_pct_of_premium': 0.1, 'trail_trigger': 33, 'spread_width': 300, 'support_resistance_buffer': 58}
===
====after 3 min ochain==== 2026-09-30 10:48:00.000004
                                    oipcr   choipcr   CE_OI / PE_OI (same strike)
pcr1 =  BSE:SENSEX26O0173500CE   0.11   0.03 CALL added 1424360   PUT added 37360  CE_OI=2426120 PE_OI=263800
pcr2 =  BSE:SENSEX26O0173400PE   0.07   -0.02 CALL added 636480   PUT unwind -9860  CE_OI=1048980 PE_OI=76420
pcr3 =  BSE:SENSEX26O0173300PE   0.15   0.09 CALL added 687680   PUT added 59940  CE_OI=1161220 PE_OI=168880
pcr4 =  BSE:SENSEX26O0173200CE   0.16   0.05 CALL added 812980   PUT added 37080  CE_OI=1201780 PE_OI=194600
pcr5 =  BSE:SENSEX26O0173100PE   0.19   0.1 CALL added 778840   PUT added 78680  CE_OI=1107220 PE_OI=206980
pcr6 =  BSE:SENSEX26O0173000PE   0.24    0.14 CALL added 2374940   PUT added 323440  CE_OI=3443860 PE_OI=813020
pcr7 =  BSE:SENSEX26O0172900CE   0.33   0.31 CALL added 1620880   PUT added 503540  CE_OI=1909040 PE_OI=625220
pcr8 =  BSE:SENSEX26O0172800CE   0.84   0.89 CALL added 1544220   PUT added 1375980  CE_OI=1881400 PE_OI=1586100
pcr9 =  BSE:SENSEX26O0172700PE   1.3   1.32 CALL added 1475700   PUT added 1955200  CE_OI=1702780 PE_OI=2209340
pcr10 =  BSE:SENSEX26O0172600CE   1.77   2.09 CALL added 728900   PUT added 1525720  CE_OI=1036020 PE_OI=1834160
pcr11 =  BSE:SENSEX26O0172500PE   3.38   7.97 CALL added 300420   PUT added 2395800  CE_OI=1039400 PE_OI=3508980
pcr12 =  BSE:SENSEX26O0172400PE   4.9   9.1 CALL added 114220   PUT added 1039640  CE_OI=327140 PE_OI=1603200
pcr13 =  BSE:SENSEX26O0172300CE   5.99   25.35 CALL added 31340   PUT added 794380  CE_OI=235800 PE_OI=1413380
pcr14 =  BSE:SENSEX26O0172200PE   9.12   46.7 CALL added 17880   PUT added 835020  CE_OI=157800 PE_OI=1439660
pcr15 =  BSE:SENSEX26O0172100PE   15.5   60.21 CALL added 10160   PUT added 611760  CE_OI=78540 PE_OI=1217040
pcr16 =  BSE:SENSEX26O0172000PE   18.77   48.28 CALL added 49100   PUT added 2370680  CE_OI=201620 PE_OI=3784920
pcr17 =  BSE:SENSEX26O0171900PE   23.34   305.38 CALL added 1820   PUT added 555800  CE_OI=39160 PE_OI=913880
PCRSUM== 86.16
pcrSummation== 18.94
spotLTP =  72698.31  ATM_STRIKE =  72700
IS_ATM_STRIKE_SHIFT = False  mapStrike = {72700: 72700}
avgOiPcrList2 = [np.float64(5.07)] atmStrikeNotShiftedCount= 1
avgOiPcr9List2 = [np.float64(2.1)] atmStrikeNotShiftedCount= 1
False   1   1
SUPP_RES=== 72500  Buffer= 58
ANCHOR_COMPARE: spot=72698.31 fut=73250.0 basis(fut-spot)=551.69 | SR_spot(PRIMARY)=72500 SR_future=NOTRADEZONE SR_diff(fut-spot)=NA | PCRwin_spot(PRIMARY)=72700 PCRwin_future=73200
CEoich val =  300420.0  PEoich val =  2395800.0 , CE < PE by 87.5%
SUPP_RES TOTAL OI: CE= 1039400  PE= 3508980 , CE < PE by 70.4%
INCR_CHOI: SUPP_RES=72500 role=SUPPORT fresh_CE=-215440 fresh_PE=736760 -> PE_dominant by 129.2% (support HOLDING (bullish)) | cumulative CE=300420.0 PE=2395800.0
FUT_SUPP_RES=== NOTRADEZONE
OI_SUPP_RES: spot=72698.31 ATM=72700 (win=±500 mode=CHOI) (ATM_CE_OI=1702780 ATM_PE_OI=2209340) | SUPPORT=72500PE CHOI=2395800 (dist=-200) | RESISTANCE=73000CE CHOI=2374940 (dist=300)
OI_SUPPORT=== 72500
OI_SUPPORT CEoich val = 300420.0  PEoich val = 2395800.0 , CE < PE by 87.5%
OI_SUPPORT TOTAL OI: CE= 1039400  PE= 3508980 , CE < PE by 70.4%
OI_RESISTANCE=== 73000
OI_RESISTANCE CEoich val = 2374940.0  PEoich val = 323440.0 , CE > PE by 86.4%
OI_RESISTANCE TOTAL OI: CE= 3443860  PE= 813020 , CE > PE by 76.4%
IS_MORNING_WINDOW= False  (active 9:15-9:48 IST)
================================================
==== signal check time ==== 2026-09-30 10:48:00.545747
CHART_PATTERN_DETECTED: INSIDE_BAR | DOUBLE_BOTTOM_FORMING
  PATTERN_CONTEXT: Body= -13.6  Range= 16.0  ExpectedRange= 72.7  RangeRatio= 0.22  O= 73263.6  H= 73266.0  L= 73250.0  C= 73250.0
isPE_DominantAtSupp_once = True  isPE_DominantAtSupp_twice = True  isPE_DominantAtSupp_trice = True (PE_supp_streak= 4 )
ATMStrike =  72700
AVG_OIPCR= 2.1
avgoiPCROld=  5.07
AVG_OIPCR_9STRIKE= 2.1  (pcr5..pcr13 = ATM +/-4, 9 strikes)
SUPP_RES = 72500
spotLTP = 72698.31
FUT LTP = 73250.0
CEchoi  PechOi = 300420.0    2395800.0
====================================
atmPCR= 0.19  belowATM  0.24
CHOI_DOM_GATE: gate_on= True  bull_ok= True  bear_ok= False | isPE_DomSupp_once= True  fresh_PE= 736760 | isCE_DomRes_once= False  fresh_CE= -215440
India VIX = 13.29  Spot Price = 72712.68
IV Regime = HIGH (ADAPTIVE: P25= 11.15  P50= 11.74  P75= 12.63 ) | DailyRange = 1380.5 | 3minCandleRange = 72.6 (theoretical= 121.1 ) | ATMoptionMove = 32.7 | SL = 114 | Target = 114 | TrailTrigger = 33 | Spread = 300 | Buffer = 58
IV Params refreshed: {'vix': 13.29, 'bn_price': 72712.68, 'regime': 'HIGH', 'regime_thresholds': 'P25=11.15 P50=11.74 P75=12.63', 'daily_range': 1380.5, 'candle_range': 72.6, 'atm_option_move': 32.7, 'sl_point': 114, 'target_point': 114, 'sl_pct_of_premium': 0.1, 'trail_trigger': 33, 'spread_width': 300, 'support_resistance_buffer': 58}
===
====after 3 min ochain==== 2026-09-30 10:51:00.000002
                                    oipcr   choipcr   CE_OI / PE_OI (same strike)
pcr1 =  BSE:SENSEX26O0173500CE   0.11   0.04 CALL added 1484840   PUT added 53160  CE_OI=2486600 PE_OI=279600
pcr2 =  BSE:SENSEX26O0173400PE   0.07   -0.02 CALL added 666800   PUT unwind -12300  CE_OI=1079300 PE_OI=73980
pcr3 =  BSE:SENSEX26O0173300PE   0.14   0.09 CALL added 685920   PUT added 58320  CE_OI=1159460 PE_OI=167260
pcr4 =  BSE:SENSEX26O0173200CE   0.16   0.04 CALL added 845960   PUT added 35520  CE_OI=1234760 PE_OI=193040
pcr5 =  BSE:SENSEX26O0173100PE   0.19   0.11 CALL added 780700   PUT added 86280  CE_OI=1109080 PE_OI=214580
pcr6 =  BSE:SENSEX26O0173000PE   0.22    0.11 CALL added 2437580   PUT added 277920  CE_OI=3506500 PE_OI=767500
pcr7 =  BSE:SENSEX26O0172900CE   0.29   0.27 CALL added 1654860   PUT added 442080  CE_OI=1943020 PE_OI=563760
pcr8 =  BSE:SENSEX26O0172800CE   0.75   0.78 CALL added 1628320   PUT added 1262560  CE_OI=1965500 PE_OI=1472680
pcr9 =  BSE:SENSEX26O0172700PE   1.17   1.17 CALL added 1637060   PUT added 1920840  CE_OI=1864140 PE_OI=2174980
pcr10 =  BSE:SENSEX26O0172600CE   1.57   1.78 CALL added 837460   PUT added 1491940  CE_OI=1144580 PE_OI=1800380
pcr11 =  BSE:SENSEX26O0172500PE   3.35   8.2 CALL added 280200   PUT added 2297360  CE_OI=1019180 PE_OI=3410540
pcr12 =  BSE:SENSEX26O0172400PE   4.77   8.83 CALL added 111640   PUT added 985900  CE_OI=324560 PE_OI=1549460
pcr13 =  BSE:SENSEX26O0172300CE   6.09   31.85 CALL added 24340   PUT added 775300  CE_OI=228800 PE_OI=1394300
pcr14 =  BSE:SENSEX26O0172200PE   8.68   33.76 CALL added 24340   PUT added 821740  CE_OI=164260 PE_OI=1426380
pcr15 =  BSE:SENSEX26O0172100PE   14.2   37.44 CALL added 15720   PUT added 588540  CE_OI=84100 PE_OI=1193820
pcr16 =  BSE:SENSEX26O0172000PE   17.9   41.86 CALL added 54880   PUT added 2297320  CE_OI=207400 PE_OI=3711560
pcr17 =  BSE:SENSEX26O0171900PE   22.8   241.13 CALL added 2260   PUT added 544960  CE_OI=39600 PE_OI=903040
PCRSUM== 82.46
pcrSummation== 18.4
spotLTP =  72712.68  ATM_STRIKE =  72700
IS_ATM_STRIKE_SHIFT = False  mapStrike = {72700: 72700}
avgOiPcrList2 = [np.float64(5.07), np.float64(4.85)] atmStrikeNotShiftedCount= 2
avgOiPcr9List2 = [np.float64(2.1), np.float64(2.04)] atmStrikeNotShiftedCount= 2
False   2   2
SUPP_RES=== 72500  Buffer= 58
ANCHOR_COMPARE: spot=72712.68 fut=73250.0 basis(fut-spot)=537.32 | SR_spot(PRIMARY)=72500 SR_future=NOTRADEZONE SR_diff(fut-spot)=NA | PCRwin_spot(PRIMARY)=72700 PCRwin_future=73200
CEoich val =  280200.0  PEoich val =  2297360.0 , CE < PE by 87.8%
SUPP_RES TOTAL OI: CE= 1019180  PE= 3410540 , CE < PE by 70.1%
INCR_CHOI: SUPP_RES=72500 role=SUPPORT fresh_CE=-20220 fresh_PE=-98440 -> CE_dominant by 79.5% (support UNDERMINED (bearish warning)) | cumulative CE=280200.0 PE=2297360.0
FUT_SUPP_RES=== NOTRADEZONE
OI_SUPP_RES: spot=72712.68 ATM=72700 (win=±500 mode=CHOI) (ATM_CE_OI=1864140 ATM_PE_OI=2174980) | SUPPORT=72500PE CHOI=2297360 (dist=-200) | RESISTANCE=73000CE CHOI=2437580 (dist=300)
OI_SUPPORT=== 72500
OI_SUPPORT CEoich val = 280200.0  PEoich val = 2297360.0 , CE < PE by 87.8%
OI_SUPPORT TOTAL OI: CE= 1019180  PE= 3410540 , CE < PE by 70.1%
OI_RESISTANCE=== 73000
OI_RESISTANCE CEoich val = 2437580.0  PEoich val = 277920.0 , CE > PE by 88.6%
OI_RESISTANCE TOTAL OI: CE= 3506500  PE= 767500 , CE > PE by 78.1%
IS_MORNING_WINDOW= False  (active 9:15-9:48 IST)
================================================
==== signal check time ==== 2026-09-30 10:51:00.569370
CHART_PATTERN_DETECTED: INSIDE_BAR | DOUBLE_BOTTOM_FORMING
  PATTERN_CONTEXT: Body= 0.0  Range= 0.0  ExpectedRange= 72.6  RangeRatio= 0.0  O= 73250.0  H= 73250.0  L= 73250.0  C= 73250.0
ATMStrike =  72700
AVG_OIPCR= 2.04
avgoiPCROld=  4.85
AVG_OIPCR_9STRIKE= 2.04  (pcr5..pcr13 = ATM +/-4, 9 strikes)
SUPP_RES = 72500
spotLTP = 72712.68
FUT LTP = 73250.0
CEchoi  PechOi = 280200.0    2297360.0
====================================
atmPCR= 0.19  belowATM  0.22
CHOI_DOM_GATE: gate_on= True  bull_ok= False  bear_ok= False | isPE_DomSupp_once= False  fresh_PE= -98440 | isCE_DomRes_once= False  fresh_CE= -20220
India VIX = 13.25  Spot Price = 72735.71
IV Regime = HIGH (ADAPTIVE: P25= 11.15  P50= 11.74  P75= 12.63 ) | DailyRange = 1376.8 | 3minCandleRange = 72.5 (theoretical= 120.8 ) | ATMoptionMove = 32.6 | SL = 114 | Target = 114 | TrailTrigger = 33 | Spread = 300 | Buffer = 58
IV Params refreshed: {'vix': 13.25, 'bn_price': 72735.71, 'regime': 'HIGH', 'regime_thresholds': 'P25=11.15 P50=11.74 P75=12.63', 'daily_range': 1376.8, 'candle_range': 72.5, 'atm_option_move': 32.6, 'sl_point': 114, 'target_point': 114, 'sl_pct_of_premium': 0.1, 'trail_trigger': 33, 'spread_width': 300, 'support_resistance_buffer': 58}
===
====after 3 min ochain==== 2026-09-30 10:54:00.000002
                                    oipcr   choipcr   CE_OI / PE_OI (same strike)
pcr1 =  BSE:SENSEX26O0173500CE   0.11   0.04 CALL added 1514880   PUT added 54900  CE_OI=2516640 PE_OI=281340
pcr2 =  BSE:SENSEX26O0173400PE   0.07   -0.02 CALL added 685640   PUT unwind -12360  CE_OI=1098140 PE_OI=73920
pcr3 =  BSE:SENSEX26O0173300PE   0.14   0.08 CALL added 728340   PUT added 56680  CE_OI=1201880 PE_OI=165620
pcr4 =  BSE:SENSEX26O0173200CE   0.16   0.04 CALL added 840080   PUT added 36620  CE_OI=1228880 PE_OI=194140
pcr5 =  BSE:SENSEX26O0173100PE   0.21   0.14 CALL added 790400   PUT added 112080  CE_OI=1118780 PE_OI=240380
pcr6 =  BSE:SENSEX26O0173000PE   0.22    0.11 CALL added 2433500   PUT added 276040  CE_OI=3502420 PE_OI=765620
pcr7 =  BSE:SENSEX26O0172900CE   0.29   0.27 CALL added 1650500   PUT added 438900  CE_OI=1938660 PE_OI=560580
pcr8 =  BSE:SENSEX26O0172800CE   0.75   0.77 CALL added 1633580   PUT added 1262860  CE_OI=1970760 PE_OI=1472980
pcr9 =  BSE:SENSEX26O0172700PE   1.19   1.2 CALL added 1618860   PUT added 1950700  CE_OI=1845940 PE_OI=2204840
pcr10 =  BSE:SENSEX26O0172600CE   1.64   1.88 CALL added 795260   PUT added 1496740  CE_OI=1102380 PE_OI=1805180
pcr11 =  BSE:SENSEX26O0172500PE   3.43   9.03 CALL added 253000   PUT added 2284520  CE_OI=991980 PE_OI=3397700
pcr12 =  BSE:SENSEX26O0172400PE   4.97   9.75 CALL added 103320   PUT added 1007000  CE_OI=316240 PE_OI=1570560
pcr13 =  BSE:SENSEX26O0172300CE   6.15   31.56 CALL added 25140   PUT added 793420  CE_OI=229600 PE_OI=1412420
pcr14 =  BSE:SENSEX26O0172200PE   8.74   35.41 CALL added 23160   PUT added 820140  CE_OI=163080 PE_OI=1424780
pcr15 =  BSE:SENSEX26O0172100PE   14.49   41.09 CALL added 14480   PUT added 594980  CE_OI=82860 PE_OI=1200260
pcr16 =  BSE:SENSEX26O0172000PE   17.99   42.75 CALL added 53740   PUT added 2297300  CE_OI=206260 PE_OI=3711540
pcr17 =  BSE:SENSEX26O0171900PE   23.47   272.58 CALL added 2080   PUT added 566960  CE_OI=39420 PE_OI=925040
PCRSUM== 84.02
pcrSummation== 18.85
spotLTP =  72735.71  ATM_STRIKE =  72700
IS_ATM_STRIKE_SHIFT = False  mapStrike = {72700: 72700}
avgOiPcrList2 = [np.float64(5.07), np.float64(4.85), np.float64(4.94)] atmStrikeNotShiftedCount= 3
avgOiPcr9List2 = [np.float64(2.1), np.float64(2.04), np.float64(2.09)] atmStrikeNotShiftedCount= 3
False   3   3
SUPP_RES=== NOTRADEZONE  Buffer= 58
ANCHOR_COMPARE: spot=72735.71 fut=73321.0 basis(fut-spot)=585.29 | SR_spot(PRIMARY)=NOTRADEZONE SR_future=73500 SR_diff(fut-spot)=NA | PCRwin_spot(PRIMARY)=72700 PCRwin_future=73300
not found
==========================
FUT_SUPP_RES=== 73500  (FUT_LTP= 73321.0 ) Buffer= 58
FUT CEoich val =  1514880.0  PEoich val =  54900.0 , CE > PE by 96.4%
FUT_SUPP_RES TOTAL OI: CE= 2516640  PE= 281340 , CE > PE by 88.8%
OI_SUPP_RES: spot=72735.71 ATM=72700 (win=±500 mode=CHOI) (ATM_CE_OI=1845940 ATM_PE_OI=2204840) | SUPPORT=72500PE CHOI=2284520 (dist=-200) | RESISTANCE=73000CE CHOI=2433500 (dist=300)
OI_SUPPORT=== 72500
OI_SUPPORT CEoich val = 253000.0  PEoich val = 2284520.0 , CE < PE by 88.9%
OI_SUPPORT TOTAL OI: CE= 991980  PE= 3397700 , CE < PE by 70.8%
OI_RESISTANCE=== 73000
OI_RESISTANCE CEoich val = 2433500.0  PEoich val = 276040.0 , CE > PE by 88.7%
OI_RESISTANCE TOTAL OI: CE= 3502420  PE= 765620 , CE > PE by 78.1%
IS_MORNING_WINDOW= False  (active 9:15-9:48 IST)
================================================
==== signal check time ==== 2026-09-30 10:54:00.547838
CHART_PATTERN_DETECTED: DOUBLE_TOP_FORMING | DOUBLE_BOTTOM_FORMING
  PATTERN_CONTEXT: Body= 30.4  Range= 30.4  ExpectedRange= 72.5  RangeRatio= 0.42  O= 73290.6  H= 73321.0  L= 73290.6  C= 73321.0
PCR9_SEQ_FLAT: 2.1 -> 2.04 -> 2.09 (not monotonic)
recent two = [np.float64(4.85), np.float64(4.94)]
ATMStrike =  72700
AVG_OIPCR= 2.09
avgoiPCROld=  4.94
AVG_OIPCR_9STRIKE= 2.09  (pcr5..pcr13 = ATM +/-4, 9 strikes)
SUPP_RES = NOTRADEZONE
spotLTP = 72735.71
FUT LTP = 73321.0
CEchoi  PechOi = 280200.0    2297360.0
====================================
atmPCR= 0.21  belowATM  0.22
CHOI_DOM_GATE: gate_on= True  bull_ok= False  bear_ok= False | isPE_DomSupp_once= False  fresh_PE= -98440 | isCE_DomRes_once= False  fresh_CE= -20220
India VIX = 13.3  Spot Price = 72699.06
IV Regime = HIGH (ADAPTIVE: P25= 11.15  P50= 11.74  P75= 12.63 ) | DailyRange = 1381.3 | 3minCandleRange = 72.7 (theoretical= 121.1 ) | ATMoptionMove = 32.7 | SL = 114 | Target = 114 | TrailTrigger = 33 | Spread = 300 | Buffer = 58
IV Params refreshed: {'vix': 13.3, 'bn_price': 72699.06, 'regime': 'HIGH', 'regime_thresholds': 'P25=11.15 P50=11.74 P75=12.63', 'daily_range': 1381.3, 'candle_range': 72.7, 'atm_option_move': 32.7, 'sl_point': 114, 'target_point': 114, 'sl_pct_of_premium': 0.1, 'trail_trigger': 33, 'spread_width': 300, 'support_resistance_buffer': 58}
===
====after 3 min ochain==== 2026-09-30 10:57:00.000003
                                    oipcr   choipcr   CE_OI / PE_OI (same strike)
pcr1 =  BSE:SENSEX26O0173500CE   0.11   0.04 CALL added 1535900   PUT added 54140  CE_OI=2537660 PE_OI=280580
pcr2 =  BSE:SENSEX26O0173400PE   0.07   -0.02 CALL added 682100   PUT unwind -12080  CE_OI=1094600 PE_OI=74200
pcr3 =  BSE:SENSEX26O0173300PE   0.14   0.08 CALL added 751380   PUT added 59380  CE_OI=1224920 PE_OI=168320
pcr4 =  BSE:SENSEX26O0173200CE   0.16   0.05 CALL added 837820   PUT added 38280  CE_OI=1226620 PE_OI=195800
pcr5 =  BSE:SENSEX26O0173100PE   0.22   0.15 CALL added 792220   PUT added 115400  CE_OI=1120600 PE_OI=243700
pcr6 =  BSE:SENSEX26O0173000PE   0.21    0.11 CALL added 2476780   PUT added 269860  CE_OI=3545700 PE_OI=759440
pcr7 =  BSE:SENSEX26O0172900CE   0.3   0.27 CALL added 1663460   PUT added 456860  CE_OI=1951620 PE_OI=578540
pcr8 =  BSE:SENSEX26O0172800CE   0.76   0.79 CALL added 1660760   PUT added 1307600  CE_OI=1997940 PE_OI=1517720
pcr9 =  BSE:SENSEX26O0172700PE   1.23   1.24 CALL added 1605880   PUT added 1992840  CE_OI=1832960 PE_OI=2246980
pcr10 =  BSE:SENSEX26O0172600CE   1.62   1.85 CALL added 805240   PUT added 1493240  CE_OI=1112360 PE_OI=1801680
pcr11 =  BSE:SENSEX26O0172500PE   3.45   9.05 CALL added 255720   PUT added 2313800  CE_OI=994700 PE_OI=3426980
pcr12 =  BSE:SENSEX26O0172400PE   5.03   9.89 CALL added 104260   PUT added 1031180  CE_OI=317180 PE_OI=1594740
pcr13 =  BSE:SENSEX26O0172300CE   6.13   29.05 CALL added 27640   PUT added 803080  CE_OI=232100 PE_OI=1422080
pcr14 =  BSE:SENSEX26O0172200PE   8.72   35.0 CALL added 23440   PUT added 820400  CE_OI=163360 PE_OI=1425040
pcr15 =  BSE:SENSEX26O0172100PE   14.41   38.06 CALL added 16080   PUT added 612020  CE_OI=84460 PE_OI=1217300
pcr16 =  BSE:SENSEX26O0172000PE   18.21   43.38 CALL added 54160   PUT added 2349440  CE_OI=206680 PE_OI=3763680
pcr17 =  BSE:SENSEX26O0171900PE   23.4   303.65 CALL added 1840   PUT added 558720  CE_OI=39180 PE_OI=916800
PCRSUM== 84.17
pcrSummation== 18.95
spotLTP =  72699.06  ATM_STRIKE =  72700
IS_ATM_STRIKE_SHIFT = False  mapStrike = {72700: 72700}
avgOiPcrList2 = [np.float64(4.85), np.float64(4.94), np.float64(4.95)] atmStrikeNotShiftedCount= 4
avgOiPcr9List2 = [np.float64(2.04), np.float64(2.09), np.float64(2.11)] atmStrikeNotShiftedCount= 4
False   4   3
SUPP_RES=== 72500  Buffer= 58
ANCHOR_COMPARE: spot=72699.06 fut=73300.0 basis(fut-spot)=600.94 | SR_spot(PRIMARY)=72500 SR_future=73500 SR_diff(fut-spot)=1000 | PCRwin_spot(PRIMARY)=72700 PCRwin_future=73300
CEoich val =  255720.0  PEoich val =  2313800.0 , CE < PE by 88.9%
SUPP_RES TOTAL OI: CE= 994700  PE= 3426980 , CE < PE by 71.0%
INCR_CHOI: SUPP_RES=72500 role=SUPPORT fresh_CE=-24480 fresh_PE=16440 -> PE_dominant by 167.2% (support HOLDING (bullish)) | cumulative CE=255720.0 PE=2313800.0
==========================
FUT_SUPP_RES=== 73500  (FUT_LTP= 73300.0 ) Buffer= 58
FUT CEoich val =  1535900.0  PEoich val =  54140.0 , CE > PE by 96.5%
FUT_SUPP_RES TOTAL OI: CE= 2537660  PE= 280580 , CE > PE by 88.9%
OI_SUPP_RES: spot=72699.06 ATM=72700 (win=±500 mode=CHOI) (ATM_CE_OI=1832960 ATM_PE_OI=2246980) | SUPPORT=72500PE CHOI=2313800 (dist=-200) | RESISTANCE=73000CE CHOI=2476780 (dist=300)
OI_SUPPORT=== 72500
OI_SUPPORT CEoich val = 255720.0  PEoich val = 2313800.0 , CE < PE by 88.9%
OI_SUPPORT TOTAL OI: CE= 994700  PE= 3426980 , CE < PE by 71.0%
OI_RESISTANCE=== 73000
OI_RESISTANCE CEoich val = 2476780.0  PEoich val = 269860.0 , CE > PE by 89.1%
OI_RESISTANCE TOTAL OI: CE= 3545700  PE= 759440 , CE > PE by 78.6%
IS_MORNING_WINDOW= False  (active 9:15-9:48 IST)
================================================
==== signal check time ==== 2026-09-30 10:57:00.529450
CHART_PATTERN_DETECTED: INSIDE_BAR
  PATTERN_CONTEXT: Body= -21.0  Range= 21.0  ExpectedRange= 72.7  RangeRatio= 0.29  O= 73321.0  H= 73321.0  L= 73300.0  C= 73300.0
isPcrInc9 = True
PCR9_SEQ_INC: 2.04 -> 2.09 -> 2.11 | pcr2 > pcr1 by +2.5% | pcr3 > pcr2 by +1.0%
isPcrInc = True
PCR_SEQ_INC: 4.85 -> 4.94 -> 4.95 | pcr2 > pcr1 by +1.9% | pcr3 > pcr2 by +0.2%
isPE_DominantAtSupp_once = True  isPE_DominantAtSupp_twice = False  isPE_DominantAtSupp_trice = False (PE_supp_streak= 1 )
ATMStrike =  72700
AVG_OIPCR= 2.11
avgoiPCROld=  4.95
AVG_OIPCR_9STRIKE= 2.11  (pcr5..pcr13 = ATM +/-4, 9 strikes)
SUPP_RES = 72500
spotLTP = 72699.06
FUT LTP = 73300.0
CEchoi  PechOi = 255720.0    2313800.0
====================================
atmPCR= 0.22  belowATM  0.21
CHOI_DOM_GATE: gate_on= True  bull_ok= True  bear_ok= False | isPE_DomSupp_once= True  fresh_PE= 16440 | isCE_DomRes_once= False  fresh_CE= -24480
In Bull trade, slCount =  0  (mode= LOGIC2_TREND_CONVERGENCE )
SPREAD_CALC_AT_ENTRY: SyntheticATMStrike= 72700  ATM_PE= 287.1  ATM_CE= 293.0  AvgATM= 290.05
ATM_GREEKS: CE=BSE:SENSEX26O0172700CE -> {'delta': 0.5, 'gamma': 0.0005, 'theta': -121.37, 'vega': 16.61, 'iv': 17.49}
ATM_GREEKS: PE=BSE:SENSEX26O0172700PE -> {'delta': -0.5, 'gamma': 0.0005, 'theta': -121.37, 'vega': 16.61, 'iv': 17.49}
ATM_IV: ce_iv=17.49 pe_iv=17.49 avg_atm_iv=17.49 iv_skew(PE-CE)=0.0
==================================================
SPREAD_SELECTION (Sensex weekly): Type= CREDIT | DTE= 1 | PremRatio= 0.47 | IVRank= 0.96
SPREAD_REASONS: DTE=1(weekly) | PremRatio=0.47 | IVRank=0.96 | DECISION:CREDIT (ALWAYS_CREDIT=True — debit disabled)
==================================================
SPREAD_DECISION_AT_ENTRY: {'type': 'CREDIT', 'score': 1, 'dte': 1, 'premium_ratio': 0.47, 'iv_rank': 0.96, 'vix_30d_high': 13.75, 'vix_30d_low': 10.38, 'reasons': ['DTE=1(weekly)', 'PremRatio=0.47', 'IVRank=0.96', 'DECISION:CREDIT (ALWAYS_CREDIT=True — debit disabled)']}
ENTRY_MAIN_STRIKE: 72700 ( CREDIT -> spotATM )
ENTRY_ROUTING: spread_type= CREDIT  isBullish= True  isBearish= False
IV-Dynamic: SL= 114  Target= 114  Spread= 300
CREDIT_MAIN_1OTM: bull sell PE strike= 72600 (synthATM 72700 - ONE_OTM 100 )
HEDGE_BY_DELTA: main=72600PE main_delta=-0.44 target_hedge_delta=0.22 nearest_strike=72100 nearest_delta=-0.21 -> snapped500=72000 (far_otm_snap) hedge=BSE:SENSEX26O0172000PE hedge_delta=-0.18
DELTA_CHECK: main=BSE:SENSEX26O0172600PE delta=-0.44
DELTA_CHECK: hedge=BSE:SENSEX26O0172000PE delta=-0.18
DELTA_CHECK: delta_ratio (|hedge|/|main|) = 0.409
=atmPE= BSE:SENSEX26O0172600PE
=otmPE== BSE:SENSEX26O0172000PE  entryPrice= 242.3  maxHedgePremium= 121.15
hedge_entry_price = 75.95
CREDIT_NET_CREDIT= 166.35
OPT_RANGE_DEBUG: symbol=BSE:SENSEX26O0172600PE | total_candles_after_skip1st=10 | ranges=[9.75, 24.4, 55.3, 31.7, 29.25, 20.75, 22.45, 20.95, 23.05, 33.45] | median_all=23.72
OPT_OHLC_ENTRY: symbol=BSE:SENSEX26O0172600PE | candles=10 | open=[162.65, 168.5, 188.7, 237.7, 213.55, 227.1, 239.25, 233.7, 229.2, 213.8] | high=[169.45, 192.9, 243.35, 239.4, 228.6, 240.35, 254.75, 243.9, 229.7, 242.0] | low=[159.7, 168.5, 188.05, 207.7, 199.35, 219.6, 232.3, 222.95, 206.65, 208.55] | close=[168.95, 187.15, 235.45, 210.55, 227.85, 235.55, 233.25, 230.05, 215.6, 242.0] | median_range=23.72
OPT_RANGE_DEBUG: symbol=BSE:SENSEX26O0172000PE | total_candles_after_skip1st=10 | ranges=[3.2, 9.7, 20.05, 13.8, 10.9, 8.4, 9.35, 9.3, 8.9, 12.45] | median_all=9.52
OPT_OHLC_ENTRY: symbol=BSE:SENSEX26O0172000PE | candles=10 | open=[49.35, 50.9, 58.6, 76.5, 63.85, 70.2, 74.8, 72.5, 70.95, 65.0] | high=[50.8, 60.4, 78.45, 76.5, 70.55, 75.75, 81.75, 77.1, 70.95, 75.55] | low=[47.6, 50.7, 58.4, 62.7, 59.65, 67.35, 72.4, 67.8, 62.05, 63.1] | close=[50.45, 58.3, 75.45, 63.7, 69.9, 73.75, 72.75, 70.7, 65.7, 75.55] | median_range=9.52
HEDGE_OFFSET: source=DELTA used_ratio=0.409 raw=0.409 | delta_ratio=0.409 range_ratio=0.401 premium_ratio=0.313 | (main_delta=-0.44 hedge_delta=-0.18 main_range=23.72 hedge_range=9.52) effective_sl=38 -> net_sl_points=22.45
RISK_SIZING: effective_sl_pre=38 main=242.3 hedge=75.95 main_range=23.72 hedge_range=9.52 FIXED_RISK=4000 -> qty=160 (8 lots)
CREDIT_ENTRY: qty= 160
MARGIN_CHECK: qty=160 (8 lots) margin_required=329994.99 avail=947953.29 usable(97%)=919514.69
10 : 57 : 1  =>  BUY   SENSEX26O0172000PE   160   MARKET
10 : 57 : 1  =>  SENSEX26O0172000PE {'code': 1101, 'message': 'Successfully placed order', 's': 'ok', 'id_fyers': '222a301a-90f3-40aa-900d-b4b00c90e716', 'id': '26093000152150'}
entryPrice== 242.3 Target = 128  BSE:SENSEX26O0172600PE  SL = 356
10 : 57 : 2  =>  SELL   SENSEX26O0172600PE   160   MARKET
10 : 57 : 2  =>  SENSEX26O0172600PE {'code': 1101, 'message': 'Successfully placed order', 's': 'ok', 'id_fyers': '0dfb2aec-9349-4cc7-823c-bb4afb3e3743', 'id': '26093000152157'}
Exit OID:  {'code': 1101, 'message': 'Successfully placed order', 's': 'ok', 'id_fyers': '0dfb2aec-9349-4cc7-823c-bb4afb3e3743', 'id': '26093000152157'}   {'code': 1101, 'message': 'Successfully placed order', 's': 'ok', 'id_fyers': '222a301a-90f3-40aa-900d-b4b00c90e716', 'id': '26093000152150'}
after entry tradeATMOption = BSE:SENSEX26O0172600PE
ENTRY_SL_TGT: spread= CREDIT  SL= 281.3  Target= 172.3  EntryPrem= 243.3  AnchorSrc= CANDLE_CLOSE  TrailTrigger= 36  SL_Source= OPTION_RANGE(median=23.72,SLx1.6,Tgtx3.0)  (iv_pts= 114  effective_sl= 38 )
10:58:00 In Trade ( CREDIT ). No Exit. ltp= 249.65  SL= 281.3  target= 172.3
10:59:01 In Trade ( CREDIT ). No Exit. ltp= 254.05  SL= 281.3  target= 172.3
11:00:00 In Trade ( CREDIT ). No Exit. ltp= 252.7  SL= 281.3  target= 172.3
11:01:00 In Trade ( CREDIT ). No Exit. ltp= 227.75  SL= 281.3  target= 172.3
TRAILING SL activated! SL moved to breakeven = 243.3
PYRAMID_MARGIN: qty=320 (16 lots) spread_req=639309 hedge_req=3525 avail=651546 actual_avail_after_hedge=648021
11 : 1 : 51  =>  BUY   SENSEX26O0172000PE   320   MARKET
11 : 1 : 51  =>  SENSEX26O0172000PE {'code': 1101, 'message': 'Successfully placed order', 's': 'ok', 'id_fyers': '81e76e7b-133f-42c6-a1a5-5fba6aaab5c0', 'id': '26093000158662'}
PYRAMID BUY BSE:SENSEX26O0172000PE qty=320 OID: {'code': 1101, 'message': 'Successfully placed order', 's': 'ok', 'id_fyers': '81e76e7b-133f-42c6-a1a5-5fba6aaab5c0', 'id': '26093000158662'}
11 : 1 : 51  =>  SELL   SENSEX26O0172600PE   320   MARKET
11 : 1 : 51  =>  SENSEX26O0172600PE {'code': 1101, 'message': 'Successfully placed order', 's': 'ok', 'id_fyers': '1b384a3e-a3e0-4446-8b91-2590401466ec', 'id': '26093000158695'}
PYRAMID SELL BSE:SENSEX26O0172600PE qty=320 OID: {'code': 1101, 'message': 'Successfully placed order', 's': 'ok', 'id_fyers': '1b384a3e-a3e0-4446-8b91-2590401466ec', 'id': '26093000158695'}
PYRAMID_ADD: base_qty=160 wanted=320 added=320 (16 lots) | SELL BSE:SENSEX26O0172600PE + BUY BSE:SENSEX26O0172000PE | combined qty now 480 (SL=breakeven, same target for all)
11:02:00 In Trade ( CREDIT ). No Exit. ltp= 200.35  SL= 243.3  target= 172.3
11:03:00 In Trade ( CREDIT ). No Exit. ltp= 193.4  SL= 243.3  target= 172.3
11:04:01 In Trade ( CREDIT ). No Exit. ltp= 194.25  SL= 243.3  target= 172.3
11:05:00 In Trade ( CREDIT ). No Exit. ltp= 194.95  SL= 243.3  target= 172.3
11:06:01 In Trade ( CREDIT ). No Exit. ltp= 193.85  SL= 243.3  target= 172.3
11:07:00 In Trade ( CREDIT ). No Exit. ltp= 194.5  SL= 243.3  target= 172.3
11:08:00 In Trade ( CREDIT ). No Exit. ltp= 205.5  SL= 243.3  target= 172.3
11:09:01 In Trade ( CREDIT ). No Exit. ltp= 200.45  SL= 243.3  target= 172.3
11:10:00 In Trade ( CREDIT ). No Exit. ltp= 209.7  SL= 243.3  target= 172.3
11:11:01 In Trade ( CREDIT ). No Exit. ltp= 206.0  SL= 243.3  target= 172.3
11:12:00 In Trade ( CREDIT ). No Exit. ltp= 213.75  SL= 243.3  target= 172.3
11:13:00 In Trade ( CREDIT ). No Exit. ltp= 219.8  SL= 243.3  target= 172.3
11:14:01 In Trade ( CREDIT ). No Exit. ltp= 234.95  SL= 243.3  target= 172.3
LTP_SL_WATCH: ltp=243.3 SL=243.3 confirm=1/2
LTP_SL_WATCH: ltp=243.7 SL=243.3 confirm=2/2
SL Hit (LTP)
trailWithPyramidSLCount = 2 (trailed+pyramided reversed to breakeven)
REALIZED_OFFSET: main 243.3->243.7 (moved 0.4) hedge 75.95->75.7 (moved 0.25) assumed_ratio=0.40909090909090906 realized_ratio=0.625
11 : 14 : 48  =>  BUY   SENSEX26O0172600PE   480   MARKET
11 : 14 : 48  =>  SENSEX26O0172600PE {'code': 1101, 'message': 'Successfully placed order', 's': 'ok', 'id_fyers': '453730ba-9d23-45e7-9ec3-989a6ef00530', 'id': '26093000170556'}
Exit main (BUY sold leg) OID:  {'code': 1101, 'message': 'Successfully placed order', 's': 'ok', 'id_fyers': '453730ba-9d23-45e7-9ec3-989a6ef00530', 'id': '26093000170556'}
11 : 14 : 48  =>  SELL   SENSEX26O0172000PE   480   MARKET
11 : 14 : 48  =>  SENSEX26O0172000PE {'code': 1101, 'message': 'Successfully placed order', 's': 'ok', 'id_fyers': '35ded885-dc9d-49ca-ba11-7d4db4a16c5d', 'id': '26093000170579'}
Exit hedge (SELL bought leg) OID:  {'code': 1101, 'message': 'Successfully placed order', 's': 'ok', 'id_fyers': '35ded885-dc9d-49ca-ba11-7d4db4a16c5d', 'id': '26093000170579'}
India VIX = 13.37  Spot Price = 72667.22
IV Regime = HIGH (ADAPTIVE: P25= 11.15  P50= 11.74  P75= 12.63 ) | DailyRange = 1387.9 | 3minCandleRange = 73.0 (theoretical= 121.7 ) | ATMoptionMove = 32.9 | SL = 115 | Target = 115 | TrailTrigger = 33 | Spread = 300 | Buffer = 58
IV Params refreshed: {'vix': 13.37, 'bn_price': 72667.22, 'regime': 'HIGH', 'regime_thresholds': 'P25=11.15 P50=11.74 P75=12.63', 'daily_range': 1387.9, 'candle_range': 73.0, 'atm_option_move': 32.9, 'sl_point': 115, 'target_point': 115, 'sl_pct_of_premium': 0.1, 'trail_trigger': 33, 'spread_width': 300, 'support_resistance_buffer': 58}
===
====after 3 min ochain==== 2026-09-30 11:15:00.000003
                                    oipcr   choipcr   CE_OI / PE_OI (same strike)
pcr1 =  BSE:SENSEX26O0173500CE   0.1   0.02 CALL added 1738160   PUT added 41640  CE_OI=2739920 PE_OI=268080
pcr2 =  BSE:SENSEX26O0173400PE   0.07   -0.02 CALL added 699840   PUT unwind -12700  CE_OI=1112340 PE_OI=73580
pcr3 =  BSE:SENSEX26O0173300PE   0.12   0.05 CALL added 740440   PUT added 39360  CE_OI=1213980 PE_OI=148300
pcr4 =  BSE:SENSEX26O0173200CE   0.15   0.05 CALL added 931600   PUT added 42780  CE_OI=1320400 PE_OI=200300
pcr5 =  BSE:SENSEX26O0173100PE   0.18   0.09 CALL added 788020   PUT added 73280  CE_OI=1116400 PE_OI=201580
pcr6 =  BSE:SENSEX26O0173000PE   0.21    0.11 CALL added 2407140   PUT added 253380  CE_OI=3476060 PE_OI=742960
pcr7 =  BSE:SENSEX26O0172900CE   0.3   0.28 CALL added 1486320   PUT added 409460  CE_OI=1774480 PE_OI=531140
pcr8 =  BSE:SENSEX26O0172800CE   0.76   0.79 CALL added 1715340   PUT added 1352360  CE_OI=2052520 PE_OI=1562480
pcr9 =  BSE:SENSEX26O0172700PE   1.27   1.29 CALL added 1638160   PUT added 2115280  CE_OI=1865240 PE_OI=2369420
pcr10 =  BSE:SENSEX26O0172600CE   1.8   2.15 CALL added 711320   PUT added 1529520  CE_OI=1018440 PE_OI=1837960
pcr11 =  BSE:SENSEX26O0172500PE   3.47   9.6 CALL added 236160   PUT added 2266920  CE_OI=975140 PE_OI=3380100
pcr12 =  BSE:SENSEX26O0172400PE   4.91   9.14 CALL added 113540   PUT added 1038120  CE_OI=326460 PE_OI=1601680
pcr13 =  BSE:SENSEX26O0172300CE   6.34   44.32 CALL added 17840   PUT added 790640  CE_OI=222300 PE_OI=1409640
pcr14 =  BSE:SENSEX26O0172200PE   8.61   39.86 CALL added 19200   PUT added 765220  CE_OI=159120 PE_OI=1369860
pcr15 =  BSE:SENSEX26O0172100PE   13.6   33.11 CALL added 16640   PUT added 551020  CE_OI=85020 PE_OI=1156300
pcr16 =  BSE:SENSEX26O0172000PE   19.46   51.2 CALL added 48920   PUT added 2504860  CE_OI=201440 PE_OI=3919100
pcr17 =  BSE:SENSEX26O0171900PE   23.91   617.84 CALL added 900   PUT added 556060  CE_OI=38240 PE_OI=914140
PCRSUM== 85.26
pcrSummation== 19.24
spotLTP =  72667.22  ATM_STRIKE =  72700
IS_ATM_STRIKE_SHIFT = False  mapStrike = {72700: 72700}
avgOiPcrList2 = [np.float64(5.02)] atmStrikeNotShiftedCount= 1
avgOiPcr9List2 = [np.float64(2.14)] atmStrikeNotShiftedCount= 1
False   1   1
SUPP_RES=== 72500  Buffer= 58
ANCHOR_COMPARE: spot=72667.22 fut=73272.2 basis(fut-spot)=604.98 | SR_spot(PRIMARY)=72500 SR_future=73500 SR_diff(fut-spot)=1000 | PCRwin_spot(PRIMARY)=72700 PCRwin_future=73300
CEoich val =  236160.0  PEoich val =  2266920.0 , CE < PE by 89.6%
SUPP_RES TOTAL OI: CE= 975140  PE= 3380100 , CE < PE by 71.2%
INCR_CHOI: SUPP_RES=72500 role=SUPPORT fresh_CE=-19560 fresh_PE=-46880 -> CE_dominant by 58.3% (support UNDERMINED (bearish warning)) | cumulative CE=236160.0 PE=2266920.0
==========================
FUT_SUPP_RES=== 73500  (FUT_LTP= 73272.2 ) Buffer= 58
FUT CEoich val =  1738160.0  PEoich val =  41640.0 , CE > PE by 97.6%
FUT_SUPP_RES TOTAL OI: CE= 2739920  PE= 268080 , CE > PE by 90.2%
OI_SUPP_RES: spot=72667.22 ATM=72700 (win=±500 mode=CHOI) (ATM_CE_OI=1865240 ATM_PE_OI=2369420) | SUPPORT=72500PE CHOI=2266920 (dist=-200) | RESISTANCE=73000CE CHOI=2407140 (dist=300)
OI_SUPPORT=== 72500
OI_SUPPORT CEoich val = 236160.0  PEoich val = 2266920.0 , CE < PE by 89.6%
OI_SUPPORT TOTAL OI: CE= 975140  PE= 3380100 , CE < PE by 71.2%
OI_RESISTANCE=== 73000
OI_RESISTANCE CEoich val = 2407140.0  PEoich val = 253380.0 , CE > PE by 89.5%
OI_RESISTANCE TOTAL OI: CE= 3476060  PE= 742960 , CE > PE by 78.6%
IS_MORNING_WINDOW= False  (active 9:15-9:48 IST)
================================================
==== signal check time ==== 2026-09-30 11:15:00.644478
CHART_PATTERN_DETECTED: DOUBLE_TOP_FORMING
  PATTERN_CONTEXT: Body= -38.2  Range= 38.2  ExpectedRange= 73.0  RangeRatio= 0.52  O= 73310.4  H= 73310.4  L= 73272.2  C= 73272.2
ATMStrike =  72700
AVG_OIPCR= 2.14
avgoiPCROld=  5.02
AVG_OIPCR_9STRIKE= 2.14  (pcr5..pcr13 = ATM +/-4, 9 strikes)
SUPP_RES = 72500
spotLTP = 72667.22
FUT LTP = 73272.2
CEchoi  PechOi = 236160.0    2266920.0
====================================
atmPCR= 0.18  belowATM  0.21
CHOI_DOM_GATE: gate_on= True  bull_ok= False  bear_ok= False | isPE_DomSupp_once= False  fresh_PE= -46880 | isCE_DomRes_once= False  fresh_CE= -19560
India VIX = 13.49  Spot Price = 72590.78
IV Regime = HIGH (ADAPTIVE: P25= 11.15  P50= 11.74  P75= 12.63 ) | DailyRange = 1398.9 | 3minCandleRange = 73.6 (theoretical= 122.7 ) | ATMoptionMove = 33.1 | SL = 116 | Target = 116 | TrailTrigger = 33 | Spread = 300 | Buffer = 59
IV Params refreshed: {'vix': 13.49, 'bn_price': 72590.78, 'regime': 'HIGH', 'regime_thresholds': 'P25=11.15 P50=11.74 P75=12.63', 'daily_range': 1398.9, 'candle_range': 73.6, 'atm_option_move': 33.1, 'sl_point': 116, 'target_point': 116, 'sl_pct_of_premium': 0.1, 'trail_trigger': 33, 'spread_width': 300, 'support_resistance_buffer': 59}
===
====after 3 min ochain==== 2026-09-30 11:18:00.000003
                                    oipcr   choipcr   CE_OI / PE_OI (same strike)
pcr1 =  BSE:SENSEX26O0173400PE   0.07   -0.02 CALL added 659100   PUT unwind -16260  CE_OI=1071600 PE_OI=70020
pcr2 =  BSE:SENSEX26O0173300PE   0.1   0.03 CALL added 794520   PUT added 20020  CE_OI=1268060 PE_OI=128960
pcr3 =  BSE:SENSEX26O0173200CE   0.15   0.03 CALL added 883400   PUT added 30340  CE_OI=1272200 PE_OI=187860
pcr4 =  BSE:SENSEX26O0173100PE   0.16   0.07 CALL added 756240   PUT added 50600  CE_OI=1084620 PE_OI=178900
pcr5 =  BSE:SENSEX26O0173000PE   0.18   0.07 CALL added 2547900   PUT added 173220  CE_OI=3616820 PE_OI=662800
pcr6 =  BSE:SENSEX26O0172900CE   0.23    0.2 CALL added 1503080   PUT added 293280  CE_OI=1791240 PE_OI=414960
pcr7 =  BSE:SENSEX26O0172800CE   0.62   0.62 CALL added 1759900   PUT added 1099120  CE_OI=2097080 PE_OI=1309240
pcr8 =  BSE:SENSEX26O0172700PE   1.0   0.99 CALL added 1883000   PUT added 1859800  CE_OI=2110080 PE_OI=2113940
pcr9 =  BSE:SENSEX26O0172600CE   1.48   1.64 CALL added 899380   PUT added 1474820  CE_OI=1206500 PE_OI=1783260
pcr10 =  BSE:SENSEX26O0172500PE   2.87   5.72 CALL added 352980   PUT added 2019900  CE_OI=1091960 PE_OI=3133080
pcr11 =  BSE:SENSEX26O0172400PE   4.3   6.85 CALL added 137680   PUT added 943660  CE_OI=350600 PE_OI=1507220
pcr12 =  BSE:SENSEX26O0172300CE   5.03   11.88 CALL added 59640   PUT added 708740  CE_OI=264100 PE_OI=1327740
pcr13 =  BSE:SENSEX26O0172200PE   7.41   21.77 CALL added 30040   PUT added 653960  CE_OI=169960 PE_OI=1258600
pcr14 =  BSE:SENSEX26O0172100PE   12.08   22.32 CALL added 21560   PUT added 481140  CE_OI=89940 PE_OI=1086420
pcr15 =  BSE:SENSEX26O0172000PE   16.83   33.29 CALL added 69980   PUT added 2329460  CE_OI=222500 PE_OI=3743700
pcr16 =  BSE:SENSEX26O0171900PE   22.24   258.38 CALL added 2000   PUT added 516760  CE_OI=39340 PE_OI=874840
pcr17 =  BSE:SENSEX26O0171800PE   43.78   -539.7 CALL unwind -1140   PUT added 615260  CE_OI=22180 PE_OI=971020
PCRSUM== 118.53
pcrSummation== 23.12
spotLTP =  72587.59  ATM_STRIKE =  72600
IS_ATM_STRIKE_SHIFT = True  mapStrike = {72600: 72600}
avgOiPcrList2 = [np.float64(6.97)] atmStrikeNotShiftedCount= 1
avgOiPcr9List2 = [np.float64(2.57)] atmStrikeNotShiftedCount= 1
True   1   1
SUPP_RES=== 72500  Buffer= 59
ANCHOR_COMPARE: spot=72587.59 fut=73180.0 basis(fut-spot)=592.41 | SR_spot(PRIMARY)=72500 SR_future=73000 SR_diff(fut-spot)=500 | PCRwin_spot(PRIMARY)=72600 PCRwin_future=73200
CEoich val =  352980.0  PEoich val =  2019900.0 , CE < PE by 82.5%
SUPP_RES TOTAL OI: CE= 1091960  PE= 3133080 , CE < PE by 65.1%
INCR_CHOI: SUPP_RES=72500 role=SUPPORT fresh_CE=116820 fresh_PE=-247020 -> CE_dominant by 147.3% (support UNDERMINED (bearish warning)) | cumulative CE=352980.0 PE=2019900.0
==========================
FUT_SUPP_RES=== 73000  (FUT_LTP= 73180.0 ) Buffer= 59
FUT CEoich val =  2547900.0  PEoich val =  173220.0 , CE > PE by 93.2%
FUT_SUPP_RES TOTAL OI: CE= 3616820  PE= 662800 , CE > PE by 81.7%
OI_SUPP_RES: spot=72587.59 ATM=72600 (win=±500 mode=CHOI) (ATM_CE_OI=1206500 ATM_PE_OI=1783260) | SUPPORT=72500PE CHOI=2019900 (dist=-100) | RESISTANCE=73000CE CHOI=2547900 (dist=400)
OI_SUPPORT=== 72500
OI_SUPPORT CEoich val = 352980.0  PEoich val = 2019900.0 , CE < PE by 82.5%
OI_SUPPORT TOTAL OI: CE= 1091960  PE= 3133080 , CE < PE by 65.1%
OI_RESISTANCE=== 73000
OI_RESISTANCE CEoich val = 2547900.0  PEoich val = 173220.0 , CE > PE by 93.2%
OI_RESISTANCE TOTAL OI: CE= 3616820  PE= 662800 , CE > PE by 81.7%
IS_MORNING_WINDOW= False  (active 9:15-9:48 IST)
================================================
==== signal check time ==== 2026-09-30 11:18:00.539195
CHART_PATTERN_DETECTED: THREE_BLACK_CROWS
  PATTERN_CONTEXT: Body= -43.0  Range= 62.4  ExpectedRange= 73.6  RangeRatio= 0.85  O= 73223.0  H= 73242.4  L= 73180.0  C= 73180.0
ATMStrike =  72600
AVG_OIPCR= 2.57
avgoiPCROld=  6.97
AVG_OIPCR_9STRIKE= 2.57  (pcr5..pcr13 = ATM +/-4, 9 strikes)
SUPP_RES = 72500
spotLTP = 72587.59
FUT LTP = 73180.0
CEchoi  PechOi = 352980.0    2019900.0
====================================
atmPCR= 0.18  belowATM  0.23
CHOI_DOM_GATE: gate_on= True  bull_ok= False  bear_ok= False | isPE_DomSupp_once= False  fresh_PE= -247020 | isCE_DomRes_once= False  fresh_CE= 116820
India VIX = 13.36  Spot Price = 72643.45
IV Regime = HIGH (ADAPTIVE: P25= 11.15  P50= 11.74  P75= 12.63 ) | DailyRange = 1386.5 | 3minCandleRange = 73.0 (theoretical= 121.6 ) | ATMoptionMove = 32.8 | SL = 115 | Target = 115 | TrailTrigger = 33 | Spread = 300 | Buffer = 58
IV Params refreshed: {'vix': 13.36, 'bn_price': 72643.45, 'regime': 'HIGH', 'regime_thresholds': 'P25=11.15 P50=11.74 P75=12.63', 'daily_range': 1386.5, 'candle_range': 73.0, 'atm_option_move': 32.8, 'sl_point': 115, 'target_point': 115, 'sl_pct_of_premium': 0.1, 'trail_trigger': 33, 'spread_width': 300, 'support_resistance_buffer': 58}
===
====after 3 min ochain==== 2026-09-30 11:21:00.000002
                                    oipcr   choipcr   CE_OI / PE_OI (same strike)
pcr1 =  BSE:SENSEX26O0173400PE   0.06   -0.02 CALL added 716120   PUT unwind -17480  CE_OI=1128620 PE_OI=68800
pcr2 =  BSE:SENSEX26O0173300PE   0.11   0.03 CALL added 800580   PUT added 25920  CE_OI=1274120 PE_OI=134860
pcr3 =  BSE:SENSEX26O0173200CE   0.14   0.02 CALL added 933420   PUT added 22960  CE_OI=1322220 PE_OI=180480
pcr4 =  BSE:SENSEX26O0173100PE   0.16   0.06 CALL added 790680   PUT added 46660  CE_OI=1119060 PE_OI=174960
pcr5 =  BSE:SENSEX26O0173000PE   0.17   0.06 CALL added 2674300   PUT added 152140  CE_OI=3743220 PE_OI=641720
pcr6 =  BSE:SENSEX26O0172900CE   0.22    0.18 CALL added 1511240   PUT added 272340  CE_OI=1799400 PE_OI=394020
pcr7 =  BSE:SENSEX26O0172800CE   0.55   0.53 CALL added 1818320   PUT added 969760  CE_OI=2155500 PE_OI=1179880
pcr8 =  BSE:SENSEX26O0172700PE   0.84   0.8 CALL added 2028460   PUT added 1631720  CE_OI=2255540 PE_OI=1885860
pcr9 =  BSE:SENSEX26O0172600CE   1.26   1.33 CALL added 1037760   PUT added 1384520  CE_OI=1344880 PE_OI=1692960
pcr10 =  BSE:SENSEX26O0172500PE   2.53   4.33 CALL added 417640   PUT added 1810060  CE_OI=1156620 PE_OI=2923240
pcr11 =  BSE:SENSEX26O0172400PE   3.87   5.52 CALL added 157280   PUT added 867600  CE_OI=370200 PE_OI=1431160
pcr12 =  BSE:SENSEX26O0172300CE   5.22   15.63 CALL added 42980   PUT added 671920  CE_OI=247440 PE_OI=1290920
pcr13 =  BSE:SENSEX26O0172200PE   6.99   19.8 CALL added 29200   PUT added 578300  CE_OI=169120 PE_OI=1182940
pcr14 =  BSE:SENSEX26O0172100PE   12.76   24.56 CALL added 22620   PUT added 555540  CE_OI=91000 PE_OI=1160820
pcr15 =  BSE:SENSEX26O0172000PE   15.94   31.15 CALL added 66860   PUT added 2082520  CE_OI=219380 PE_OI=3496760
pcr16 =  BSE:SENSEX26O0171900PE   23.26   255.23 CALL added 2200   PUT added 561500  CE_OI=39540 PE_OI=919580
pcr17 =  BSE:SENSEX26O0171800PE   43.27   -540.04 CALL unwind -1120   PUT added 604840  CE_OI=22200 PE_OI=960600
PCRSUM== 117.35
pcrSummation== 21.65
spotLTP =  72643.45  ATM_STRIKE =  72600
IS_ATM_STRIKE_SHIFT = False  mapStrike = {72600: 72600}
avgOiPcrList2 = [np.float64(6.97), np.float64(6.9)] atmStrikeNotShiftedCount= 2
avgOiPcr9List2 = [np.float64(2.57), np.float64(2.41)] atmStrikeNotShiftedCount= 2
False   2   2
SUPP_RES=== 72500  Buffer= 58
ANCHOR_COMPARE: spot=72643.45 fut=73258.65 basis(fut-spot)=615.2 | SR_spot(PRIMARY)=72500 SR_future=NOTRADEZONE SR_diff(fut-spot)=NA | PCRwin_spot(PRIMARY)=72600 PCRwin_future=73300
CEoich val =  417640.0  PEoich val =  1810060.0 , CE < PE by 76.9%
SUPP_RES TOTAL OI: CE= 1156620  PE= 2923240 , CE < PE by 60.4%
INCR_CHOI: SUPP_RES=72500 role=SUPPORT fresh_CE=64660 fresh_PE=-209840 -> CE_dominant by 130.8% (support UNDERMINED (bearish warning)) | cumulative CE=417640.0 PE=1810060.0
FUT_SUPP_RES=== NOTRADEZONE
OI_SUPP_RES: spot=72643.45 ATM=72600 (win=±500 mode=CHOI) (ATM_CE_OI=1344880 ATM_PE_OI=1692960) | SUPPORT=72500PE CHOI=1810060 (dist=-100) | RESISTANCE=73000CE CHOI=2674300 (dist=400)
OI_SUPPORT=== 72500
OI_SUPPORT CEoich val = 417640.0  PEoich val = 1810060.0 , CE < PE by 76.9%
OI_SUPPORT TOTAL OI: CE= 1156620  PE= 2923240 , CE < PE by 60.4%
OI_RESISTANCE=== 73000
OI_RESISTANCE CEoich val = 2674300.0  PEoich val = 152140.0 , CE > PE by 94.3%
OI_RESISTANCE TOTAL OI: CE= 3743220  PE= 641720 , CE > PE by 82.9%
IS_MORNING_WINDOW= False  (active 9:15-9:48 IST)
================================================
==== signal check time ==== 2026-09-30 11:21:00.528462
CHART_PATTERN_DETECTED: BULLISH_ENGULFING | OUTSIDE_BAR | STRONG_MOMENTUM_BULL
  PATTERN_CONTEXT: Body= 83.6  Range= 83.6  ExpectedRange= 73.0  RangeRatio= 1.15  O= 73175.0  H= 73258.6  L= 73175.0  C= 73258.6
ATMStrike =  72600
AVG_OIPCR= 2.41
avgoiPCROld=  6.9
AVG_OIPCR_9STRIKE= 2.41  (pcr5..pcr13 = ATM +/-4, 9 strikes)
SUPP_RES = 72500
spotLTP = 72643.45
FUT LTP = 73258.65
CEchoi  PechOi = 417640.0    1810060.0
====================================
atmPCR= 0.17  belowATM  0.22
CHOI_DOM_GATE: gate_on= True  bull_ok= False  bear_ok= False | isPE_DomSupp_once= False  fresh_PE= -209840 | isCE_DomRes_once= False  fresh_CE= 64660
