checkInstrument =  BSE:SENSEX-INDEX
sensexExpDate =  26910
BNFut (Sensex futures auto) = BSE:SENSEX26SEPFUT
 -- not entered waiting for time--- 9 : 14
 -- not entered waiting for time--- 9 : 14
 -- not entered waiting for time--- 9 : 14
 -- not entered waiting for time--- 9 : 14
 -- not entered waiting for time--- 9 : 14
 -- not entered waiting for time--- 9 : 14
 -- not entered waiting for time--- 9 : 14
 -- not entered waiting for time--- 9 : 14
 -- not entered waiting for time--- 9 : 14
 -- not entered waiting for time--- 9 : 14
 -- not entered waiting for time--- 9 : 14
 -- not entered waiting for time--- 9 : 14
 -- not entered waiting for time--- 9 : 14
 -- not entered waiting for time--- 9 : 14
 -- not entered waiting for time--- 9 : 14
 -- not entered waiting for time--- 9 : 14
 -- not entered waiting for time--- 9 : 14
 -- not entered waiting for time--- 9 : 14
 -- not entered waiting for time--- 9 : 14
 -- not entered waiting for time--- 9 : 14
 -- not entered waiting for time--- 9 : 14
 -- not entered waiting for time--- 9 : 14
 -- not entered waiting for time--- 9 : 14
 -- not entered waiting for time--- 9 : 14
 -- not entered waiting for time--- 9 : 14
 -- not entered waiting for time--- 9 : 14
 -- not entered waiting for time--- 9 : 14
 -- not entered waiting for time--- 9 : 14
 -- not entered waiting for time--- 9 : 14
 -- not entered waiting for time--- 9 : 14
 -- not entered waiting for time--- 9 : 14
 -- not entered waiting for time--- 9 : 14
 -- not entered waiting for time--- 9 : 14
 -- not entered waiting for time--- 9 : 14
 -- not entered waiting for time--- 9 : 14
 -- not entered waiting for time--- 9 : 14
 -- not entered waiting for time--- 9 : 14
 -- not entered waiting for time--- 9 : 14
 -- not entered waiting for time--- 9 : 15
 -- not entered waiting for time--- 9 : 15
 -- not entered waiting for time--- 9 : 15
 -- not entered waiting for time--- 9 : 15
 -- not entered waiting for time--- 9 : 15
 -- not entered waiting for time--- 9 : 15
 -- not entered waiting for time--- 9 : 15
 -- not entered waiting for time--- 9 : 15
 -- not entered waiting for time--- 9 : 15
 -- not entered waiting for time--- 9 : 15
 -- not entered waiting for time--- 9 : 15
 -- not entered waiting for time--- 9 : 15
 -- not entered waiting for time--- 9 : 15
 -- not entered waiting for time--- 9 : 15
 -- not entered waiting for time--- 9 : 15
 -- not entered waiting for time--- 9 : 15
 -- not entered waiting for time--- 9 : 15
 -- not entered waiting for time--- 9 : 15
 -- not entered waiting for time--- 9 : 15
 -- not entered waiting for time--- 9 : 15
 -- not entered waiting for time--- 9 : 15
 -- not entered waiting for time--- 9 : 15
 -- not entered waiting for time--- 9 : 15
 -- not entered waiting for time--- 9 : 15
 -- not entered waiting for time--- 9 : 15
 -- not entered waiting for time--- 9 : 15
 -- not entered waiting for time--- 9 : 15
 -- not entered waiting for time--- 9 : 15
 -- not entered waiting for time--- 9 : 15
 -- not entered waiting for time--- 9 : 15
 -- not entered waiting for time--- 9 : 15
 -- not entered waiting for time--- 9 : 15
 -- not entered waiting for time--- 9 : 15
 -- not entered waiting for time--- 9 : 15
 -- not entered waiting for time--- 9 : 15
 -- not entered waiting for time--- 9 : 15
 -- not entered waiting for time--- 9 : 15
 -- not entered waiting for time--- 9 : 15
 -- not entered waiting for time--- 9 : 15
 -- not entered waiting for time--- 9 : 15
 -- not entered waiting for time--- 9 : 15
 -- not entered waiting for time--- 9 : 15
 -- not entered waiting for time--- 9 : 15
 -- not entered waiting for time--- 9 : 15
 -- not entered waiting for time--- 9 : 15
 -- not entered waiting for time--- 9 : 15
 -- not entered waiting for time--- 9 : 15
 -- not entered waiting for time--- 9 : 15
 -- not entered waiting for time--- 9 : 15
 -- not entered waiting for time--- 9 : 15
 -- not entered waiting for time--- 9 : 15
 -- not entered waiting for time--- 9 : 15
 -- not entered waiting for time--- 9 : 15
 -- not entered waiting for time--- 9 : 15
 -- not entered waiting for time--- 9 : 15
 -- not entered waiting for time--- 9 : 15
 -- not entered waiting for time--- 9 : 15
 -- not entered waiting for time--- 9 : 15
 -- not entered waiting for time--- 9 : 15
 -- not entered waiting for time--- 9 : 15
 -- not entered waiting for time--- 9 : 16
 -- not entered waiting for time--- 9 : 16
 -- not entered waiting for time--- 9 : 16
 -- not entered waiting for time--- 9 : 16
 -- not entered waiting for time--- 9 : 16
 -- not entered waiting for time--- 9 : 16
 -- not entered waiting for time--- 9 : 16
 -- not entered waiting for time--- 9 : 16
 -- not entered waiting for time--- 9 : 16
 -- not entered waiting for time--- 9 : 16
 -- not entered waiting for time--- 9 : 16
 -- not entered waiting for time--- 9 : 16
 -- not entered waiting for time--- 9 : 16
 -- not entered waiting for time--- 9 : 16
 -- not entered waiting for time--- 9 : 16
 -- not entered waiting for time--- 9 : 16
 -- not entered waiting for time--- 9 : 16
 -- not entered waiting for time--- 9 : 16
 -- not entered waiting for time--- 9 : 16
 -- not entered waiting for time--- 9 : 16
 -- not entered waiting for time--- 9 : 16
 -- not entered waiting for time--- 9 : 16
 -- not entered waiting for time--- 9 : 16
 -- not entered waiting for time--- 9 : 16
 -- not entered waiting for time--- 9 : 16
 -- not entered waiting for time--- 9 : 16
 -- not entered waiting for time--- 9 : 16
 -- not entered waiting for time--- 9 : 16
 -- not entered waiting for time--- 9 : 16
 -- not entered waiting for time--- 9 : 16
 -- not entered waiting for time--- 9 : 16
 -- not entered waiting for time--- 9 : 16
 -- not entered waiting for time--- 9 : 16
 -- not entered waiting for time--- 9 : 16
 -- not entered waiting for time--- 9 : 16
 -- not entered waiting for time--- 9 : 16
 -- not entered waiting for time--- 9 : 16
 -- not entered waiting for time--- 9 : 16
 -- not entered waiting for time--- 9 : 16
 -- not entered waiting for time--- 9 : 16
 -- not entered waiting for time--- 9 : 16
 -- not entered waiting for time--- 9 : 16
 -- not entered waiting for time--- 9 : 16
 -- not entered waiting for time--- 9 : 16
 -- not entered waiting for time--- 9 : 16
 -- not entered waiting for time--- 9 : 16
 -- not entered waiting for time--- 9 : 16
 -- not entered waiting for time--- 9 : 16
 -- not entered waiting for time--- 9 : 16
 -- not entered waiting for time--- 9 : 16
 -- not entered waiting for time--- 9 : 16
 -- not entered waiting for time--- 9 : 16
 -- not entered waiting for time--- 9 : 16
 -- not entered waiting for time--- 9 : 16
 -- not entered waiting for time--- 9 : 16
 -- not entered waiting for time--- 9 : 16
 -- not entered waiting for time--- 9 : 16
 -- not entered waiting for time--- 9 : 16
 -- not entered waiting for time--- 9 : 16
 -- not entered waiting for time--- 9 : 16
Waiting for first candle to form. Current Second ==  0    2
Waiting for first candle to form. Current Second ==  1    2
Waiting for first candle to form. Current Second ==  2    2
Waiting for first candle to form. Current Second ==  3    2
Waiting for first candle to form. Current Second ==  4    2
Waiting for first candle to form. Current Second ==  5    2
Waiting for first candle to form. Current Second ==  6    2
Waiting for first candle to form. Current Second ==  7    2
Waiting for first candle to form. Current Second ==  8    2
Waiting for first candle to form. Current Second ==  9    2
Waiting for first candle to form. Current Second ==  10    2
Waiting for first candle to form. Current Second ==  11    2
Waiting for first candle to form. Current Second ==  12    2
Waiting for first candle to form. Current Second ==  13    2
Waiting for first candle to form. Current Second ==  14    2
Waiting for first candle to form. Current Second ==  15    2
Waiting for first candle to form. Current Second ==  16    2
Waiting for first candle to form. Current Second ==  17    2
Waiting for first candle to form. Current Second ==  18    2
Waiting for first candle to form. Current Second ==  19    2
Waiting for first candle to form. Current Second ==  20    2
Waiting for first candle to form. Current Second ==  21    2
Waiting for first candle to form. Current Second ==  22    2
Waiting for first candle to form. Current Second ==  23    2
Waiting for first candle to form. Current Second ==  24    2
Waiting for first candle to form. Current Second ==  25    2
Waiting for first candle to form. Current Second ==  26    2
Waiting for first candle to form. Current Second ==  27    2
Waiting for first candle to form. Current Second ==  28    2
Waiting for first candle to form. Current Second ==  29    2
Waiting for first candle to form. Current Second ==  30    2
Waiting for first candle to form. Current Second ==  31    2
Waiting for first candle to form. Current Second ==  32    2
Waiting for first candle to form. Current Second ==  33    2
Waiting for first candle to form. Current Second ==  34    2
Waiting for first candle to form. Current Second ==  35    2
Waiting for first candle to form. Current Second ==  36    2
Waiting for first candle to form. Current Second ==  37    2
Waiting for first candle to form. Current Second ==  38    2
Waiting for first candle to form. Current Second ==  39    2
Waiting for first candle to form. Current Second ==  40    2
Waiting for first candle to form. Current Second ==  41    2
Waiting for first candle to form. Current Second ==  42    2
Waiting for first candle to form. Current Second ==  43    2
Waiting for first candle to form. Current Second ==  44    2
Waiting for first candle to form. Current Second ==  45    2
Waiting for first candle to form. Current Second ==  46    2
Waiting for first candle to form. Current Second ==  47    2
Waiting for first candle to form. Current Second ==  48    2
Waiting for first candle to form. Current Second ==  49    2
Waiting for first candle to form. Current Second ==  50    2
Waiting for first candle to form. Current Second ==  51    2
Waiting for first candle to form. Current Second ==  52    2
Waiting for first candle to form. Current Second ==  53    2
Waiting for first candle to form. Current Second ==  54    2
Waiting for first candle to form. Current Second ==  55    2
Waiting for first candle to form. Current Second ==  56    2
Waiting for first candle to form. Current Second ==  57    2
Waiting for first candle to form. Current Second ==  58    2
Waiting for first candle to form. Current Second ==  59    2
India VIX = 11.76  Spot Price = 74849.88
VIX_PERCENTILES_FETCHED: P25= 11.04  P50= 11.29  P75= 11.49  Min= 10.48  Max= 11.98
IV Regime = HIGH (ADAPTIVE: P25= 11.04  P50= 11.29  P75= 11.49 ) | DailyRange = 1257.5 | 3minCandleRange = 66.2 (theoretical= 110.3 ) | ATMoptionMove = 29.8 | SL = 104 | Target = 104 | TrailTrigger = 30 | Spread = 300 | Buffer = 53
IV Params refreshed: {'vix': 11.76, 'bn_price': 74849.88, 'regime': 'HIGH', 'regime_thresholds': 'P25=11.04 P50=11.29 P75=11.49', 'daily_range': 1257.5, 'candle_range': 66.2, 'atm_option_move': 29.8, 'sl_point': 104, 'target_point': 104, 'sl_pct_of_premium': 0.1, 'trail_trigger': 30, 'spread_width': 300, 'support_resistance_buffer': 53}
IV_RANK_DATA: VIX_30d_High= 11.98  VIX_30d_Low= 10.48  Current= 11.76  IV_Rank= 0.85
===
====after 3 min ochain==== 2026-09-10 09:18:00.622836
                                    oipcr   choipcr   CE_OI / PE_OI (same strike)
pcr1 =  BSE:SENSEX2691075600PE   0.11   0.0 CALL added 201600   PUT added 700  CE_OI=1518380 PE_OI=160780
pcr2 =  BSE:SENSEX2691075500PE   0.11   0.04 CALL added 514180   PUT added 21440  CE_OI=3074740 PE_OI=344400
pcr3 =  BSE:SENSEX2691075400CE   0.17   0.03 CALL added 142700   PUT added 4660  CE_OI=1283740 PE_OI=222260
pcr4 =  BSE:SENSEX2691075300PE   0.23   -0.02 CALL added 356300   PUT unwind -7580  CE_OI=1926880 PE_OI=434660
pcr5 =  BSE:SENSEX2691075200CE   0.29   0.01 CALL added 400620   PUT added 5340  CE_OI=2185640 PE_OI=639540
pcr6 =  BSE:SENSEX2691075100CE   0.28    0.03 CALL added 353100   PUT added 11400  CE_OI=2220040 PE_OI=627760
pcr7 =  BSE:SENSEX2691075000CE   0.58   0.36 CALL added 777980   PUT added 276260  CE_OI=3277300 PE_OI=1903700
pcr8 =  BSE:SENSEX2691074900PE   0.8   0.68 CALL added 655360   PUT added 448020  CE_OI=1463040 PE_OI=1168340
pcr9 =  BSE:SENSEX2691074800PE   1.32   3.38 CALL added 239880   PUT added 811980  CE_OI=1266920 PE_OI=1675200
pcr10 =  BSE:SENSEX2691074700PE   2.72   3.1 CALL added 216640   PUT added 671320  CE_OI=488180 PE_OI=1328380
pcr11 =  BSE:SENSEX2691074600CE   7.12   7.89 CALL added 69460   PUT added 547800  CE_OI=175420 PE_OI=1249040
pcr12 =  BSE:SENSEX2691074500PE   10.64   12.68 CALL added 62820   PUT added 796740  CE_OI=215300 PE_OI=2291440
pcr13 =  BSE:SENSEX2691074400CE   29.05   28.47 CALL added 12160   PUT added 346220  CE_OI=34700 PE_OI=1008120
pcr14 =  BSE:SENSEX2691074300PE   45.93   22.78 CALL added 9940   PUT added 226480  CE_OI=21800 PE_OI=1001340
pcr15 =  BSE:SENSEX2691074200CE   54.07   23.66 CALL added 7480   PUT added 176980  CE_OI=19040 PE_OI=1029560
pcr16 =  BSE:SENSEX2691074100CE   106.43   534.52 CALL added 660   PUT added 352780  CE_OI=8920 PE_OI=949400
pcr17 =  BSE:SENSEX2691074000PE   68.25   -781.81 CALL unwind -640   PUT added 500360  CE_OI=35220 PE_OI=2403680
PCRSUM== 328.1
pcrSummation== 23.98
VOLPCRSUM== 2.7399999999999998
spotLTP =  74856.96  ATM_STRIKE =  74900
IS_ATM_STRIKE_SHIFT = False  mapStrike = {74900: 74900}
avgOiPcrList2 = [np.float64(19.3)] atmStrikeNotShiftedCount= 1
False   1   1
SUPP_RES=== 75000  Buffer= 53
ANCHOR_COMPARE: spot=74856.96 fut=75248.0 basis(fut-spot)=391.04 | SR_spot(PRIMARY)=75000 SR_future=75000 SR_diff(fut-spot)=0 | PCRwin_spot(PRIMARY)=74900 PCRwin_future=75200
CEoich val =  777980.0  PEoich val =  276260.0 , CE > PE by 64.5%
SUPP_RES TOTAL OI: CE= 3277300  PE= 1903700 , CE > PE by 41.9%
INCR_CHOI: SUPP_RES=75000 role=RESISTANCE first sighting (no prev cycle to diff) | cumulative CE=777980.0 PE=276260.0
FUT_SUPP_RES=== 75000  (FUT_LTP= 75248.0 ) Buffer= 53
FUT CEoich val =  777980.0  PEoich val =  276260.0 , CE > PE by 64.5%
FUT_SUPP_RES TOTAL OI: CE= 3277300  PE= 1903700 , CE > PE by 41.9%
OI_SUPP_RES: spot=74856.96 ATM=74900 (ATM_CE_OI=1463040 ATM_PE_OI=1168340) | SUPPORT=74000PE OI=2403680 (dist=-900) | RESISTANCE=75000CE OI=3277300 (dist=100)
OI_SUPPORT=== 74000
OI_SUPPORT CEoich val = -640.0  PEoich val = 500360.0 , CE < PE by 100.1%
OI_SUPPORT TOTAL OI: CE= 35220  PE= 2403680 , CE < PE by 98.5%
OI_RESISTANCE=== 75000
OI_RESISTANCE CEoich val = 777980.0  PEoich val = 276260.0 , CE > PE by 64.5%
OI_RESISTANCE TOTAL OI: CE= 3277300  PE= 1903700 , CE > PE by 41.9%
IS_MORNING_WINDOW= True  (active 9:15-9:48 IST)
================================================
==== signal check time ==== 2026-09-10 09:18:01.874721
IS_CHOI_DIFF_GT_25PERC== True
RSI_VAL1== 26.8
RSI_VAL2== 26.8
FUT_3m_OHLC O= 75180.0  H= 75276.9  L= 75130.0  C= 75248.0  Range= 146.8
CHART_PATTERN_DETECTED: DOUBLE_TOP_FORMING
  PATTERN_CONTEXT: Body= 68.0  Range= 146.8  ExpectedRange= 66.2  RangeRatio= 2.22  O= 75180.0  H= 75276.9  L= 75130.0  C= 75248.0
newSynthFut =  74900
ATMStrike =  74900
AVG_OIPCR= 2.66
avgoiPCROld=  19.3
SUPP_RES = 75000
FUT LTP = 75248.0
CEchoi  PechOi = 777980.0    276260.0
====================================
AVG_VOLPCR= 0.3
atmPCR= 0.29  belowATM  0.28
atmVolPCR= 0.12  belowATM  0.18
True   75248.0   75000   False   False   26.8
India VIX = 11.67  Spot Price = 74810.56
IV Regime = HIGH (ADAPTIVE: P25= 11.04  P50= 11.29  P75= 11.49 ) | DailyRange = 1247.2 | 3minCandleRange = 65.6 (theoretical= 109.4 ) | ATMoptionMove = 29.5 | SL = 103 | Target = 103 | TrailTrigger = 30 | Spread = 300 | Buffer = 53
IV Params refreshed: {'vix': 11.67, 'bn_price': 74810.56, 'regime': 'HIGH', 'regime_thresholds': 'P25=11.04 P50=11.29 P75=11.49', 'daily_range': 1247.2, 'candle_range': 65.6, 'atm_option_move': 29.5, 'sl_point': 103, 'target_point': 103, 'sl_pct_of_premium': 0.1, 'trail_trigger': 30, 'spread_width': 300, 'support_resistance_buffer': 53}
===
====after 3 min ochain==== 2026-09-10 09:21:00.000001
                                    oipcr   choipcr   CE_OI / PE_OI (same strike)
pcr1 =  BSE:SENSEX2691075600PE   0.1   -0.01 CALL added 327500   PUT unwind -2820  CE_OI=1644280 PE_OI=157260
pcr2 =  BSE:SENSEX2691075500PE   0.1   0.04 CALL added 985980   PUT added 38900  CE_OI=3546540 PE_OI=361860
pcr3 =  BSE:SENSEX2691075400CE   0.13   -0.05 CALL added 343400   PUT unwind -17760  CE_OI=1484440 PE_OI=199840
pcr4 =  BSE:SENSEX2691075300PE   0.19   -0.04 CALL added 621920   PUT unwind -26380  CE_OI=2192500 PE_OI=415860
pcr5 =  BSE:SENSEX2691075200CE   0.26   0.04 CALL added 743940   PUT added 26700  CE_OI=2528960 PE_OI=660900
pcr6 =  BSE:SENSEX2691075100CE   0.26    0.06 CALL added 685240   PUT added 38280  CE_OI=2552180 PE_OI=654640
pcr7 =  BSE:SENSEX2691075000CE   0.58   0.46 CALL added 1535180   PUT added 712740  CE_OI=4034500 PE_OI=2340180
pcr8 =  BSE:SENSEX2691074900PE   0.8   0.75 CALL added 1406160   PUT added 1061140  CE_OI=2213840 PE_OI=1781460
pcr9 =  BSE:SENSEX2691074800PE   1.54   2.47 CALL added 773140   PUT added 1911020  CE_OI=1800180 PE_OI=2774240
pcr10 =  BSE:SENSEX2691074700PE   3.61   4.57 CALL added 337320   PUT added 1540440  CE_OI=608860 PE_OI=2197500
pcr11 =  BSE:SENSEX2691074600CE   9.23   12.02 CALL added 99180   PUT added 1192000  CE_OI=205140 PE_OI=1893240
pcr12 =  BSE:SENSEX2691074500PE   11.47   13.16 CALL added 149440   PUT added 1966880  CE_OI=301920 PE_OI=3461580
pcr13 =  BSE:SENSEX2691074400CE   31.16   32.73 CALL added 25880   PUT added 847000  CE_OI=48420 PE_OI=1508900
pcr14 =  BSE:SENSEX2691074300PE   40.62   26.96 CALL added 21460   PUT added 578520  CE_OI=33320 PE_OI=1353380
pcr15 =  BSE:SENSEX2691074200CE   63.56   51.75 CALL added 9980   PUT added 516460  CE_OI=21540 PE_OI=1369040
pcr16 =  BSE:SENSEX2691074100CE   108.4   215.11 CALL added 2800   PUT added 602300  CE_OI=11060 PE_OI=1198920
pcr17 =  BSE:SENSEX2691074000PE   85.76   -685.3 CALL unwind -1520   PUT added 1041660  CE_OI=34340 PE_OI=2944980
PCRSUM== 357.77
pcrSummation== 58.91
VOLPCRSUM== 2.91
spotLTP =  74810.56  ATM_STRIKE =  74800
IS_ATM_STRIKE_SHIFT = True  mapStrike = {74800: 74800}
avgOiPcrList2 = [np.float64(21.05)] atmStrikeNotShiftedCount= 1
True   1   1
SUPP_RES=== 75000  Buffer= 53
ANCHOR_COMPARE: spot=74810.56 fut=75205.85 basis(fut-spot)=395.29 | SR_spot(PRIMARY)=75000 SR_future=75000 SR_diff(fut-spot)=0 | PCRwin_spot(PRIMARY)=74800 PCRwin_future=75200
CEoich val =  1535180.0  PEoich val =  712740.0 , CE > PE by 53.6%
SUPP_RES TOTAL OI: CE= 4034500  PE= 2340180 , CE > PE by 42.0%
INCR_CHOI: SUPP_RES=75000 role=RESISTANCE fresh_CE=757200 fresh_PE=436480 -> CE_dominant by 42.4% (resistance HOLDING (bearish)) | cumulative CE=1535180.0 PE=712740.0
FUT_SUPP_RES=== 75000  (FUT_LTP= 75205.85 ) Buffer= 53
FUT CEoich val =  1535180.0  PEoich val =  712740.0 , CE > PE by 53.6%
FUT_SUPP_RES TOTAL OI: CE= 4034500  PE= 2340180 , CE > PE by 42.0%
OI_SUPP_RES: spot=74810.56 ATM=74800 (ATM_CE_OI=1800180 ATM_PE_OI=2774240) | SUPPORT=74500PE OI=3461580 (dist=-300) | RESISTANCE=75000CE OI=4034500 (dist=200)
OI_SUPPORT=== 74500
OI_SUPPORT CEoich val = 149440.0  PEoich val = 1966880.0 , CE < PE by 92.4%
OI_SUPPORT TOTAL OI: CE= 301920  PE= 3461580 , CE < PE by 91.3%
OI_RESISTANCE=== 75000
OI_RESISTANCE CEoich val = 1535180.0  PEoich val = 712740.0 , CE > PE by 53.6%
OI_RESISTANCE TOTAL OI: CE= 4034500  PE= 2340180 , CE > PE by 42.0%
IS_MORNING_WINDOW= True  (active 9:15-9:48 IST)
================================================
==== signal check time ==== 2026-09-10 09:21:00.649026
IS_CHOI_DIFF_GT_25PERC== True
RSI_VAL1== 23.75
RSI_VAL2== 23.75
FUT_3m_OHLC O= 75248.0  H= 75290.0  L= 75205.8  C= 75205.8  Range= 84.1
CHART_PATTERN_DETECTED: DOUBLE_TOP_FORMING
  PATTERN_CONTEXT: Body= -42.1  Range= 84.1  ExpectedRange= 65.6  RangeRatio= 1.28  O= 75248.0  H= 75290.0  L= 75205.8  C= 75205.8
newSynthFut =  74800
ATMStrike =  74800
AVG_OIPCR= 6.55
avgoiPCROld=  21.05
SUPP_RES = 75000
FUT LTP = 75205.85
CEchoi  PechOi = 1535180.0    712740.0
====================================
AVG_VOLPCR= 0.32
atmPCR= 0.26  belowATM  0.26
atmVolPCR= 0.11  belowATM  0.17
True   75205.85   75000   False   False   23.75
India VIX = 11.75  Spot Price = 74723.12
IV Regime = HIGH (ADAPTIVE: P25= 11.04  P50= 11.29  P75= 11.49 ) | DailyRange = 1254.3 | 3minCandleRange = 66.0 (theoretical= 110.0 ) | ATMoptionMove = 29.7 | SL = 104 | Target = 104 | TrailTrigger = 30 | Spread = 300 | Buffer = 53
IV Params refreshed: {'vix': 11.75, 'bn_price': 74723.12, 'regime': 'HIGH', 'regime_thresholds': 'P25=11.04 P50=11.29 P75=11.49', 'daily_range': 1254.3, 'candle_range': 66.0, 'atm_option_move': 29.7, 'sl_point': 104, 'target_point': 104, 'sl_pct_of_premium': 0.1, 'trail_trigger': 30, 'spread_width': 300, 'support_resistance_buffer': 53}
===
====after 3 min ochain==== 2026-09-10 09:24:00.000002
                                    oipcr   choipcr   CE_OI / PE_OI (same strike)
pcr1 =  BSE:SENSEX2691075500PE   0.09   0.01 CALL added 1397860   PUT added 13760  CE_OI=3958420 PE_OI=336720
pcr2 =  BSE:SENSEX2691075400CE   0.11   -0.07 CALL added 542040   PUT unwind -35380  CE_OI=1683080 PE_OI=182220
pcr3 =  BSE:SENSEX2691075300PE   0.17   -0.04 CALL added 890940   PUT unwind -32120  CE_OI=2461520 PE_OI=410120
pcr4 =  BSE:SENSEX2691075200CE   0.23   0.02 CALL added 1081140   PUT added 22940  CE_OI=2866160 PE_OI=657140
pcr5 =  BSE:SENSEX2691075100CE   0.25   0.1 CALL added 1017620   PUT added 102080  CE_OI=2884560 PE_OI=718440
pcr6 =  BSE:SENSEX2691075000CE   0.52    0.37 CALL added 2240380   PUT added 836840  CE_OI=4739700 PE_OI=2464280
pcr7 =  BSE:SENSEX2691074900PE   0.74   0.68 CALL added 2237820   PUT added 1531920  CE_OI=3045500 PE_OI=2252240
pcr8 =  BSE:SENSEX2691074800PE   1.96   3.44 CALL added 773140   PUT added 2657400  CE_OI=1800180 PE_OI=3520620
pcr9 =  BSE:SENSEX2691074700PE   3.78   4.63 CALL added 432820   PUT added 2003860  CE_OI=704360 PE_OI=2660920
pcr10 =  BSE:SENSEX2691074600CE   8.29   9.37 CALL added 164980   PUT added 1545040  CE_OI=270940 PE_OI=2246280
pcr11 =  BSE:SENSEX2691074500PE   12.17   14.0 CALL added 196580   PUT added 2752720  CE_OI=349060 PE_OI=4247420
pcr12 =  BSE:SENSEX2691074400CE   28.03   27.31 CALL added 41800   PUT added 1141400  CE_OI=64340 PE_OI=1803300
pcr13 =  BSE:SENSEX2691074300PE   45.47   35.38 CALL added 23340   PUT added 825740  CE_OI=35200 PE_OI=1600600
pcr14 =  BSE:SENSEX2691074200CE   47.8   30.24 CALL added 17080   PUT added 516460  CE_OI=28640 PE_OI=1369040
pcr15 =  BSE:SENSEX2691074100CE   91.85   118.07 CALL added 6180   PUT added 729700  CE_OI=14440 PE_OI=1326320
pcr16 =  BSE:SENSEX2691074000PE   102.63   -2175.41 CALL unwind -780   PUT added 1696820  CE_OI=35080 PE_OI=3600140
pcr17 =  BSE:SENSEX2691073900PE   171.51   553.33 CALL added 860   PUT added 475860  CE_OI=5380 PE_OI=922720
PCRSUM== 515.6
pcrSummation== 101.21
VOLPCRSUM== 5.75
spotLTP =  74723.12  ATM_STRIKE =  74700
IS_ATM_STRIKE_SHIFT = True  mapStrike = {74700: 74700}
avgOiPcrList2 = [np.float64(30.33)] atmStrikeNotShiftedCount= 1
True   1   1
SUPP_RES=== 74500  Buffer= 53
ANCHOR_COMPARE: spot=74723.12 fut=75126.3 basis(fut-spot)=403.18 | SR_spot(PRIMARY)=74500 SR_future=75000 SR_diff(fut-spot)=500 | PCRwin_spot(PRIMARY)=74700 PCRwin_future=75100
CEoich val =  196580.0  PEoich val =  2752720.0 , CE < PE by 92.9%
SUPP_RES TOTAL OI: CE= 349060  PE= 4247420 , CE < PE by 91.8%
INCR_CHOI: SUPP_RES=74500 role=SUPPORT first sighting (no prev cycle to diff) | cumulative CE=196580.0 PE=2752720.0
FUT_SUPP_RES=== 75000  (FUT_LTP= 75126.3 ) Buffer= 53
FUT CEoich val =  2240380.0  PEoich val =  836840.0 , CE > PE by 62.6%
FUT_SUPP_RES TOTAL OI: CE= 4739700  PE= 2464280 , CE > PE by 48.0%
OI_SUPP_RES: spot=74723.12 ATM=74700 (ATM_CE_OI=704360 ATM_PE_OI=2660920) | SUPPORT=74500PE OI=4247420 (dist=-200) | RESISTANCE=75000CE OI=4739700 (dist=300)
OI_SUPPORT=== 74500
OI_SUPPORT CEoich val = 196580.0  PEoich val = 2752720.0 , CE < PE by 92.9%
OI_SUPPORT TOTAL OI: CE= 349060  PE= 4247420 , CE < PE by 91.8%
OI_RESISTANCE=== 75000
OI_RESISTANCE CEoich val = 2240380.0  PEoich val = 836840.0 , CE > PE by 62.6%
OI_RESISTANCE TOTAL OI: CE= 4739700  PE= 2464280 , CE > PE by 48.0%
IS_MORNING_WINDOW= True  (active 9:15-9:48 IST)
================================================
==== signal check time ==== 2026-09-10 09:24:00.627018
IS_CHOI_DIFF_GT_25PERC== True
RSI_VAL1== 19.28
RSI_VAL2== 19.28
FUT_3m_OHLC O= 75268.0  H= 75268.0  L= 75119.4  C= 75126.3  Range= 148.6
CHART_PATTERN_DETECTED: DOUBLE_TOP_FORMING | DOUBLE_BOTTOM_FORMING | STRONG_MOMENTUM_BEAR
  PATTERN_CONTEXT: Body= -141.7  Range= 148.6  ExpectedRange= 66.0  RangeRatio= 2.25  O= 75268.0  H= 75268.0  L= 75119.4  C= 75126.3
newSynthFut =  74700
ATMStrike =  74700
AVG_OIPCR= 11.25
avgoiPCROld=  30.33
SUPP_RES = 74500
FUT LTP = 75126.3
CEchoi  PechOi = 196580.0    2752720.0
====================================
AVG_VOLPCR= 0.64
atmPCR= 0.25  belowATM  0.52
atmVolPCR= 0.18  belowATM  0.4
True   75126.3   74500   False   False   19.28
India VIX = 11.75  Spot Price = 74750.85
IV Regime = HIGH (ADAPTIVE: P25= 11.04  P50= 11.29  P75= 11.49 ) | DailyRange = 1254.7 | 3minCandleRange = 66.0 (theoretical= 110.0 ) | ATMoptionMove = 29.7 | SL = 104 | Target = 104 | TrailTrigger = 30 | Spread = 300 | Buffer = 53
IV Params refreshed: {'vix': 11.75, 'bn_price': 74750.85, 'regime': 'HIGH', 'regime_thresholds': 'P25=11.04 P50=11.29 P75=11.49', 'daily_range': 1254.7, 'candle_range': 66.0, 'atm_option_move': 29.7, 'sl_point': 104, 'target_point': 104, 'sl_pct_of_premium': 0.1, 'trail_trigger': 30, 'spread_width': 300, 'support_resistance_buffer': 53}
===
====after 3 min ochain==== 2026-09-10 09:27:00.000002
                                    oipcr   choipcr   CE_OI / PE_OI (same strike)
pcr1 =  BSE:SENSEX2691075600PE   0.08   -0.01 CALL added 591080   PUT unwind -7100  CE_OI=1907860 PE_OI=152980
pcr2 =  BSE:SENSEX2691075500PE   0.07   -0.01 CALL added 1668720   PUT unwind -14200  CE_OI=4229280 PE_OI=308760
pcr3 =  BSE:SENSEX2691075400CE   0.09   -0.08 CALL added 648220   PUT unwind -50580  CE_OI=1789260 PE_OI=167020
pcr4 =  BSE:SENSEX2691075300PE   0.15   -0.04 CALL added 1049620   PUT unwind -43060  CE_OI=2620200 PE_OI=399180
pcr5 =  BSE:SENSEX2691075200CE   0.19   0.01 CALL added 1523200   PUT added 8940  CE_OI=3308220 PE_OI=643140
pcr6 =  BSE:SENSEX2691075100CE   0.21    0.05 CALL added 1339440   PUT added 71560  CE_OI=3206380 PE_OI=687920
pcr7 =  BSE:SENSEX2691075000CE   0.39   0.18 CALL added 3123460   PUT added 570860  CE_OI=5622780 PE_OI=2198300
pcr8 =  BSE:SENSEX2691074900PE   0.53   0.42 CALL added 2667980   PUT added 1121220  CE_OI=3475660 PE_OI=1841540
pcr9 =  BSE:SENSEX2691074800PE   1.07   1.19 CALL added 1968980   PUT added 2348640  CE_OI=2996020 PE_OI=3211860
pcr10 =  BSE:SENSEX2691074700PE   2.26   2.21 CALL added 862540   PUT added 1907160  CE_OI=1134080 PE_OI=2564220
pcr11 =  BSE:SENSEX2691074600CE   5.52   5.11 CALL added 288700   PUT added 1475440  CE_OI=394660 PE_OI=2176680
pcr12 =  BSE:SENSEX2691074500PE   8.57   8.03 CALL added 347320   PUT added 2788820  CE_OI=499800 PE_OI=4283520
pcr13 =  BSE:SENSEX2691074400CE   21.08   18.26 CALL added 66240   PUT added 1209740  CE_OI=88780 PE_OI=1871640
pcr14 =  BSE:SENSEX2691074300PE   34.76   24.98 CALL added 37100   PUT added 926760  CE_OI=48960 PE_OI=1701620
pcr15 =  BSE:SENSEX2691074200CE   39.38   26.27 CALL added 30300   PUT added 795840  CE_OI=41860 PE_OI=1648420
pcr16 =  BSE:SENSEX2691074100CE   90.7   113.33 CALL added 6740   PUT added 763820  CE_OI=15000 PE_OI=1360440
pcr17 =  BSE:SENSEX2691074000PE   76.91   144.21 CALL added 12700   PUT added 1831520  CE_OI=48560 PE_OI=3734840
PCRSUM== 281.96
pcrSummation== 39.82
VOLPCRSUM== 3.09
spotLTP =  74750.85  ATM_STRIKE =  74800
IS_ATM_STRIKE_SHIFT = True  mapStrike = {74800: 74800}
avgOiPcrList2 = [np.float64(16.59)] atmStrikeNotShiftedCount= 1
True   1   1
SUPP_RES=== 75000  Buffer= 53
ANCHOR_COMPARE: spot=74750.85 fut=75160.0 basis(fut-spot)=409.15 | SR_spot(PRIMARY)=75000 SR_future=75000 SR_diff(fut-spot)=0 | PCRwin_spot(PRIMARY)=74800 PCRwin_future=75200
CEoich val =  3123460.0  PEoich val =  570860.0 , CE > PE by 81.7%
SUPP_RES TOTAL OI: CE= 5622780  PE= 2198300 , CE > PE by 60.9%
INCR_CHOI: SUPP_RES=75000 role=RESISTANCE fresh_CE=1588280 fresh_PE=-141880 -> CE_dominant by 108.9% (resistance HOLDING (bearish)) | cumulative CE=3123460.0 PE=570860.0
FUT_SUPP_RES=== 75000  (FUT_LTP= 75160.0 ) Buffer= 53
FUT CEoich val =  3123460.0  PEoich val =  570860.0 , CE > PE by 81.7%
FUT_SUPP_RES TOTAL OI: CE= 5622780  PE= 2198300 , CE > PE by 60.9%
OI_SUPP_RES: spot=74750.85 ATM=74800 (ATM_CE_OI=2996020 ATM_PE_OI=3211860) | SUPPORT=74500PE OI=4283520 (dist=-300) | RESISTANCE=75000CE OI=5622780 (dist=200)
OI_SUPPORT=== 74500
OI_SUPPORT CEoich val = 347320.0  PEoich val = 2788820.0 , CE < PE by 87.5%
OI_SUPPORT TOTAL OI: CE= 499800  PE= 4283520 , CE < PE by 88.3%
OI_RESISTANCE=== 75000
OI_RESISTANCE CEoich val = 3123460.0  PEoich val = 570860.0 , CE > PE by 81.7%
OI_RESISTANCE TOTAL OI: CE= 5622780  PE= 2198300 , CE > PE by 60.9%
IS_MORNING_WINDOW= True  (active 9:15-9:48 IST)
================================================
==== signal check time ==== 2026-09-10 09:27:00.626746
IS_CHOI_DIFF_GT_25PERC== True
RSI_VAL1== 25.66
RSI_VAL2== 25.66
FUT_3m_OHLC O= 75189.4  H= 75189.4  L= 75160.0  C= 75160.0  Range= 29.4
CHART_PATTERN_DETECTED: INSIDE_BAR | DOUBLE_BOTTOM_FORMING
  PATTERN_CONTEXT: Body= -29.4  Range= 29.4  ExpectedRange= 66.0  RangeRatio= 0.45  O= 75189.4  H= 75189.4  L= 75160.0  C= 75160.0
newSynthFut =  74800
ATMStrike =  74800
AVG_OIPCR= 4.42
avgoiPCROld=  16.59
SUPP_RES = 75000
FUT LTP = 75160.0
CEchoi  PechOi = 3123460.0    570860.0
====================================
AVG_VOLPCR= 0.34
atmPCR= 0.19  belowATM  0.21
atmVolPCR= 0.11  belowATM  0.19
True   75160.0   75000   False   False   25.66
India VIX = 11.69  Spot Price = 74783.35
IV Regime = HIGH (ADAPTIVE: P25= 11.04  P50= 11.29  P75= 11.49 ) | DailyRange = 1248.9 | 3minCandleRange = 65.7 (theoretical= 109.5 ) | ATMoptionMove = 29.6 | SL = 104 | Target = 104 | TrailTrigger = 30 | Spread = 300 | Buffer = 53
IV Params refreshed: {'vix': 11.69, 'bn_price': 74783.35, 'regime': 'HIGH', 'regime_thresholds': 'P25=11.04 P50=11.29 P75=11.49', 'daily_range': 1248.9, 'candle_range': 65.7, 'atm_option_move': 29.6, 'sl_point': 104, 'target_point': 104, 'sl_pct_of_premium': 0.1, 'trail_trigger': 30, 'spread_width': 300, 'support_resistance_buffer': 53}
===
====after 3 min ochain==== 2026-09-10 09:30:00.000003
                                    oipcr   choipcr   CE_OI / PE_OI (same strike)
pcr1 =  BSE:SENSEX2691075600PE   0.06   -0.04 CALL added 793860   PUT unwind -35300  CE_OI=2110640 PE_OI=124780
pcr2 =  BSE:SENSEX2691075500PE   0.07   -0.01 CALL added 1756460   PUT unwind -15620  CE_OI=4317020 PE_OI=307340
pcr3 =  BSE:SENSEX2691075400CE   0.08   -0.08 CALL added 748420   PUT unwind -57080  CE_OI=1889460 PE_OI=160520
pcr4 =  BSE:SENSEX2691075300PE   0.14   -0.05 CALL added 1139820   PUT unwind -53980  CE_OI=2710400 PE_OI=388260
pcr5 =  BSE:SENSEX2691075200CE   0.18   0.01 CALL added 1794020   PUT added 21500  CE_OI=3579040 PE_OI=655700
pcr6 =  BSE:SENSEX2691075100CE   0.21    0.06 CALL added 1510960   PUT added 89500  CE_OI=3377900 PE_OI=705860
pcr7 =  BSE:SENSEX2691075000CE   0.33   0.12 CALL added 3808200   PUT added 458740  CE_OI=6307520 PE_OI=2086180
pcr8 =  BSE:SENSEX2691074900PE   0.48   0.36 CALL added 2719320   PUT added 984580  CE_OI=3527000 PE_OI=1704900
pcr9 =  BSE:SENSEX2691074800PE   1.05   1.14 CALL added 2391420   PUT added 2730540  CE_OI=3418460 PE_OI=3593760
pcr10 =  BSE:SENSEX2691074700PE   2.26   2.22 CALL added 1160420   PUT added 2579360  CE_OI=1431960 PE_OI=3236420
pcr11 =  BSE:SENSEX2691074600CE   5.67   5.38 CALL added 349880   PUT added 1883280  CE_OI=455840 PE_OI=2584520
pcr12 =  BSE:SENSEX2691074500PE   9.27   9.03 CALL added 344360   PUT added 3108720  CE_OI=496840 PE_OI=4603420
pcr13 =  BSE:SENSEX2691074400CE   21.34   19.08 CALL added 80120   PUT added 1528840  CE_OI=102660 PE_OI=2190740
pcr14 =  BSE:SENSEX2691074300PE   30.04   22.12 CALL added 52820   PUT added 1168220  CE_OI=64680 PE_OI=1943080
pcr15 =  BSE:SENSEX2691074200CE   36.16   24.0 CALL added 35760   PUT added 858320  CE_OI=47320 PE_OI=1710900
pcr16 =  BSE:SENSEX2691074100CE   98.71   129.42 CALL added 7120   PUT added 921500  CE_OI=15380 PE_OI=1518120
pcr17 =  BSE:SENSEX2691074000PE   80.81   158.39 CALL added 12820   PUT added 2030540  CE_OI=48680 PE_OI=3933860
PCRSUM== 286.86
pcrSummation== 40.79
VOLPCRSUM== 2.95
spotLTP =  74783.09  ATM_STRIKE =  74800
IS_ATM_STRIKE_SHIFT = False  mapStrike = {74800: 74800}
avgOiPcrList2 = [np.float64(16.59), np.float64(16.87)] atmStrikeNotShiftedCount= 2
False   2   2
SUPP_RES=== 75000  Buffer= 53
ANCHOR_COMPARE: spot=74783.09 fut=75176.5 basis(fut-spot)=393.41 | SR_spot(PRIMARY)=75000 SR_future=75000 SR_diff(fut-spot)=0 | PCRwin_spot(PRIMARY)=74800 PCRwin_future=75200
CEoich val =  3808200.0  PEoich val =  458740.0 , CE > PE by 88.0%
SUPP_RES TOTAL OI: CE= 6307520  PE= 2086180 , CE > PE by 66.9%
INCR_CHOI: SUPP_RES=75000 role=RESISTANCE fresh_CE=684740 fresh_PE=-112120 -> CE_dominant by 116.4% (resistance HOLDING (bearish)) | cumulative CE=3808200.0 PE=458740.0
FUT_SUPP_RES=== 75000  (FUT_LTP= 75176.5 ) Buffer= 53
FUT CEoich val =  3808200.0  PEoich val =  458740.0 , CE > PE by 88.0%
FUT_SUPP_RES TOTAL OI: CE= 6307520  PE= 2086180 , CE > PE by 66.9%
OI_SUPP_RES: spot=74783.09 ATM=74800 (ATM_CE_OI=3418460 ATM_PE_OI=3593760) | SUPPORT=74500PE OI=4603420 (dist=-300) | RESISTANCE=75000CE OI=6307520 (dist=200)
OI_SUPPORT=== 74500
OI_SUPPORT CEoich val = 344360.0  PEoich val = 3108720.0 , CE < PE by 88.9%
OI_SUPPORT TOTAL OI: CE= 496840  PE= 4603420 , CE < PE by 89.2%
OI_RESISTANCE=== 75000
OI_RESISTANCE CEoich val = 3808200.0  PEoich val = 458740.0 , CE > PE by 88.0%
OI_RESISTANCE TOTAL OI: CE= 6307520  PE= 2086180 , CE > PE by 66.9%
IS_MORNING_WINDOW= True  (active 9:15-9:48 IST)
================================================
==== signal check time ==== 2026-09-10 09:30:00.692190
IS_CHOI_DIFF_GT_25PERC== True
RSI_VAL1== 28.63
RSI_VAL2== 28.63
FUT_3m_OHLC O= 75161.0  H= 75200.0  L= 75161.0  C= 75176.5  Range= 39.0
CHART_PATTERN: None
newSynthFut =  74800
ATMStrike =  74800
AVG_OIPCR= 4.53
avgoiPCROld=  16.87
SUPP_RES = 75000
FUT LTP = 75176.5
CEchoi  PechOi = 3808200.0    458740.0
====================================
AVG_VOLPCR= 0.33
atmPCR= 0.18  belowATM  0.21
atmVolPCR= 0.11  belowATM  0.19
True   75176.5   75000   False   False   28.63
India VIX = 11.76  Spot Price = 74726.41
IV Regime = HIGH (ADAPTIVE: P25= 11.04  P50= 11.29  P75= 11.49 ) | DailyRange = 1255.4 | 3minCandleRange = 66.1 (theoretical= 110.1 ) | ATMoptionMove = 29.7 | SL = 104 | Target = 104 | TrailTrigger = 30 | Spread = 300 | Buffer = 53
IV Params refreshed: {'vix': 11.76, 'bn_price': 74726.41, 'regime': 'HIGH', 'regime_thresholds': 'P25=11.04 P50=11.29 P75=11.49', 'daily_range': 1255.4, 'candle_range': 66.1, 'atm_option_move': 29.7, 'sl_point': 104, 'target_point': 104, 'sl_pct_of_premium': 0.1, 'trail_trigger': 30, 'spread_width': 300, 'support_resistance_buffer': 53}
===
====after 3 min ochain==== 2026-09-10 09:33:00.015724
                                    oipcr   choipcr   CE_OI / PE_OI (same strike)
pcr1 =  BSE:SENSEX2691075500PE   0.07   -0.01 CALL added 1843400   PUT unwind -9960  CE_OI=4403960 PE_OI=313000
pcr2 =  BSE:SENSEX2691075400CE   0.08   -0.07 CALL added 819620   PUT unwind -58760  CE_OI=1960660 PE_OI=158840
pcr3 =  BSE:SENSEX2691075300PE   0.14   -0.06 CALL added 1125080   PUT unwind -63460  CE_OI=2695660 PE_OI=378780
pcr4 =  BSE:SENSEX2691075200CE   0.17   0.0 CALL added 1938760   PUT added 820  CE_OI=3723780 PE_OI=635020
pcr5 =  BSE:SENSEX2691075100CE   0.19   0.04 CALL added 1587200   PUT added 57060  CE_OI=3454140 PE_OI=673420
pcr6 =  BSE:SENSEX2691075000CE   0.31    0.11 CALL added 4109860   PUT added 432820  CE_OI=6609180 PE_OI=2060260
pcr7 =  BSE:SENSEX2691074900PE   0.46   0.34 CALL added 2862820   PUT added 961260  CE_OI=3670500 PE_OI=1681580
pcr8 =  BSE:SENSEX2691074800PE   0.94   0.98 CALL added 2842180   PUT added 2781360  CE_OI=3869220 PE_OI=3644580
pcr9 =  BSE:SENSEX2691074700PE   1.99   1.91 CALL added 1399460   PUT added 2667240  CE_OI=1671000 PE_OI=3324300
pcr10 =  BSE:SENSEX2691074600CE   5.29   4.95 CALL added 412940   PUT added 2045800  CE_OI=518900 PE_OI=2747040
pcr11 =  BSE:SENSEX2691074500PE   8.13   7.54 CALL added 426860   PUT added 3217020  CE_OI=579340 PE_OI=4711720
pcr12 =  BSE:SENSEX2691074400CE   18.79   16.32 CALL added 96240   PUT added 1570480  CE_OI=118780 PE_OI=2232380
pcr13 =  BSE:SENSEX2691074300PE   32.93   25.28 CALL added 50260   PUT added 1270640  CE_OI=62120 PE_OI=2045500
pcr14 =  BSE:SENSEX2691074200CE   35.93   25.19 CALL added 40700   PUT added 1025280  CE_OI=52260 PE_OI=1877860
pcr15 =  BSE:SENSEX2691074100CE   93.63   114.78 CALL added 8360   PUT added 959560  CE_OI=16620 PE_OI=1556180
pcr16 =  BSE:SENSEX2691074000PE   79.42   141.57 CALL added 15200   PUT added 2151860  CE_OI=51060 PE_OI=4055180
pcr17 =  BSE:SENSEX2691073900PE   244.56   2181.47 CALL added 340   PUT added 741700  CE_OI=4860 PE_OI=1188560
PCRSUM== 523.03
pcrSummation== 69.03
VOLPCRSUM== 5.449999999999999
spotLTP =  74728.13  ATM_STRIKE =  74700
IS_ATM_STRIKE_SHIFT = True  mapStrike = {74700: 74700}
avgOiPcrList2 = [np.float64(30.77)] atmStrikeNotShiftedCount= 1
True   1   1
SUPP_RES=== 74500  Buffer= 53
ANCHOR_COMPARE: spot=74728.13 fut=75130.1 basis(fut-spot)=401.97 | SR_spot(PRIMARY)=74500 SR_future=75000 SR_diff(fut-spot)=500 | PCRwin_spot(PRIMARY)=74700 PCRwin_future=75100
CEoich val =  426860.0  PEoich val =  3217020.0 , CE < PE by 86.7%
SUPP_RES TOTAL OI: CE= 579340  PE= 4711720 , CE < PE by 87.7%
INCR_CHOI: SUPP_RES=74500 role=SUPPORT fresh_CE=230280 fresh_PE=464300 -> PE_dominant by 50.4% (support HOLDING (bullish)) | cumulative CE=426860.0 PE=3217020.0
FUT_SUPP_RES=== 75000  (FUT_LTP= 75130.1 ) Buffer= 53
FUT CEoich val =  4109860.0  PEoich val =  432820.0 , CE > PE by 89.5%
FUT_SUPP_RES TOTAL OI: CE= 6609180  PE= 2060260 , CE > PE by 68.8%
OI_SUPP_RES: spot=74728.13 ATM=74700 (ATM_CE_OI=1671000 ATM_PE_OI=3324300) | SUPPORT=74500PE OI=4711720 (dist=-200) | RESISTANCE=75000CE OI=6609180 (dist=300)
OI_SUPPORT=== 74500
OI_SUPPORT CEoich val = 426860.0  PEoich val = 3217020.0 , CE < PE by 86.7%
OI_SUPPORT TOTAL OI: CE= 579340  PE= 4711720 , CE < PE by 87.7%
OI_RESISTANCE=== 75000
OI_RESISTANCE CEoich val = 4109860.0  PEoich val = 432820.0 , CE > PE by 89.5%
OI_RESISTANCE TOTAL OI: CE= 6609180  PE= 2060260 , CE > PE by 68.8%
IS_MORNING_WINDOW= True  (active 9:15-9:48 IST)
================================================
==== signal check time ==== 2026-09-10 09:33:00.653468
IS_CHOI_DIFF_GT_25PERC== True
RSI_VAL1== 25.54
RSI_VAL2== 25.54
FUT_3m_OHLC O= 75209.4  H= 75209.4  L= 75119.2  C= 75130.1  Range= 90.1
CHART_PATTERN_DETECTED: BEARISH_ENGULFING | OUTSIDE_BAR | DOUBLE_BOTTOM_FORMING | STRONG_MOMENTUM_BEAR
  PATTERN_CONTEXT: Body= -79.3  Range= 90.1  ExpectedRange= 66.1  RangeRatio= 1.36  O= 75209.4  H= 75209.4  L= 75119.2  C= 75130.1
newSynthFut =  74700
ATMStrike =  74700
AVG_OIPCR= 7.67
avgoiPCROld=  30.77
SUPP_RES = 74500
FUT LTP = 75130.1
CEchoi  PechOi = 426860.0    3217020.0
====================================
AVG_VOLPCR= 0.61
atmPCR= 0.19  belowATM  0.31
atmVolPCR= 0.19  belowATM  0.37
True   75130.1   74500   False   False   25.54
India VIX = 11.75  Spot Price = 74753.39
IV Regime = HIGH (ADAPTIVE: P25= 11.04  P50= 11.29  P75= 11.49 ) | DailyRange = 1254.8 | 3minCandleRange = 66.0 (theoretical= 110.1 ) | ATMoptionMove = 29.7 | SL = 104 | Target = 104 | TrailTrigger = 30 | Spread = 300 | Buffer = 53
IV Params refreshed: {'vix': 11.75, 'bn_price': 74753.39, 'regime': 'HIGH', 'regime_thresholds': 'P25=11.04 P50=11.29 P75=11.49', 'daily_range': 1254.8, 'candle_range': 66.0, 'atm_option_move': 29.7, 'sl_point': 104, 'target_point': 104, 'sl_pct_of_premium': 0.1, 'trail_trigger': 30, 'spread_width': 300, 'support_resistance_buffer': 53}
===
====after 3 min ochain==== 2026-09-10 09:36:00.027744
                                    oipcr   choipcr   CE_OI / PE_OI (same strike)
pcr1 =  BSE:SENSEX2691075600PE   0.05   -0.06 CALL added 907940   PUT unwind -50080  CE_OI=2224720 PE_OI=110000
pcr2 =  BSE:SENSEX2691075500PE   0.07   -0.0 CALL added 1941000   PUT unwind -4760  CE_OI=4501560 PE_OI=318200
pcr3 =  BSE:SENSEX2691075400CE   0.08   -0.07 CALL added 880200   PUT unwind -60240  CE_OI=2021240 PE_OI=157360
pcr4 =  BSE:SENSEX2691075300PE   0.14   -0.05 CALL added 1139940   PUT unwind -60700  CE_OI=2710520 PE_OI=381540
pcr5 =  BSE:SENSEX2691075200CE   0.17   0.0 CALL added 2074840   PUT added 5120  CE_OI=3859860 PE_OI=639320
pcr6 =  BSE:SENSEX2691075100CE   0.2    0.05 CALL added 1658420   PUT added 82040  CE_OI=3525360 PE_OI=698400
pcr7 =  BSE:SENSEX2691075000CE   0.31   0.12 CALL added 4386060   PUT added 523740  CE_OI=6885380 PE_OI=2151180
pcr8 =  BSE:SENSEX2691074900PE   0.47   0.35 CALL added 2937900   PUT added 1021900  CE_OI=3745580 PE_OI=1742220
pcr9 =  BSE:SENSEX2691074800PE   0.91   0.93 CALL added 3090340   PUT added 2869740  CE_OI=4117380 PE_OI=3732960
pcr10 =  BSE:SENSEX2691074700PE   1.99   1.91 CALL added 1503980   PUT added 2873420  CE_OI=1775520 PE_OI=3530480
pcr11 =  BSE:SENSEX2691074600CE   5.24   4.91 CALL added 448620   PUT added 2203560  CE_OI=554580 PE_OI=2904800
pcr12 =  BSE:SENSEX2691074500PE   8.36   7.85 CALL added 435480   PUT added 3418120  CE_OI=587960 PE_OI=4912820
pcr13 =  BSE:SENSEX2691074400CE   18.41   16.02 CALL added 103300   PUT added 1655280  CE_OI=125840 PE_OI=2317180
pcr14 =  BSE:SENSEX2691074300PE   27.8   20.93 CALL added 64740   PUT added 1355000  CE_OI=76600 PE_OI=2129860
pcr15 =  BSE:SENSEX2691074200CE   35.68   25.22 CALL added 42060   PUT added 1060820  CE_OI=53620 PE_OI=1913400
pcr16 =  BSE:SENSEX2691074100CE   90.91   108.32 CALL added 8860   PUT added 959700  CE_OI=17120 PE_OI=1556320
pcr17 =  BSE:SENSEX2691074000PE   74.41   114.83 CALL added 18920   PUT added 2172640  CE_OI=54780 PE_OI=4075960
PCRSUM== 265.2
pcrSummation== 36.06
VOLPCRSUM== 2.8899999999999997
spotLTP =  74753.39  ATM_STRIKE =  74800
IS_ATM_STRIKE_SHIFT = True  mapStrike = {74800: 74800}
avgOiPcrList2 = [np.float64(15.6)] atmStrikeNotShiftedCount= 1
True   1   1
SUPP_RES=== 75000  Buffer= 53
ANCHOR_COMPARE: spot=74753.39 fut=75179.55 basis(fut-spot)=426.16 | SR_spot(PRIMARY)=75000 SR_future=75000 SR_diff(fut-spot)=0 | PCRwin_spot(PRIMARY)=74800 PCRwin_future=75200
CEoich val =  4386060.0  PEoich val =  523740.0 , CE > PE by 88.1%
SUPP_RES TOTAL OI: CE= 6885380  PE= 2151180 , CE > PE by 68.8%
INCR_CHOI: SUPP_RES=75000 role=RESISTANCE fresh_CE=577860 fresh_PE=65000 -> CE_dominant by 88.8% (resistance HOLDING (bearish)) | cumulative CE=4386060.0 PE=523740.0
FUT_SUPP_RES=== 75000  (FUT_LTP= 75179.55 ) Buffer= 53
FUT CEoich val =  4386060.0  PEoich val =  523740.0 , CE > PE by 88.1%
FUT_SUPP_RES TOTAL OI: CE= 6885380  PE= 2151180 , CE > PE by 68.8%
OI_SUPP_RES: spot=74753.39 ATM=74800 (ATM_CE_OI=4117380 ATM_PE_OI=3732960) | SUPPORT=74500PE OI=4912820 (dist=-300) | RESISTANCE=75000CE OI=6885380 (dist=200)
OI_SUPPORT=== 74500
OI_SUPPORT CEoich val = 435480.0  PEoich val = 3418120.0 , CE < PE by 87.3%
OI_SUPPORT TOTAL OI: CE= 587960  PE= 4912820 , CE < PE by 88.0%
OI_RESISTANCE=== 75000
OI_RESISTANCE CEoich val = 4386060.0  PEoich val = 523740.0 , CE > PE by 88.1%
OI_RESISTANCE TOTAL OI: CE= 6885380  PE= 2151180 , CE > PE by 68.8%
IS_MORNING_WINDOW= True  (active 9:15-9:48 IST)
================================================
==== signal check time ==== 2026-09-10 09:36:00.682402
IS_CHOI_DIFF_GT_25PERC== True
RSI_VAL1== 33.75
RSI_VAL2== 33.75
FUT_3m_OHLC O= 75119.4  H= 75202.4  L= 75119.4  C= 75179.6  Range= 83.1
CHART_PATTERN_DETECTED: INSIDE_BAR | DOUBLE_TOP_FORMING | STRONG_MOMENTUM_BULL
  PATTERN_CONTEXT: Body= 60.2  Range= 83.1  ExpectedRange= 66.0  RangeRatio= 1.26  O= 75119.4  H= 75202.4  L= 75119.4  C= 75179.6
newSynthFut =  74800
ATMStrike =  74800
AVG_OIPCR= 4.01
avgoiPCROld=  15.6
SUPP_RES = 75000
FUT LTP = 75179.55
CEchoi  PechOi = 4386060.0    523740.0
====================================
AVG_VOLPCR= 0.32
atmPCR= 0.17  belowATM  0.2
atmVolPCR= 0.11  belowATM  0.18
True   75179.55   75000   False   False   33.75
India VIX = 11.75  Spot Price = 74728.34
IV Regime = HIGH (ADAPTIVE: P25= 11.04  P50= 11.29  P75= 11.49 ) | DailyRange = 1254.4 | 3minCandleRange = 66.0 (theoretical= 110.0 ) | ATMoptionMove = 29.7 | SL = 104 | Target = 104 | TrailTrigger = 30 | Spread = 300 | Buffer = 53
IV Params refreshed: {'vix': 11.75, 'bn_price': 74728.34, 'regime': 'HIGH', 'regime_thresholds': 'P25=11.04 P50=11.29 P75=11.49', 'daily_range': 1254.4, 'candle_range': 66.0, 'atm_option_move': 29.7, 'sl_point': 104, 'target_point': 104, 'sl_pct_of_premium': 0.1, 'trail_trigger': 30, 'spread_width': 300, 'support_resistance_buffer': 53}
===
====after 3 min ochain==== 2026-09-10 09:39:00.020988
                                    oipcr   choipcr   CE_OI / PE_OI (same strike)
pcr1 =  BSE:SENSEX2691075500PE   0.07   -0.0 CALL added 2034320   PUT unwind -4340  CE_OI=4594880 PE_OI=318620
pcr2 =  BSE:SENSEX2691075400CE   0.08   -0.06 CALL added 912220   PUT unwind -50820  CE_OI=2053260 PE_OI=166780
pcr3 =  BSE:SENSEX2691075300PE   0.14   -0.04 CALL added 1218520   PUT unwind -52740  CE_OI=2789100 PE_OI=389500
pcr4 =  BSE:SENSEX2691075200CE   0.17   0.01 CALL added 2124580   PUT added 20740  CE_OI=3909600 PE_OI=654940
pcr5 =  BSE:SENSEX2691075100CE   0.19   0.05 CALL added 1718200   PUT added 80580  CE_OI=3585140 PE_OI=696940
pcr6 =  BSE:SENSEX2691075000CE   0.32    0.13 CALL added 4462580   PUT added 572820  CE_OI=6961900 PE_OI=2200260
pcr7 =  BSE:SENSEX2691074900PE   0.47   0.35 CALL added 2962620   PUT added 1045740  CE_OI=3770300 PE_OI=1766060
pcr8 =  BSE:SENSEX2691074800PE   0.92   0.94 CALL added 3288140   PUT added 3097240  CE_OI=4315180 PE_OI=3960460
pcr9 =  BSE:SENSEX2691074700PE   2.03   1.96 CALL added 1572980   PUT added 3090380  CE_OI=1844520 PE_OI=3747440
pcr10 =  BSE:SENSEX2691074600CE   5.26   4.96 CALL added 470980   PUT added 2335380  CE_OI=576940 PE_OI=3036620
pcr11 =  BSE:SENSEX2691074500PE   8.33   7.84 CALL added 455400   PUT added 3570900  CE_OI=607880 PE_OI=5065600
pcr12 =  BSE:SENSEX2691074400CE   18.99   16.8 CALL added 107100   PUT added 1799420  CE_OI=129640 PE_OI=2461320
pcr13 =  BSE:SENSEX2691074300PE   28.91   22.19 CALL added 64320   PUT added 1427220  CE_OI=76180 PE_OI=2202080
pcr14 =  BSE:SENSEX2691074200CE   35.27   25.13 CALL added 43880   PUT added 1102800  CE_OI=55440 PE_OI=1955380
pcr15 =  BSE:SENSEX2691074100CE   88.8   103.24 CALL added 9480   PUT added 978720  CE_OI=17740 PE_OI=1575340
pcr16 =  BSE:SENSEX2691074000PE   73.72   109.49 CALL added 20700   PUT added 2266340  CE_OI=56560 PE_OI=4169660
pcr17 =  BSE:SENSEX2691073900PE   241.81   1010.98 CALL added 840   PUT added 849220  CE_OI=5360 PE_OI=1296080
PCRSUM== 505.48
pcrSummation== 65.42
VOLPCRSUM== 5.26
spotLTP =  74728.34  ATM_STRIKE =  74700
IS_ATM_STRIKE_SHIFT = True  mapStrike = {74700: 74700}
avgOiPcrList2 = [np.float64(29.73)] atmStrikeNotShiftedCount= 1
True   1   1
SUPP_RES=== 74500  Buffer= 53
ANCHOR_COMPARE: spot=74728.34 fut=75140.0 basis(fut-spot)=411.66 | SR_spot(PRIMARY)=74500 SR_future=75000 SR_diff(fut-spot)=500 | PCRwin_spot(PRIMARY)=74700 PCRwin_future=75100
CEoich val =  455400.0  PEoich val =  3570900.0 , CE < PE by 87.2%
SUPP_RES TOTAL OI: CE= 607880  PE= 5065600 , CE < PE by 88.0%
INCR_CHOI: SUPP_RES=74500 role=SUPPORT fresh_CE=28540 fresh_PE=353880 -> PE_dominant by 91.9% (support HOLDING (bullish)) | cumulative CE=455400.0 PE=3570900.0
FUT_SUPP_RES=== 75000  (FUT_LTP= 75140.0 ) Buffer= 53
FUT CEoich val =  4462580.0  PEoich val =  572820.0 , CE > PE by 87.2%
FUT_SUPP_RES TOTAL OI: CE= 6961900  PE= 2200260 , CE > PE by 68.4%
OI_SUPP_RES: spot=74728.34 ATM=74700 (ATM_CE_OI=1844520 ATM_PE_OI=3747440) | SUPPORT=74500PE OI=5065600 (dist=-200) | RESISTANCE=75000CE OI=6961900 (dist=300)
OI_SUPPORT=== 74500
OI_SUPPORT CEoich val = 455400.0  PEoich val = 3570900.0 , CE < PE by 87.2%
OI_SUPPORT TOTAL OI: CE= 607880  PE= 5065600 , CE < PE by 88.0%
OI_RESISTANCE=== 75000
OI_RESISTANCE CEoich val = 4462580.0  PEoich val = 572820.0 , CE > PE by 87.2%
OI_RESISTANCE TOTAL OI: CE= 6961900  PE= 2200260 , CE > PE by 68.4%
IS_MORNING_WINDOW= True  (active 9:15-9:48 IST)
================================================
==== signal check time ==== 2026-09-10 09:39:00.654583
IS_CHOI_DIFF_GT_25PERC== True
RSI_VAL1== 30.82
RSI_VAL2== 30.82
FUT_3m_OHLC O= 75172.0  H= 75188.2  L= 75140.0  C= 75140.0  Range= 48.2
CHART_PATTERN_DETECTED: INSIDE_BAR | DOUBLE_TOP_FORMING
  PATTERN_CONTEXT: Body= -32.0  Range= 48.2  ExpectedRange= 66.0  RangeRatio= 0.73  O= 75172.0  H= 75188.2  L= 75140.0  C= 75140.0
newSynthFut =  74700
ATMStrike =  74700
AVG_OIPCR= 7.27
avgoiPCROld=  29.73
SUPP_RES = 74500
FUT LTP = 75140.0
CEchoi  PechOi = 455400.0    3570900.0
====================================
AVG_VOLPCR= 0.58
atmPCR= 0.19  belowATM  0.32
atmVolPCR= 0.18  belowATM  0.36
True   75140.0   74500   False   False   30.82
India VIX = 11.89  Spot Price = 74728.74
IV Regime = HIGH (ADAPTIVE: P25= 11.04  P50= 11.29  P75= 11.49 ) | DailyRange = 1269.3 | 3minCandleRange = 66.8 (theoretical= 111.3 ) | ATMoptionMove = 30.1 | SL = 105 | Target = 105 | TrailTrigger = 30 | Spread = 300 | Buffer = 53
IV Params refreshed: {'vix': 11.89, 'bn_price': 74728.74, 'regime': 'HIGH', 'regime_thresholds': 'P25=11.04 P50=11.29 P75=11.49', 'daily_range': 1269.3, 'candle_range': 66.8, 'atm_option_move': 30.1, 'sl_point': 105, 'target_point': 105, 'sl_pct_of_premium': 0.1, 'trail_trigger': 30, 'spread_width': 300, 'support_resistance_buffer': 53}
===
====after 3 min ochain==== 2026-09-10 09:42:00.015440
                                    oipcr   choipcr   CE_OI / PE_OI (same strike)
pcr1 =  BSE:SENSEX2691075500PE   0.07   -0.01 CALL added 2047360   PUT unwind -15860  CE_OI=4607920 PE_OI=307100
pcr2 =  BSE:SENSEX2691075400CE   0.08   -0.06 CALL added 960440   PUT unwind -57000  CE_OI=2101480 PE_OI=160600
pcr3 =  BSE:SENSEX2691075300PE   0.14   -0.05 CALL added 1258440   PUT unwind -58520  CE_OI=2829020 PE_OI=383720
pcr4 =  BSE:SENSEX2691075200CE   0.17   0.02 CALL added 2198200   PUT added 52220  CE_OI=3983220 PE_OI=686420
pcr5 =  BSE:SENSEX2691075100CE   0.18   0.03 CALL added 1814340   PUT added 54300  CE_OI=3681280 PE_OI=670660
pcr6 =  BSE:SENSEX2691075000CE   0.29    0.1 CALL added 4907840   PUT added 500740  CE_OI=7407160 PE_OI=2128180
pcr7 =  BSE:SENSEX2691074900PE   0.42   0.3 CALL added 3117760   PUT added 936000  CE_OI=3925440 PE_OI=1656320
pcr8 =  BSE:SENSEX2691074800PE   0.89   0.91 CALL added 3288140   PUT added 2985820  CE_OI=4315180 PE_OI=3849040
pcr9 =  BSE:SENSEX2691074700PE   1.79   1.69 CALL added 1804740   PUT added 3051460  CE_OI=2076280 PE_OI=3708520
pcr10 =  BSE:SENSEX2691074600CE   4.81   4.45 CALL added 519380   PUT added 2309480  CE_OI=625340 PE_OI=3010720
pcr11 =  BSE:SENSEX2691074500PE   7.51   6.85 CALL added 530200   PUT added 3634040  CE_OI=682680 PE_OI=5128740
pcr12 =  BSE:SENSEX2691074400CE   17.87   15.61 CALL added 114560   PUT added 1788160  CE_OI=137100 PE_OI=2450060
pcr13 =  BSE:SENSEX2691074300PE   27.79   21.21 CALL added 67680   PUT added 1435240  CE_OI=79540 PE_OI=2210100
pcr14 =  BSE:SENSEX2691074200CE   34.01   24.01 CALL added 45940   PUT added 1102800  CE_OI=57500 PE_OI=1955380
pcr15 =  BSE:SENSEX2691074100CE   88.97   103.26 CALL added 9680   PUT added 999520  CE_OI=17940 PE_OI=1596140
pcr16 =  BSE:SENSEX2691074000PE   68.03   88.8 CALL added 25800   PUT added 2291160  CE_OI=61660 PE_OI=4194480
pcr17 =  BSE:SENSEX2691073900PE   253.83   1200.35 CALL added 740   PUT added 888260  CE_OI=5260 PE_OI=1335120
PCRSUM== 506.85
pcrSummation== 61.55
VOLPCRSUM== 5.21
spotLTP =  74728.74  ATM_STRIKE =  74700
IS_ATM_STRIKE_SHIFT = False  mapStrike = {74700: 74700}
avgOiPcrList2 = [np.float64(29.73), np.float64(29.81)] atmStrikeNotShiftedCount= 2
False   2   2
SUPP_RES=== 74500  Buffer= 53
ANCHOR_COMPARE: spot=74728.74 fut=75096.8 basis(fut-spot)=368.06 | SR_spot(PRIMARY)=74500 SR_future=75000 SR_diff(fut-spot)=500 | PCRwin_spot(PRIMARY)=74700 PCRwin_future=75100
CEoich val =  530200.0  PEoich val =  3634040.0 , CE < PE by 85.4%
SUPP_RES TOTAL OI: CE= 682680  PE= 5128740 , CE < PE by 86.7%
INCR_CHOI: SUPP_RES=74500 role=SUPPORT fresh_CE=74800 fresh_PE=63140 -> CE_dominant by 15.6% (support UNDERMINED (bearish warning)) | cumulative CE=530200.0 PE=3634040.0
FUT_SUPP_RES=== 75000  (FUT_LTP= 75096.8 ) Buffer= 53
FUT CEoich val =  4907840.0  PEoich val =  500740.0 , CE > PE by 89.8%
FUT_SUPP_RES TOTAL OI: CE= 7407160  PE= 2128180 , CE > PE by 71.3%
OI_SUPP_RES: spot=74728.74 ATM=74700 (ATM_CE_OI=2076280 ATM_PE_OI=3708520) | SUPPORT=74500PE OI=5128740 (dist=-200) | RESISTANCE=75000CE OI=7407160 (dist=300)
OI_SUPPORT=== 74500
OI_SUPPORT CEoich val = 530200.0  PEoich val = 3634040.0 , CE < PE by 85.4%
OI_SUPPORT TOTAL OI: CE= 682680  PE= 5128740 , CE < PE by 86.7%
OI_RESISTANCE=== 75000
OI_RESISTANCE CEoich val = 4907840.0  PEoich val = 500740.0 , CE > PE by 89.8%
OI_RESISTANCE TOTAL OI: CE= 7407160  PE= 2128180 , CE > PE by 71.3%
IS_MORNING_WINDOW= True  (active 9:15-9:48 IST)
================================================
==== signal check time ==== 2026-09-10 09:42:00.647354
IS_CHOI_DIFF_GT_25PERC== True
RSI_VAL1== 27.97
RSI_VAL2== 27.97
FUT_3m_OHLC O= 75119.3  H= 75125.8  L= 75096.8  C= 75096.8  Range= 29.1
CHART_PATTERN: None
newSynthFut =  74700
ATMStrike =  74700
AVG_OIPCR= 6.84
avgoiPCROld=  29.81
SUPP_RES = 74500
FUT LTP = 75096.8
CEchoi  PechOi = 530200.0    3634040.0
====================================
AVG_VOLPCR= 0.58
atmPCR= 0.18  belowATM  0.29
atmVolPCR= 0.18  belowATM  0.35
True   75096.8   74500   False   False   27.97
India VIX = 11.87  Spot Price = 74743.35
IV Regime = HIGH (ADAPTIVE: P25= 11.04  P50= 11.29  P75= 11.49 ) | DailyRange = 1267.4 | 3minCandleRange = 66.7 (theoretical= 111.2 ) | ATMoptionMove = 30.0 | SL = 105 | Target = 105 | TrailTrigger = 30 | Spread = 300 | Buffer = 53
IV Params refreshed: {'vix': 11.87, 'bn_price': 74743.35, 'regime': 'HIGH', 'regime_thresholds': 'P25=11.04 P50=11.29 P75=11.49', 'daily_range': 1267.4, 'candle_range': 66.7, 'atm_option_move': 30.0, 'sl_point': 105, 'target_point': 105, 'sl_pct_of_premium': 0.1, 'trail_trigger': 30, 'spread_width': 300, 'support_resistance_buffer': 53}
===
====after 3 min ochain==== 2026-09-10 09:45:00.013185
                                    oipcr   choipcr   CE_OI / PE_OI (same strike)
pcr1 =  BSE:SENSEX2691075500PE   0.07   -0.01 CALL added 2080680   PUT unwind -15360  CE_OI=4641240 PE_OI=307600
pcr2 =  BSE:SENSEX2691075400CE   0.07   -0.06 CALL added 998260   PUT unwind -59020  CE_OI=2139300 PE_OI=158580
pcr3 =  BSE:SENSEX2691075300PE   0.13   -0.04 CALL added 1297040   PUT unwind -57180  CE_OI=2867620 PE_OI=385060
pcr4 =  BSE:SENSEX2691075200CE   0.17   0.03 CALL added 2271040   PUT added 75160  CE_OI=4056060 PE_OI=709360
pcr5 =  BSE:SENSEX2691075100CE   0.18   0.04 CALL added 1921480   PUT added 80940  CE_OI=3788420 PE_OI=697300
pcr6 =  BSE:SENSEX2691075000CE   0.29    0.11 CALL added 4972980   PUT added 549740  CE_OI=7472300 PE_OI=2177180
pcr7 =  BSE:SENSEX2691074900PE   0.42   0.31 CALL added 3169880   PUT added 968620  CE_OI=3977560 PE_OI=1688940
pcr8 =  BSE:SENSEX2691074800PE   0.82   0.82 CALL added 3731820   PUT added 3057900  CE_OI=4758860 PE_OI=3921120
pcr9 =  BSE:SENSEX2691074700PE   1.84   1.75 CALL added 1852880   PUT added 3243300  CE_OI=2124420 PE_OI=3900360
pcr10 =  BSE:SENSEX2691074600CE   4.76   4.4 CALL added 539940   PUT added 2374000  CE_OI=645900 PE_OI=3075240
pcr11 =  BSE:SENSEX2691074500PE   7.91   7.36 CALL added 528940   PUT added 3893960  CE_OI=681420 PE_OI=5388660
pcr12 =  BSE:SENSEX2691074400CE   18.35   16.27 CALL added 119180   PUT added 1938960  CE_OI=141720 PE_OI=2600860
pcr13 =  BSE:SENSEX2691074300PE   28.42   22.1 CALL added 69220   PUT added 1529660  CE_OI=81080 PE_OI=2304520
pcr14 =  BSE:SENSEX2691074200CE   34.7   24.93 CALL added 46220   PUT added 1152140  CE_OI=57780 PE_OI=2004720
pcr15 =  BSE:SENSEX2691074100CE   92.81   111.16 CALL added 9260   PUT added 1029380  CE_OI=17520 PE_OI=1626000
pcr16 =  BSE:SENSEX2691074000PE   68.93   89.73 CALL added 27320   PUT added 2451500  CE_OI=63180 PE_OI=4354820
pcr17 =  BSE:SENSEX2691073900PE   253.54   1106.17 CALL added 820   PUT added 907060  CE_OI=5340 PE_OI=1353920
PCRSUM== 513.41
pcrSummation== 62.99
VOLPCRSUM== 5.119999999999999
spotLTP =  74743.35  ATM_STRIKE =  74700
IS_ATM_STRIKE_SHIFT = False  mapStrike = {74700: 74700}
avgOiPcrList2 = [np.float64(29.73), np.float64(29.81), np.float64(30.2)] atmStrikeNotShiftedCount= 3
False   3   3
SUPP_RES=== 74500  Buffer= 53
ANCHOR_COMPARE: spot=74743.35 fut=75158.9 basis(fut-spot)=415.55 | SR_spot(PRIMARY)=74500 SR_future=75000 SR_diff(fut-spot)=500 | PCRwin_spot(PRIMARY)=74700 PCRwin_future=75200
CEoich val =  528940.0  PEoich val =  3893960.0 , CE < PE by 86.4%
SUPP_RES TOTAL OI: CE= 681420  PE= 5388660 , CE < PE by 87.4%
INCR_CHOI: SUPP_RES=74500 role=SUPPORT fresh_CE=-1260 fresh_PE=259920 -> PE_dominant by 100.5% (support HOLDING (bullish)) | cumulative CE=528940.0 PE=3893960.0
FUT_SUPP_RES=== 75000  (FUT_LTP= 75158.9 ) Buffer= 53
FUT CEoich val =  4972980.0  PEoich val =  549740.0 , CE > PE by 88.9%
FUT_SUPP_RES TOTAL OI: CE= 7472300  PE= 2177180 , CE > PE by 70.9%
OI_SUPP_RES: spot=74743.35 ATM=74700 (ATM_CE_OI=2124420 ATM_PE_OI=3900360) | SUPPORT=74500PE OI=5388660 (dist=-200) | RESISTANCE=75000CE OI=7472300 (dist=300)
OI_SUPPORT=== 74500
OI_SUPPORT CEoich val = 528940.0  PEoich val = 3893960.0 , CE < PE by 86.4%
OI_SUPPORT TOTAL OI: CE= 681420  PE= 5388660 , CE < PE by 87.4%
OI_RESISTANCE=== 75000
OI_RESISTANCE CEoich val = 4972980.0  PEoich val = 549740.0 , CE > PE by 88.9%
OI_RESISTANCE TOTAL OI: CE= 7472300  PE= 2177180 , CE > PE by 70.9%
IS_MORNING_WINDOW= True  (active 9:15-9:48 IST)
================================================
==== signal check time ==== 2026-09-10 09:45:00.673927
IS_CHOI_DIFF_GT_25PERC== True
RSI_VAL1== 37.0
RSI_VAL2== 37.0
FUT_3m_OHLC O= 75140.0  H= 75208.0  L= 75140.0  C= 75158.9  Range= 68.1
CHART_PATTERN_DETECTED: INVERTED_HAMMER | DOUBLE_TOP_FORMING
  PATTERN_CONTEXT: Body= 18.9  Range= 68.1  ExpectedRange= 66.7  RangeRatio= 1.02  O= 75140.0  H= 75208.0  L= 75140.0  C= 75158.9
isPcrInc = True
newSynthFut =  74700
ATMStrike =  74700
AVG_OIPCR= 7.0
avgoiPCROld=  30.2
SUPP_RES = 74500
FUT LTP = 75158.9
CEchoi  PechOi = 528940.0    3893960.0
====================================
AVG_VOLPCR= 0.57
atmPCR= 0.18  belowATM  0.29
atmVolPCR= 0.18  belowATM  0.35
True   75158.9   74500   True   False   37.0
In Bull trade, slCount =  0  (mode= LOGIC2_TREND_CONVERGENCE )
SPREAD_CALC_AT_ENTRY: SyntheticATMStrike= 74800  ATM_PE= 197.85  ATM_CE= 158.2  AvgATM= 178.02
ATM_GREEKS: CE=BSE:SENSEX2691074800CE -> {'delta': 0.47, 'gamma': 0.0009, 'theta': -157.6, 'vega': 7.72, 'iv': 22.77}
ATM_GREEKS: PE=BSE:SENSEX2691074800PE -> {'delta': -0.53, 'gamma': 0.0009, 'theta': -157.6, 'vega': 7.72, 'iv': 22.77}
ATM_IV: ce_iv=22.77 pe_iv=22.77 avg_atm_iv=22.77 iv_skew(PE-CE)=0.0
==================================================
SPREAD_SELECTION (Sensex weekly): Type= DEBIT | DTE= 0 | PremRatio= 0.31 | IVRank= 0.85
SPREAD_REASONS: DTE=0(weekly) | PremRatio=0.31 | IVRank=0.85 | DECISION:DEBIT (IV_Rank>0.70 AND PremRatio<1.0 — high IV, cheap premium)
==================================================
SPREAD_DECISION_AT_ENTRY: {'type': 'DEBIT', 'score': -1, 'dte': 0, 'premium_ratio': 0.31, 'iv_rank': 0.85, 'vix_30d_high': 11.98, 'vix_30d_low': 10.48, 'reasons': ['DTE=0(weekly)', 'PremRatio=0.31', 'IVRank=0.85', 'DECISION:DEBIT (IV_Rank>0.70 AND PremRatio<1.0 — high IV, cheap premium)']}
ENTRY_MAIN_STRIKE: 74800 ( DEBIT -> synthATM )
ENTRY_ROUTING: spread_type= DEBIT  isBullish= True  isBearish= False
IV-Dynamic: SL= 105  Target= 105  Spread= 300
HEDGE_BY_DELTA: main=74800CE main_delta=0.46 target_hedge_delta=0.23 nearest_strike=75100 nearest_delta=0.23 -> snapped500=75500 (far_otm_snap) hedge=BSE:SENSEX2691075500CE hedge_delta=0.08
DELTA_CHECK: main=BSE:SENSEX2691074800CE delta=0.46
DELTA_CHECK: hedge=BSE:SENSEX2691075500CE delta=0.08
DELTA_CHECK: delta_ratio (|hedge|/|main|) = 0.174
=atmCE= BSE:SENSEX2691074800CE
=otmCE== BSE:SENSEX2691075500CE  entryPrice= 157.6  maxHedgePremium= 78.8
hedge_entry_price = 17.55
DEBIT_NET_DEBIT= 140.05
OPT_RANGE_DEBUG: symbol=BSE:SENSEX2691074800CE | total_candles_after_skip1st=9 | ranges=[46.8, 72.25, 17.7, 27.9, 30.4, 25.65, 24.9, 12.55, 33.0] | median_all=27.9
OPT_OHLC_ENTRY: symbol=BSE:SENSEX2691074800CE | candles=9 | open=[228.85, 197.8, 163.1, 178.0, 178.35, 157.0, 166.45, 156.8, 154.6] | high=[242.3, 225.25, 177.0, 194.7, 181.7, 180.85, 181.7, 164.15, 186.0] | low=[195.5, 153.0, 159.3, 166.8, 151.3, 155.2, 156.8, 151.6, 153.0] | close=[198.7, 163.5, 176.8, 178.6, 157.15, 167.15, 156.95, 154.5, 155.7] | median_range=27.9
OPT_RANGE_DEBUG: symbol=BSE:SENSEX2691075500CE | total_candles_after_skip1st=9 | ranges=[8.0, 8.7, 1.75, 3.05, 3.55, 2.8, 2.85, 1.45, 4.0] | median_all=3.05
OPT_OHLC_ENTRY: symbol=BSE:SENSEX2691075500CE | candles=9 | open=[29.45, 23.95, 20.3, 21.15, 20.5, 18.35, 18.75, 17.75, 17.35] | high=[31.85, 28.25, 20.95, 23.0, 21.15, 21.0, 20.45, 18.7, 21.3] | low=[23.85, 19.55, 19.2, 19.95, 17.6, 18.2, 17.6, 17.25, 17.3] | close=[24.05, 20.3, 20.95, 20.55, 18.55, 18.95, 17.8, 17.4, 17.5] | median_range=3.05
HEDGE_OFFSET: source=DELTA used_ratio=0.174 raw=0.174 | delta_ratio=0.174 range_ratio=0.109 premium_ratio=0.111 | (main_delta=0.46 hedge_delta=0.08 main_range=27.9 hedge_range=3.05) effective_sl=47 -> net_sl_points=38.83
RISK_SIZING: effective_sl_pre=47 main=157.6 hedge=17.55 main_range=27.9 hedge_range=3.05 FIXED_RISK=6000 -> qty=140 (7 lots)
DEBIT_ENTRY: qty= 140
MARGIN_CHECK: qty=140 (7 lots) margin_required=440679.69 avail=1002913.48 usable(97%)=972826.08
9 : 45 : 2  =>  BUY   SENSEX2691074800CE   140   MARKET
9 : 45 : 2  =>  SENSEX2691074800CE {'code': 1101, 'message': 'Successfully placed order', 's': 'ok', 'id_fyers': 'c50561b1-113f-4ebd-8efa-80f32f823206', 'id': '26091000063121'}
9 : 45 : 3  =>  SELL   SENSEX2691075500CE   140   MARKET
9 : 45 : 3  =>  SENSEX2691075500CE {'code': 1101, 'message': 'Successfully placed order', 's': 'ok', 'id_fyers': '8c5208a0-f78e-4ed9-a838-c32c23756212', 'id': '26091000063130'}
Exit OID:  {'code': 1101, 'message': 'Successfully placed order', 's': 'ok', 'id_fyers': 'c50561b1-113f-4ebd-8efa-80f32f823206', 'id': '26091000063121'}   {'code': 1101, 'message': 'Successfully placed order', 's': 'ok', 'id_fyers': '8c5208a0-f78e-4ed9-a838-c32c23756212', 'id': '26091000063130'}
after entry tradeATMOption = BSE:SENSEX2691074800CE
ENTRY_SL_TGT: spread= DEBIT  SL= 111.85  Target= 256.85  EntryPrem= 158.85  AnchorSrc= CANDLE_CLOSE  TrailTrigger= 59  SL_Source= OPTION_RANGE(median=27.9,SLx1.7,Tgtx3.5)  (iv_pts= 105  effective_sl= 47 )
09:46:01 In Trade ( DEBIT ). No Exit. ltp= 161.65  SL= 111.85  target= 256.85
09:47:00 In Trade ( DEBIT ). No Exit. ltp= 165.4  SL= 111.85  target= 256.85
09:49:01 In Trade ( DEBIT ). No Exit. ltp= 175.7  SL= 111.85  target= 256.85
09:50:00 In Trade ( DEBIT ). No Exit. ltp= 180.45  SL= 111.85  target= 256.85
09:51:01 In Trade ( DEBIT ). No Exit. ltp= 190.3  SL= 111.85  target= 256.85
09:52:00 In Trade ( DEBIT ). No Exit. ltp= 193.6  SL= 111.85  target= 256.85
09:53:00 In Trade ( DEBIT ). No Exit. ltp= 196.2  SL= 111.85  target= 256.85
09:54:01 In Trade ( DEBIT ). No Exit. ltp= 186.1  SL= 111.85  target= 256.85
09:55:00 In Trade ( DEBIT ). No Exit. ltp= 187.35  SL= 111.85  target= 256.85
09:56:00 In Trade ( DEBIT ). No Exit. ltp= 185.25  SL= 111.85  target= 256.85
09:57:01 In Trade ( DEBIT ). No Exit. ltp= 193.65  SL= 111.85  target= 256.85
09:58:00 In Trade ( DEBIT ). No Exit. ltp= 170.9  SL= 111.85  target= 256.85
10:00:01 In Trade ( DEBIT ). No Exit. ltp= 166.35  SL= 111.85  target= 256.85
10:01:00 In Trade ( DEBIT ). No Exit. ltp= 160.25  SL= 111.85  target= 256.85
10:02:01 In Trade ( DEBIT ). No Exit. ltp= 149.4  SL= 111.85  target= 256.85
10:03:00 In Trade ( DEBIT ). No Exit. ltp= 141.8  SL= 111.85  target= 256.85
10:04:00 In Trade ( DEBIT ). No Exit. ltp= 145.3  SL= 111.85  target= 256.85
10:05:01 In Trade ( DEBIT ). No Exit. ltp= 153.1  SL= 111.85  target= 256.85
10:06:00 In Trade ( DEBIT ). No Exit. ltp= 157.25  SL= 111.85  target= 256.85
10:07:00 In Trade ( DEBIT ). No Exit. ltp= 147.2  SL= 111.85  target= 256.85
10:08:01 In Trade ( DEBIT ). No Exit. ltp= 146.65  SL= 111.85  target= 256.85
10:09:00 In Trade ( DEBIT ). No Exit. ltp= 134.15  SL= 111.85  target= 256.85
10:11:01 In Trade ( DEBIT ). No Exit. ltp= 138.9  SL= 111.85  target= 256.85
10:12:00 In Trade ( DEBIT ). No Exit. ltp= 136.65  SL= 111.85  target= 256.85
10:13:01 In Trade ( DEBIT ). No Exit. ltp= 133.4  SL= 111.85  target= 256.85
10:14:01 In Trade ( DEBIT ). No Exit. ltp= 127.75  SL= 111.85  target= 256.85
10:15:00 In Trade ( DEBIT ). No Exit. ltp= 137.5  SL= 111.85  target= 256.85
10:16:01 In Trade ( DEBIT ). No Exit. ltp= 153.95  SL= 111.85  target= 256.85
10:17:01 In Trade ( DEBIT ). No Exit. ltp= 159.5  SL= 111.85  target= 256.85
10:18:00 In Trade ( DEBIT ). No Exit. ltp= 156.1  SL= 111.85  target= 256.85
10:19:01 In Trade ( DEBIT ). No Exit. ltp= 160.95  SL= 111.85  target= 256.85
10:20:01 In Trade ( DEBIT ). No Exit. ltp= 156.05  SL= 111.85  target= 256.85
10:21:00 In Trade ( DEBIT ). No Exit. ltp= 147.4  SL= 111.85  target= 256.85
10:22:01 In Trade ( DEBIT ). No Exit. ltp= 138.85  SL= 111.85  target= 256.85
