checkInstrument =  BSE:SENSEX-INDEX
sensexExpDate =  26JUL
BNFut (Sensex futures auto) = BSE:SENSEX26JULFUT
 -- not entered waiting for time--- 9 : 14
 -- not entered waiting for time--- 9 : 14
 -- not entered waiting for time--- 9 : 14
 -- not entered waiting for time--- 9 : 14
 -- not entered waiting for time--- 9 : 14
 -- not entered waiting for time--- 9 : 14
 -- not entered waiting for time--- 9 : 14
 -- not entered waiting for time--- 9 : 14
 -- not entered waiting for time--- 9 : 14
 -- not entered waiting for time--- 9 : 14
 -- not entered waiting for time--- 9 : 14
 -- not entered waiting for time--- 9 : 14
 -- not entered waiting for time--- 9 : 14
 -- not entered waiting for time--- 9 : 14
 -- not entered waiting for time--- 9 : 14
 -- not entered waiting for time--- 9 : 14
 -- not entered waiting for time--- 9 : 14
 -- not entered waiting for time--- 9 : 14
 -- not entered waiting for time--- 9 : 14
 -- not entered waiting for time--- 9 : 14
 -- not entered waiting for time--- 9 : 14
 -- not entered waiting for time--- 9 : 14
 -- not entered waiting for time--- 9 : 14
 -- not entered waiting for time--- 9 : 14
 -- not entered waiting for time--- 9 : 14
 -- not entered waiting for time--- 9 : 14
 -- not entered waiting for time--- 9 : 14
 -- not entered waiting for time--- 9 : 14
 -- not entered waiting for time--- 9 : 14
 -- not entered waiting for time--- 9 : 14
 -- not entered waiting for time--- 9 : 14
 -- not entered waiting for time--- 9 : 14
 -- not entered waiting for time--- 9 : 14
 -- not entered waiting for time--- 9 : 14
 -- not entered waiting for time--- 9 : 14
 -- not entered waiting for time--- 9 : 15
 -- not entered waiting for time--- 9 : 15
 -- not entered waiting for time--- 9 : 15
 -- not entered waiting for time--- 9 : 15
 -- not entered waiting for time--- 9 : 15
 -- not entered waiting for time--- 9 : 15
 -- not entered waiting for time--- 9 : 15
 -- not entered waiting for time--- 9 : 15
 -- not entered waiting for time--- 9 : 15
 -- not entered waiting for time--- 9 : 15
 -- not entered waiting for time--- 9 : 15
 -- not entered waiting for time--- 9 : 15
 -- not entered waiting for time--- 9 : 15
 -- not entered waiting for time--- 9 : 15
 -- not entered waiting for time--- 9 : 15
 -- not entered waiting for time--- 9 : 15
 -- not entered waiting for time--- 9 : 15
 -- not entered waiting for time--- 9 : 15
 -- not entered waiting for time--- 9 : 15
 -- not entered waiting for time--- 9 : 15
 -- not entered waiting for time--- 9 : 15
 -- not entered waiting for time--- 9 : 15
 -- not entered waiting for time--- 9 : 15
 -- not entered waiting for time--- 9 : 15
 -- not entered waiting for time--- 9 : 15
 -- not entered waiting for time--- 9 : 15
 -- not entered waiting for time--- 9 : 15
 -- not entered waiting for time--- 9 : 15
 -- not entered waiting for time--- 9 : 15
 -- not entered waiting for time--- 9 : 15
 -- not entered waiting for time--- 9 : 15
 -- not entered waiting for time--- 9 : 15
 -- not entered waiting for time--- 9 : 15
 -- not entered waiting for time--- 9 : 15
 -- not entered waiting for time--- 9 : 15
 -- not entered waiting for time--- 9 : 15
 -- not entered waiting for time--- 9 : 15
 -- not entered waiting for time--- 9 : 15
 -- not entered waiting for time--- 9 : 15
 -- not entered waiting for time--- 9 : 15
 -- not entered waiting for time--- 9 : 15
 -- not entered waiting for time--- 9 : 15
 -- not entered waiting for time--- 9 : 15
 -- not entered waiting for time--- 9 : 15
 -- not entered waiting for time--- 9 : 15
 -- not entered waiting for time--- 9 : 15
 -- not entered waiting for time--- 9 : 15
 -- not entered waiting for time--- 9 : 15
 -- not entered waiting for time--- 9 : 15
 -- not entered waiting for time--- 9 : 15
 -- not entered waiting for time--- 9 : 15
 -- not entered waiting for time--- 9 : 15
 -- not entered waiting for time--- 9 : 15
 -- not entered waiting for time--- 9 : 15
 -- not entered waiting for time--- 9 : 15
 -- not entered waiting for time--- 9 : 15
 -- not entered waiting for time--- 9 : 15
 -- not entered waiting for time--- 9 : 15
 -- not entered waiting for time--- 9 : 15
 -- not entered waiting for time--- 9 : 15
 -- not entered waiting for time--- 9 : 16
 -- not entered waiting for time--- 9 : 16
 -- not entered waiting for time--- 9 : 16
 -- not entered waiting for time--- 9 : 16
 -- not entered waiting for time--- 9 : 16
 -- not entered waiting for time--- 9 : 16
 -- not entered waiting for time--- 9 : 16
 -- not entered waiting for time--- 9 : 16
 -- not entered waiting for time--- 9 : 16
 -- not entered waiting for time--- 9 : 16
 -- not entered waiting for time--- 9 : 16
 -- not entered waiting for time--- 9 : 16
 -- not entered waiting for time--- 9 : 16
 -- not entered waiting for time--- 9 : 16
 -- not entered waiting for time--- 9 : 16
 -- not entered waiting for time--- 9 : 16
 -- not entered waiting for time--- 9 : 16
 -- not entered waiting for time--- 9 : 16
 -- not entered waiting for time--- 9 : 16
 -- not entered waiting for time--- 9 : 16
 -- not entered waiting for time--- 9 : 16
 -- not entered waiting for time--- 9 : 16
 -- not entered waiting for time--- 9 : 16
 -- not entered waiting for time--- 9 : 16
 -- not entered waiting for time--- 9 : 16
 -- not entered waiting for time--- 9 : 16
 -- not entered waiting for time--- 9 : 16
 -- not entered waiting for time--- 9 : 16
 -- not entered waiting for time--- 9 : 16
 -- not entered waiting for time--- 9 : 16
 -- not entered waiting for time--- 9 : 16
 -- not entered waiting for time--- 9 : 16
 -- not entered waiting for time--- 9 : 16
 -- not entered waiting for time--- 9 : 16
 -- not entered waiting for time--- 9 : 16
 -- not entered waiting for time--- 9 : 16
 -- not entered waiting for time--- 9 : 16
 -- not entered waiting for time--- 9 : 16
 -- not entered waiting for time--- 9 : 16
 -- not entered waiting for time--- 9 : 16
 -- not entered waiting for time--- 9 : 16
 -- not entered waiting for time--- 9 : 16
 -- not entered waiting for time--- 9 : 16
 -- not entered waiting for time--- 9 : 16
 -- not entered waiting for time--- 9 : 16
 -- not entered waiting for time--- 9 : 16
 -- not entered waiting for time--- 9 : 16
 -- not entered waiting for time--- 9 : 16
 -- not entered waiting for time--- 9 : 16
 -- not entered waiting for time--- 9 : 16
 -- not entered waiting for time--- 9 : 16
 -- not entered waiting for time--- 9 : 16
 -- not entered waiting for time--- 9 : 16
 -- not entered waiting for time--- 9 : 16
 -- not entered waiting for time--- 9 : 16
 -- not entered waiting for time--- 9 : 16
 -- not entered waiting for time--- 9 : 16
 -- not entered waiting for time--- 9 : 16
 -- not entered waiting for time--- 9 : 16
 -- not entered waiting for time--- 9 : 16
Waiting for first candle to form. Current Second ==  0    2
Waiting for first candle to form. Current Second ==  1    2
Waiting for first candle to form. Current Second ==  2    2
Waiting for first candle to form. Current Second ==  3    2
Waiting for first candle to form. Current Second ==  4    2
Waiting for first candle to form. Current Second ==  5    2
Waiting for first candle to form. Current Second ==  6    2
Waiting for first candle to form. Current Second ==  7    2
Waiting for first candle to form. Current Second ==  8    2
Waiting for first candle to form. Current Second ==  9    2
Waiting for first candle to form. Current Second ==  10    2
Waiting for first candle to form. Current Second ==  11    2
Waiting for first candle to form. Current Second ==  12    2
Waiting for first candle to form. Current Second ==  13    2
Waiting for first candle to form. Current Second ==  14    2
Waiting for first candle to form. Current Second ==  15    2
Waiting for first candle to form. Current Second ==  16    2
Waiting for first candle to form. Current Second ==  17    2
Waiting for first candle to form. Current Second ==  18    2
Waiting for first candle to form. Current Second ==  19    2
Waiting for first candle to form. Current Second ==  20    2
Waiting for first candle to form. Current Second ==  21    2
Waiting for first candle to form. Current Second ==  22    2
Waiting for first candle to form. Current Second ==  23    2
Waiting for first candle to form. Current Second ==  24    2
Waiting for first candle to form. Current Second ==  25    2
Waiting for first candle to form. Current Second ==  26    2
Waiting for first candle to form. Current Second ==  27    2
Waiting for first candle to form. Current Second ==  28    2
Waiting for first candle to form. Current Second ==  29    2
Waiting for first candle to form. Current Second ==  30    2
Waiting for first candle to form. Current Second ==  31    2
Waiting for first candle to form. Current Second ==  32    2
Waiting for first candle to form. Current Second ==  33    2
Waiting for first candle to form. Current Second ==  34    2
Waiting for first candle to form. Current Second ==  35    2
Waiting for first candle to form. Current Second ==  36    2
Waiting for first candle to form. Current Second ==  37    2
Waiting for first candle to form. Current Second ==  38    2
Waiting for first candle to form. Current Second ==  39    2
Waiting for first candle to form. Current Second ==  40    2
Waiting for first candle to form. Current Second ==  41    2
Waiting for first candle to form. Current Second ==  42    2
Waiting for first candle to form. Current Second ==  43    2
Waiting for first candle to form. Current Second ==  44    2
Waiting for first candle to form. Current Second ==  45    2
Waiting for first candle to form. Current Second ==  46    2
Waiting for first candle to form. Current Second ==  47    2
Waiting for first candle to form. Current Second ==  48    2
Waiting for first candle to form. Current Second ==  49    2
Waiting for first candle to form. Current Second ==  50    2
Waiting for first candle to form. Current Second ==  51    2
Waiting for first candle to form. Current Second ==  52    2
Waiting for first candle to form. Current Second ==  53    2
Waiting for first candle to form. Current Second ==  54    2
Waiting for first candle to form. Current Second ==  55    2
Waiting for first candle to form. Current Second ==  56    2
Waiting for first candle to form. Current Second ==  57    2
Waiting for first candle to form. Current Second ==  58    2
Waiting for first candle to form. Current Second ==  59    2
India VIX = 12.13  Spot Price = 77485.27
VIX_PERCENTILES_FETCHED: P25= 12.33  P50= 13.19  P75= 13.47  Min= 11.76  Max= 14.54
IV Regime = LOW (ADAPTIVE: P25= 12.33  P50= 13.19  P75= 13.47 ) | DailyRange = 1342.7 | 3minCandleRange = 70.7 (theoretical= 117.8 ) | ATMoptionMove = 31.8 | SL = 111 | Target = 111 | TrailTrigger = 32 | Spread = 300 | Buffer = 28
IV Params refreshed: {'vix': 12.13, 'bn_price': 77485.27, 'regime': 'LOW', 'regime_thresholds': 'P25=12.33 P50=13.19 P75=13.47', 'daily_range': 1342.7, 'candle_range': 70.7, 'atm_option_move': 31.8, 'sl_point': 111, 'target_point': 111, 'sl_pct_of_premium': 0.1, 'trail_trigger': 32, 'spread_width': 300, 'support_resistance_buffer': 28}
IV_RANK_DATA: VIX_30d_High= 14.54  VIX_30d_Low= 11.76  Current= 12.13  IV_Rank= 0.13
BSE:SENSEX-INDEX  strikecount= 8   fyers <fyers_apiv3.fyersModel.FyersModel object at 0x73450a7d3ec0>
===
====after 3 min ochain==== 2026-07-29 09:18:00.392254
                                    oipcr   choipcr   totalOI
pcr1 =  BSE:SENSEX26JUL78300PE   0.01   0.0 CALL added 90940   PUT added 260  OI= 8240
pcr2 =  BSE:SENSEX26JUL78200CE   0.02   0.0 CALL added 138160   PUT added 500  OI= 548140
pcr3 =  BSE:SENSEX26JUL78100PE   0.02   -0.2 CALL unwind -6920   PUT added 1360  OI= 8480
pcr4 =  BSE:SENSEX26JUL78000CE   0.09   0.62 CALL added 82760   PUT added 51140  OI= 1318320
pcr5 =  BSE:SENSEX26JUL77900CE   0.03   0.09 CALL added 71260   PUT added 6760  OI= 489080
pcr6 =  BSE:SENSEX26JUL77800CE   0.08    0.35 CALL added 71940   PUT added 25360  OI= 482560
pcr7 =  BSE:SENSEX26JUL77700CE   0.16   0.97 CALL added 41060   PUT added 39840  OI= 349620
pcr8 =  BSE:SENSEX26JUL77600CE   0.24   0.62 CALL added 125080   PUT added 77560  OI= 411100
pcr9 =  BSE:SENSEX26JUL77500CE   0.47   441.8 CALL added 880   PUT added 388780  OI= 1174540
pcr10 =  BSE:SENSEX26JUL77400PE   1.27   2.54 CALL added 222940   PUT added 566480  OI= 609300
pcr11 =  BSE:SENSEX26JUL77300PE   1.19   19.73 CALL added 15020   PUT added 296340  OI= 354360
pcr12 =  BSE:SENSEX26JUL77200PE   1.07   -3.92 CALL unwind -56120   PUT added 219980  OI= 295480
pcr13 =  BSE:SENSEX26JUL77100CE   0.75   -1.07 CALL unwind -94340   PUT added 101040  OI= 262060
pcr14 =  BSE:SENSEX26JUL77000PE   1.0   -1.41 CALL unwind -266080   PUT added 376300  OI= 1020580
pcr15 =  BSE:SENSEX26JUL76900PE   1.95   -1.09 CALL unwind -198360   PUT added 215800  OI= 692080
pcr16 =  BSE:SENSEX26JUL76800CE   1.86   -0.29 CALL unwind -188100   PUT added 54360  OI= 415620
pcr17 =  BSE:SENSEX26JUL76700CE   3.0   -0.73 CALL unwind -59680   PUT added 43540  OI= 241540
pcrSummation= 5.26  result =  ['BSE:SENSEX26JUL77900CE', 'BSE:SENSEX26JUL77800CE', 'BSE:SENSEX26JUL77700CE', 'BSE:SENSEX26JUL77600CE', 'BSE:SENSEX26JUL77500CE', 'BSE:SENSEX26JUL77400PE', 'BSE:SENSEX26JUL77300PE', 'BSE:SENSEX26JUL77200PE', 'BSE:SENSEX26JUL77100CE']
PCRSUM== 13.21
pcrSummation== 5.26
VOLPCRSUM== 1.2599999999999998
spotLTP =  77498.46  ATM_STRIKE =  77500
IS_ATM_STRIKE_SHIFT = False  mapStrike = {77500: 77500}
avgOiPcrList2 = [np.float64(0.78)] atmStrikeNotShiftedCount= 1
False   1   1
SUPP_RES=== 77500  Buffer= 28
CEoich val =  880.0  PEoich val =  388780.0 , CE < PE by 99.8%
SUPP_RES TOTAL OI: CE= 1174540  PE= 557760 , CE > PE by 52.5%
IS_MORNING_WINDOW= True  (active 9:15-9:48 IST)
================================================
==== signal check time ==== 2026-07-29 09:18:02.686963
IS_CHOI_DIFF_GT_25PERC== True
RSI_VAL1== 84.1
RSI_VAL2== 84.1
FUT_3m_OHLC O= 77302.0  H= 77502.0  L= 77288.0  C= 77502.0  Range= 214.0
CHART_PATTERN_DETECTED: STRONG_MOMENTUM_BULL
  PATTERN_CONTEXT: Body= 200.0  Range= 214.0  ExpectedRange= 70.7  RangeRatio= 3.03  O= 77302.0  H= 77502.0  L= 77288.0  C= 77502.0
newSynthFut =  77500
ATMStrike =  77500
AVG_OIPCR= 0.58
avgoiPCROld=  0.78
SUPP_RES = 77500
FUT LTP = 77502.0
CEchoi  PechOi = 880.0    388780.0
====================================
totalOIPCR = 1.18
AVG_VOLPCR= 0.14
atmPCR= 0.03  belowATM  0.08
atmVolPCR= 0.04  belowATM  0.1
True   77502.0   77500   False   False   84.1
curr Doji False
BSE:SENSEX26JUL77300PE  curr candle vol pcr = 1.16  PE= 1229520  CE= 1062500      cpr =  0.86
BSE:SENSEX26JUL77000PE  prev candle vol pcr = 0.44  PE= 168540  CE= 379360      cpr =  2.25
VOL_PRESSURE_WATCH: SINGLE_CANDLE_CALL_PRESSURE | currCPR= 0.86  prevCPR= 2.25
ATM_CE_premium= 376.0  ATM_PE_premium= 165.05
CE_PremChg= 218.0  PE_PremChg= -299.95
CandleBody= 200.0  PrevBody= -41.4  CandleRange= 214.0  Bullish
TotalVol= 2292020  PrevTotalVol= 547900  VolSpike= 4.18 x  SPIKE!
SCALP_SCORE: BULL | BullScore= 3  BearScore= 1 | Confidence= MEDIUM
  SCALP_BULL_REASONS: StrongBullCandle(93%) + VolSpike(4.18x)_bull + BreakoutCandle(3.0x)
DATAPOINT|09:18|FUT=77502.0|Body=200.0|PrevBody=-41.4|Range=214.0|RangeRatio=3.03|CurrVolPCR=1.16|PrevVolPCR=0.44|CurrCPR=0.86|PrevCPR=2.25|VolSpike=4.18|CE_PremChg=218.0|PE_PremChg=-299.95|BullScore=3|BearScore=1|Dir=BULL|Conf=MEDIUM
CHART_PATTERN_DETECTED: STRONG_MOMENTUM_BULL
  PATTERN_CONTEXT: Body= 200.0  Range= 214.0  ExpectedRange= 70.7  RangeRatio= 3.03  O= 77302.0  H= 77502.0  L= 77288.0  C= 77502.0
BSE:SENSEX-INDEX  strikecount= 3   fyers <fyers_apiv3.fyersModel.FyersModel object at 0x73450a7d3ec0>
======================================
oipcr1 =  BSE:SENSEX26JUL77800CE   0.08
oipcr2 =  BSE:SENSEX26JUL77700CE   0.16
oipcr3 =  BSE:SENSEX26JUL77600CE   0.24
oipcrBull = NoEntry  bulcount= 0  bearcount= 3 oipcrBear= BearTrade
atmpcr5 pcr6= 0.47    1.27
No Entry Yet
India VIX = 12.18  Spot Price = 77425.74
IV Regime = LOW (ADAPTIVE: P25= 12.33  P50= 13.19  P75= 13.47 ) | DailyRange = 1347.2 | 3minCandleRange = 70.9 (theoretical= 118.2 ) | ATMoptionMove = 31.9 | SL = 112 | Target = 112 | TrailTrigger = 32 | Spread = 300 | Buffer = 28
IV Params refreshed: {'vix': 12.18, 'bn_price': 77425.74, 'regime': 'LOW', 'regime_thresholds': 'P25=12.33 P50=13.19 P75=13.47', 'daily_range': 1347.2, 'candle_range': 70.9, 'atm_option_move': 31.9, 'sl_point': 112, 'target_point': 112, 'sl_pct_of_premium': 0.1, 'trail_trigger': 32, 'spread_width': 300, 'support_resistance_buffer': 28}
BSE:SENSEX-INDEX  strikecount= 8   fyers <fyers_apiv3.fyersModel.FyersModel object at 0x73450a7d3ec0>
===
====after 3 min ochain==== 2026-07-29 09:21:00.000001
                                    oipcr   choipcr   totalOI
pcr1 =  BSE:SENSEX26JUL78200CE   0.01   0.0 CALL added 449320   PUT added 500  OI= 859300
pcr2 =  BSE:SENSEX26JUL78100PE   0.03   -0.83 CALL unwind -6920   PUT added 5740  OI= 12860
pcr3 =  BSE:SENSEX26JUL78000CE   0.14   0.45 CALL added 321260   PUT added 143520  OI= 1556820
pcr4 =  BSE:SENSEX26JUL77900CE   0.08   0.23 CALL added 184420   PUT added 43220  OI= 602240
pcr5 =  BSE:SENSEX26JUL77800CE   0.19   0.44 CALL added 249760   PUT added 110100  OI= 660380
pcr6 =  BSE:SENSEX26JUL77700CE   0.27    0.65 CALL added 175980   PUT added 113700  OI= 484540
pcr7 =  BSE:SENSEX26JUL77600CE   0.4   0.67 CALL added 341660   PUT added 227340  OI= 627680
pcr8 =  BSE:SENSEX26JUL77500CE   0.82   3.16 CALL added 338400   PUT added 1070740  OI= 1512060
pcr9 =  BSE:SENSEX26JUL77400PE   1.5   2.15 CALL added 522720   PUT added 1125720  OI= 1168540
pcr10 =  BSE:SENSEX26JUL77300PE   0.99   3.9 CALL added 76000   PUT added 296340  OI= 354360
pcr11 =  BSE:SENSEX26JUL77200PE   1.66   -36.18 CALL unwind -12620   PUT added 456640  OI= 532140
pcr12 =  BSE:SENSEX26JUL77100CE   1.5   -2.16 CALL unwind -120380   PUT added 259580  OI= 236020
pcr13 =  BSE:SENSEX26JUL77000PE   1.65   -3.88 CALL unwind -266080   PUT added 1032580  OI= 1676860
pcr14 =  BSE:SENSEX26JUL76900PE   3.05   -3.05 CALL unwind -198360   PUT added 604320  OI= 1080600
pcr15 =  BSE:SENSEX26JUL76800CE   2.09   -0.23 CALL unwind -233420   PUT added 54360  OI= 370300
pcr16 =  BSE:SENSEX26JUL76700CE   3.54   -2.89 CALL unwind -59680   PUT added 172240  OI= 241540
pcr17 =  BSE:SENSEX26JUL76600PE   5.19   -2.21 CALL unwind -25880   PUT added 57260  OI= 633400
pcrSummation= 7.41  result =  ['BSE:SENSEX26JUL77900CE', 'BSE:SENSEX26JUL77800CE', 'BSE:SENSEX26JUL77700CE', 'BSE:SENSEX26JUL77600CE', 'BSE:SENSEX26JUL77500CE', 'BSE:SENSEX26JUL77400PE', 'BSE:SENSEX26JUL77300PE', 'BSE:SENSEX26JUL77200PE', 'BSE:SENSEX26JUL77100CE']
PCRSUM== 23.11
pcrSummation== 7.41
VOLPCRSUM== 2.5
spotLTP =  77421.91  ATM_STRIKE =  77400
IS_ATM_STRIKE_SHIFT = True  mapStrike = {77400: 77400}
avgOiPcrList2 = [np.float64(1.36)] atmStrikeNotShiftedCount= 1
True   1   1
SUPP_RES=== 77500  Buffer= 28
CEoich val =  338400.0  PEoich val =  1070740.0 , CE < PE by 68.4%
SUPP_RES TOTAL OI: CE= 1512060  PE= 1239720 , CE > PE by 18.0%
IS_MORNING_WINDOW= True  (active 9:15-9:48 IST)
================================================
==== signal check time ==== 2026-07-29 09:21:01.442205
IS_CHOI_DIFF_GT_25PERC== True
RSI_VAL1== 83.9
RSI_VAL2== 83.9
FUT_3m_OHLC O= 77510.4  H= 77510.4  L= 77486.5  C= 77500.0  Range= 23.9
CHART_PATTERN_DETECTED: DOUBLE_TOP_FORMING
  PATTERN_CONTEXT: Body= -10.4  Range= 23.9  ExpectedRange= 70.9  RangeRatio= 0.34  O= 77510.4  H= 77510.4  L= 77486.5  C= 77500.0
newSynthFut =  77500
ATMStrike =  77400
AVG_OIPCR= 0.82
avgoiPCROld=  1.36
SUPP_RES = 77500
FUT LTP = 77500.0
CEchoi  PechOi = 338400.0    1070740.0
====================================
totalOIPCR = 1.24
AVG_VOLPCR= 0.28
atmPCR= 0.19  belowATM  0.27
atmVolPCR= 0.11  belowATM  0.18
True   77500.0   77500   False   False   83.9
curr Doji False
BSE:SENSEX26JUL77500PE  curr candle vol pcr = 1.41  PE= 1461280  CE= 1033880      cpr =  0.71
BSE:SENSEX26JUL77300PE  prev candle vol pcr = 1.16  PE= 1229520  CE= 1062500      cpr =  0.86
ATM_CE_premium= 256.05  ATM_PE_premium= 268.75
CE_PremChg= 0.1  PE_PremChg= 24.15
CandleBody= -10.4  PrevBody= 200.0  CandleRange= 23.9  Bearish
TotalVol= 2495160  PrevTotalVol= 2292020  VolSpike= 1.09 x 
SCALP_SCORE: NEUTRAL | BullScore= 0  BearScore= 0 | Confidence= LOW
DATAPOINT|09:21|FUT=77500.0|Body=-10.4|PrevBody=200.0|Range=23.9|RangeRatio=0.34|CurrVolPCR=1.41|PrevVolPCR=1.16|CurrCPR=0.71|PrevCPR=0.86|VolSpike=1.09|CE_PremChg=0.1|PE_PremChg=24.15|BullScore=0|BearScore=0|Dir=NEUTRAL|Conf=LOW
CHART_PATTERN_DETECTED: DOUBLE_TOP_FORMING
  PATTERN_CONTEXT: Body= -10.4  Range= 23.9  ExpectedRange= 70.9  RangeRatio= 0.34  O= 77510.4  H= 77510.4  L= 77486.5  C= 77500.0
BSE:SENSEX-INDEX  strikecount= 3   fyers <fyers_apiv3.fyersModel.FyersModel object at 0x73450a7d3ec0>
======================================
oipcr1 =  BSE:SENSEX26JUL77700CE   0.27
oipcr2 =  BSE:SENSEX26JUL77600CE   0.4
oipcr3 =  BSE:SENSEX26JUL77500CE   0.82
oipcrBull = NoEntry  bulcount= 0  bearcount= 3 oipcrBear= BearTrade
atmpcr5 pcr6= 1.5    0.99
No Entry Yet
India VIX = 12.39  Spot Price = 77408.27
IV Regime = NORMAL (ADAPTIVE: P25= 12.33  P50= 13.19  P75= 13.47 ) | DailyRange = 1370.1 | 3minCandleRange = 72.1 (theoretical= 120.2 ) | ATMoptionMove = 32.4 | SL = 114 | Target = 114 | TrailTrigger = 32 | Spread = 300 | Buffer = 36
IV Params refreshed: {'vix': 12.39, 'bn_price': 77408.27, 'regime': 'NORMAL', 'regime_thresholds': 'P25=12.33 P50=13.19 P75=13.47', 'daily_range': 1370.1, 'candle_range': 72.1, 'atm_option_move': 32.4, 'sl_point': 114, 'target_point': 114, 'sl_pct_of_premium': 0.1, 'trail_trigger': 32, 'spread_width': 300, 'support_resistance_buffer': 36}
BSE:SENSEX-INDEX  strikecount= 8   fyers <fyers_apiv3.fyersModel.FyersModel object at 0x73450a7d3ec0>
===
====after 3 min ochain==== 2026-07-29 09:24:00.000004
                                    oipcr   choipcr   totalOI
pcr1 =  BSE:SENSEX26JUL78200CE   0.03   0.03 CALL added 483600   PUT added 13960  OI= 893580
pcr2 =  BSE:SENSEX26JUL78100PE   0.02   0.05 CALL added 132860   PUT added 6880  OI= 14000
pcr3 =  BSE:SENSEX26JUL78000CE   0.14   0.39 CALL added 377860   PUT added 147200  OI= 1613420
pcr4 =  BSE:SENSEX26JUL77900CE   0.09   0.22 CALL added 222700   PUT added 50020  OI= 640520
pcr5 =  BSE:SENSEX26JUL77800CE   0.21   0.45 CALL added 297780   PUT added 135340  OI= 708400
pcr6 =  BSE:SENSEX26JUL77700CE   0.28    0.57 CALL added 243840   PUT added 137780  OI= 552400
pcr7 =  BSE:SENSEX26JUL77600CE   0.43   0.65 CALL added 463320   PUT added 302360  OI= 749340
pcr8 =  BSE:SENSEX26JUL77500CE   0.99   3.78 CALL added 358260   PUT added 1353560  OI= 1531920
pcr9 =  BSE:SENSEX26JUL77400PE   1.53   2.07 CALL added 647620   PUT added 1343340  OI= 1386160
pcr10 =  BSE:SENSEX26JUL77300PE   1.74   5.03 CALL added 132080   PUT added 664240  OI= 722260
pcr11 =  BSE:SENSEX26JUL77200PE   1.65   13.32 CALL added 40580   PUT added 540620  OI= 616120
pcr12 =  BSE:SENSEX26JUL77100CE   1.89   -2.64 CALL unwind -127300   PUT added 336680  OI= 229100
pcr13 =  BSE:SENSEX26JUL77000PE   2.19   -2.75 CALL unwind -438760   PUT added 1206860  OI= 1851140
pcr14 =  BSE:SENSEX26JUL76900PE   4.39   -2.54 CALL unwind -281500   PUT added 714020  OI= 1190300
pcr15 =  BSE:SENSEX26JUL76800CE   2.86   -0.89 CALL unwind -268760   PUT added 240420  OI= 334960
pcr16 =  BSE:SENSEX26JUL76700CE   5.51   -3.67 CALL unwind -106400   PUT added 390500  OI= 194820
pcr17 =  BSE:SENSEX26JUL76600PE   5.43   -2.74 CALL unwind -27760   PUT added 76180  OI= 652320
pcrSummation= 8.81  result =  ['BSE:SENSEX26JUL77900CE', 'BSE:SENSEX26JUL77800CE', 'BSE:SENSEX26JUL77700CE', 'BSE:SENSEX26JUL77600CE', 'BSE:SENSEX26JUL77500CE', 'BSE:SENSEX26JUL77400PE', 'BSE:SENSEX26JUL77300PE', 'BSE:SENSEX26JUL77200PE', 'BSE:SENSEX26JUL77100CE']
PCRSUM== 29.38
pcrSummation== 8.81
VOLPCRSUM== 3.2199999999999998
spotLTP =  77408.27  ATM_STRIKE =  77400
IS_ATM_STRIKE_SHIFT = False  mapStrike = {77400: 77400}
avgOiPcrList2 = [np.float64(1.36), np.float64(1.73)] atmStrikeNotShiftedCount= 2
False   2   2
SUPP_RES=== 77500  Buffer= 36
CEoich val =  358260.0  PEoich val =  1353560.0 , CE < PE by 73.5%
SUPP_RES TOTAL OI: CE= 1531920  PE= 1522540 , CE > PE by 0.6%
IS_MORNING_WINDOW= True  (active 9:15-9:48 IST)
================================================
==== signal check time ==== 2026-07-29 09:24:01.351180
IS_CHOI_DIFF_GT_25PERC== True
RSI_VAL1== 83.9
RSI_VAL2== 83.9
FUT_3m_OHLC O= 77500.0  H= 77500.0  L= 77500.0  C= 77500.0  Range= 0.0
CHART_PATTERN_DETECTED: INSIDE_BAR | DOUBLE_TOP_FORMING
  PATTERN_CONTEXT: Body= 0.0  Range= 0.0  ExpectedRange= 72.1  RangeRatio= 0.0  O= 77500.0  H= 77500.0  L= 77500.0  C= 77500.0
newSynthFut =  77500
ATMStrike =  77400
AVG_OIPCR= 0.98
avgoiPCROld=  1.73
SUPP_RES = 77500
FUT LTP = 77500.0
CEchoi  PechOi = 358260.0    1353560.0
====================================
totalOIPCR = 1.25
AVG_VOLPCR= 0.36
atmPCR= 0.21  belowATM  0.28
atmVolPCR= 0.14  belowATM  0.21
True   77500.0   77500   False   False   83.9
curr Doji False
/home/ubuntu/trading-bot/Strategy_Sensex_May_2026.py:1508: RuntimeWarning: divide by zero encountered in scalar divide
  currPCR = round(currVolumePE[-2] / currVolumeCE[-2], 2)
BSE:SENSEX26JUL77500PE  curr candle vol pcr = inf  PE= 1571520  CE= 0      cpr =  0.0
BSE:SENSEX26JUL77500PE  prev candle vol pcr = 1.41  PE= 1461280  CE= 1033880      cpr =  0.71
VOL_PRESSURE_WATCH: SINGLE_CANDLE_PUT_PRESSURE | currPCR= inf  prevPCR= 1.41
ATM_CE_premium= 256.05  ATM_PE_premium= 284.2
CE_PremChg= 0.0  PE_PremChg= 15.45
CandleBody= 0.0  PrevBody= -10.4  CandleRange= 0.0  Doji
TotalVol= 1571520  PrevTotalVol= 2495160  VolSpike= 0.63 x 
SCALP_SCORE: BULL | BullScore= 1  BearScore= 0 | Confidence= LOW
DATAPOINT|09:24|FUT=77500.0|Body=0.0|PrevBody=-10.4|Range=0.0|RangeRatio=0.0|CurrVolPCR=inf|PrevVolPCR=1.41|CurrCPR=0.0|PrevCPR=0.71|VolSpike=0.63|CE_PremChg=0.0|PE_PremChg=15.45|BullScore=1|BearScore=0|Dir=BULL|Conf=LOW
CHART_PATTERN_DETECTED: INSIDE_BAR | DOUBLE_TOP_FORMING
  PATTERN_CONTEXT: Body= 0.0  Range= 0.0  ExpectedRange= 72.1  RangeRatio= 0.0  O= 77500.0  H= 77500.0  L= 77500.0  C= 77500.0
BSE:SENSEX-INDEX  strikecount= 3   fyers <fyers_apiv3.fyersModel.FyersModel object at 0x73450a7d3ec0>
======================================
oipcr1 =  BSE:SENSEX26JUL77700CE   0.28
oipcr2 =  BSE:SENSEX26JUL77600CE   0.43
oipcr3 =  BSE:SENSEX26JUL77500CE   0.99
oipcrBull = NoEntry  bulcount= 0  bearcount= 3 oipcrBear= BearTrade
atmpcr5 pcr6= 1.53    1.74
No Entry Yet
India VIX = 12.36  Spot Price = 77451.13
IV Regime = NORMAL (ADAPTIVE: P25= 12.33  P50= 13.19  P75= 13.47 ) | DailyRange = 1367.6 | 3minCandleRange = 72.0 (theoretical= 119.9 ) | ATMoptionMove = 32.4 | SL = 113 | Target = 113 | TrailTrigger = 32 | Spread = 300 | Buffer = 36
IV Params refreshed: {'vix': 12.36, 'bn_price': 77451.13, 'regime': 'NORMAL', 'regime_thresholds': 'P25=12.33 P50=13.19 P75=13.47', 'daily_range': 1367.6, 'candle_range': 72.0, 'atm_option_move': 32.4, 'sl_point': 113, 'target_point': 113, 'sl_pct_of_premium': 0.1, 'trail_trigger': 32, 'spread_width': 300, 'support_resistance_buffer': 36}
BSE:SENSEX-INDEX  strikecount= 8   fyers <fyers_apiv3.fyersModel.FyersModel object at 0x73450a7d3ec0>
===
====after 3 min ochain==== 2026-07-29 09:27:00.000003
                                    oipcr   choipcr   totalOI
pcr1 =  BSE:SENSEX26JUL78300PE   0.02   0.04 CALL added 338380   PUT added 12080  OI= 20060
pcr2 =  BSE:SENSEX26JUL78200CE   0.03   0.02 CALL added 592320   PUT added 14280  OI= 1002300
pcr3 =  BSE:SENSEX26JUL78100PE   0.02   0.06 CALL added 132860   PUT added 7360  OI= 14480
pcr4 =  BSE:SENSEX26JUL78000CE   0.12   0.28 CALL added 479440   PUT added 135220  OI= 1715000
pcr5 =  BSE:SENSEX26JUL77900CE   0.09   0.19 CALL added 267980   PUT added 52220  OI= 685800
pcr6 =  BSE:SENSEX26JUL77800CE   0.19    0.35 CALL added 401400   PUT added 140300  OI= 812020
pcr7 =  BSE:SENSEX26JUL77700CE   0.26   0.45 CALL added 365500   PUT added 162840  OI= 674060
pcr8 =  BSE:SENSEX26JUL77600CE   0.48   0.68 CALL added 579040   PUT added 395820  OI= 865060
pcr9 =  BSE:SENSEX26JUL77500CE   0.97   3.69 CALL added 358260   PUT added 1321000  OI= 1531920
pcr10 =  BSE:SENSEX26JUL77400PE   1.31   1.66 CALL added 835400   PUT added 1383100  OI= 1425920
pcr11 =  BSE:SENSEX26JUL77300PE   1.63   3.74 CALL added 189140   PUT added 708160  OI= 766180
pcr12 =  BSE:SENSEX26JUL77200PE   1.62   7.95 CALL added 73160   PUT added 581920  OI= 657420
pcr13 =  BSE:SENSEX26JUL77100CE   1.83   -4.44 CALL unwind -88900   PUT added 394860  OI= 267500
pcr14 =  BSE:SENSEX26JUL77000PE   2.21   -2.87 CALL unwind -430380   PUT added 1235180  OI= 1879460
pcr15 =  BSE:SENSEX26JUL76900PE   4.28   -2.43 CALL unwind -281500   PUT added 685160  OI= 1161440
pcr16 =  BSE:SENSEX26JUL76800CE   3.04   -0.93 CALL unwind -280980   PUT added 262440  OI= 322740
pcr17 =  BSE:SENSEX26JUL76700CE   5.88   -3.46 CALL unwind -116580   PUT added 403380  OI= 184640
pcrSummation= 8.379999999999999  result =  ['BSE:SENSEX26JUL77900CE', 'BSE:SENSEX26JUL77800CE', 'BSE:SENSEX26JUL77700CE', 'BSE:SENSEX26JUL77600CE', 'BSE:SENSEX26JUL77500CE', 'BSE:SENSEX26JUL77400PE', 'BSE:SENSEX26JUL77300PE', 'BSE:SENSEX26JUL77200PE', 'BSE:SENSEX26JUL77100CE']
PCRSUM== 23.98
pcrSummation== 8.38
VOLPCRSUM== 2.4000000000000004
spotLTP =  77451.13  ATM_STRIKE =  77500
IS_ATM_STRIKE_SHIFT = True  mapStrike = {77500: 77500}
avgOiPcrList2 = [np.float64(1.41)] atmStrikeNotShiftedCount= 1
True   1   1
SUPP_RES=== 77500  Buffer= 36
CEoich val =  358260.0  PEoich val =  1321000.0 , CE < PE by 72.9%
SUPP_RES TOTAL OI: CE= 1531920  PE= 1489980 , CE > PE by 2.7%
IS_MORNING_WINDOW= True  (active 9:15-9:48 IST)
================================================
==== signal check time ==== 2026-07-29 09:27:01.426202
IS_CHOI_DIFF_GT_25PERC== True
RSI_VAL1== 83.9
RSI_VAL2== 83.9
FUT_3m_OHLC O= 77500.0  H= 77500.0  L= 77500.0  C= 77500.0  Range= 0.0
CHART_PATTERN_DETECTED: INSIDE_BAR | DOUBLE_TOP_FORMING
  PATTERN_CONTEXT: Body= 0.0  Range= 0.0  ExpectedRange= 72.0  RangeRatio= 0.0  O= 77500.0  H= 77500.0  L= 77500.0  C= 77500.0
newSynthFut =  77500
ATMStrike =  77500
AVG_OIPCR= 0.93
avgoiPCROld=  1.41
SUPP_RES = 77500
FUT LTP = 77500.0
CEchoi  PechOi = 358260.0    1321000.0
====================================
totalOIPCR = 1.22
AVG_VOLPCR= 0.27
atmPCR= 0.09  belowATM  0.19
atmVolPCR= 0.06  belowATM  0.15
True   77500.0   77500   False   False   83.9
curr Doji False
/home/ubuntu/trading-bot/Strategy_Sensex_May_2026.py:1508: RuntimeWarning: divide by zero encountered in scalar divide
  currPCR = round(currVolumePE[-2] / currVolumeCE[-2], 2)
/home/ubuntu/trading-bot/Strategy_Sensex_May_2026.py:1509: RuntimeWarning: divide by zero encountered in scalar divide
  prevPCR = round(prevVolumePE[-3] / prevVolumeCE[-3], 2)
BSE:SENSEX26JUL77500PE  curr candle vol pcr = inf  PE= 997680  CE= 0      cpr =  0.0
BSE:SENSEX26JUL77500PE  prev candle vol pcr = inf  PE= 1571520  CE= 0      cpr =  0.0
VOL_PRESSURE_ALERT: STRONG_PUT_PRESSURE | currPCR= inf  prevPCR= inf  Direction=BULLISH_SIGNAL (heavy PE buying = expecting up move)
ATM_CE_premium= 256.05  ATM_PE_premium= 279.15
CE_PremChg= 0.0  PE_PremChg= -5.05
CandleBody= 0.0  PrevBody= 0.0  CandleRange= 0.0  Doji
TotalVol= 997680  PrevTotalVol= 1571520  VolSpike= 0.63 x 
SCALP_SCORE: BULL | BullScore= 2  BearScore= 0 | Confidence= LOW
DATAPOINT|09:27|FUT=77500.0|Body=0.0|PrevBody=0.0|Range=0.0|RangeRatio=0.0|CurrVolPCR=inf|PrevVolPCR=inf|CurrCPR=0.0|PrevCPR=0.0|VolSpike=0.63|CE_PremChg=0.0|PE_PremChg=-5.05|BullScore=2|BearScore=0|Dir=BULL|Conf=LOW
CHART_PATTERN_DETECTED: INSIDE_BAR | DOUBLE_TOP_FORMING
  PATTERN_CONTEXT: Body= 0.0  Range= 0.0  ExpectedRange= 72.0  RangeRatio= 0.0  O= 77500.0  H= 77500.0  L= 77500.0  C= 77500.0
BSE:SENSEX-INDEX  strikecount= 3   fyers <fyers_apiv3.fyersModel.FyersModel object at 0x73450a7d3ec0>
======================================
oipcr1 =  BSE:SENSEX26JUL77700CE   0.26
oipcr2 =  BSE:SENSEX26JUL77600CE   0.48
oipcr3 =  BSE:SENSEX26JUL77500CE   0.97
oipcrBull = NoEntry  bulcount= 0  bearcount= 3 oipcrBear= BearTrade
atmpcr5 pcr6= 1.31    1.63
No Entry Yet
India VIX = 12.29  Spot Price = 77423.71
IV Regime = LOW (ADAPTIVE: P25= 12.33  P50= 13.19  P75= 13.47 ) | DailyRange = 1359.3 | 3minCandleRange = 71.5 (theoretical= 119.2 ) | ATMoptionMove = 32.2 | SL = 113 | Target = 113 | TrailTrigger = 32 | Spread = 300 | Buffer = 29
IV Params refreshed: {'vix': 12.29, 'bn_price': 77423.71, 'regime': 'LOW', 'regime_thresholds': 'P25=12.33 P50=13.19 P75=13.47', 'daily_range': 1359.3, 'candle_range': 71.5, 'atm_option_move': 32.2, 'sl_point': 113, 'target_point': 113, 'sl_pct_of_premium': 0.1, 'trail_trigger': 32, 'spread_width': 300, 'support_resistance_buffer': 29}
BSE:SENSEX-INDEX  strikecount= 8   fyers <fyers_apiv3.fyersModel.FyersModel object at 0x73450a7d3ec0>
===
====after 3 min ochain==== 2026-07-29 09:30:00.000001
                                    oipcr   choipcr   totalOI
pcr1 =  BSE:SENSEX26JUL78200CE   0.02   0.02 CALL added 739180   PUT added 14960  OI= 1149160
pcr2 =  BSE:SENSEX26JUL78100PE   0.02   0.05 CALL added 132860   PUT added 6480  OI= 13600
pcr3 =  BSE:SENSEX26JUL78000CE   0.11   0.21 CALL added 679060   PUT added 139500  OI= 1914620
pcr4 =  BSE:SENSEX26JUL77900CE   0.09   0.18 CALL added 338720   PUT added 59820  OI= 756540
pcr5 =  BSE:SENSEX26JUL77800CE   0.22   0.37 CALL added 483020   PUT added 180380  OI= 893640
pcr6 =  BSE:SENSEX26JUL77700CE   0.27    0.43 CALL added 442020   PUT added 191140  OI= 750580
pcr7 =  BSE:SENSEX26JUL77600CE   0.46   0.62 CALL added 724580   PUT added 447600  OI= 1010600
pcr8 =  BSE:SENSEX26JUL77500CE   1.06   4.06 CALL added 358260   PUT added 1454880  OI= 1531920
pcr9 =  BSE:SENSEX26JUL77400PE   1.37   1.69 CALL added 943640   PUT added 1597960  OI= 1640780
pcr10 =  BSE:SENSEX26JUL77300PE   1.85   3.88 CALL added 228220   PUT added 886560  OI= 944580
pcr11 =  BSE:SENSEX26JUL77200PE   1.79   8.82 CALL added 73700   PUT added 649860  OI= 725360
pcr12 =  BSE:SENSEX26JUL77100CE   1.67   31.72 CALL added 16640   PUT added 527880  OI= 373040
pcr13 =  BSE:SENSEX26JUL77000PE   2.36   -3.26 CALL unwind -424120   PUT added 1382880  OI= 2027160
pcr14 =  BSE:SENSEX26JUL76900PE   4.54   -2.69 CALL unwind -281500   PUT added 756720  OI= 1233000
pcr15 =  BSE:SENSEX26JUL76800CE   3.5   -1.28 CALL unwind -291480   PUT added 373420  OI= 312240
pcr16 =  BSE:SENSEX26JUL76700CE   6.17   -3.63 CALL unwind -120100   PUT added 435460  OI= 181120
pcr17 =  BSE:SENSEX26JUL76600PE   6.28   -2.88 CALL unwind -38500   PUT added 110780  OI= 686920
pcrSummation= 8.780000000000001  result =  ['BSE:SENSEX26JUL77900CE', 'BSE:SENSEX26JUL77800CE', 'BSE:SENSEX26JUL77700CE', 'BSE:SENSEX26JUL77600CE', 'BSE:SENSEX26JUL77500CE', 'BSE:SENSEX26JUL77400PE', 'BSE:SENSEX26JUL77300PE', 'BSE:SENSEX26JUL77200PE', 'BSE:SENSEX26JUL77100CE']
PCRSUM== 31.78
pcrSummation== 8.78
VOLPCRSUM== 3.8299999999999996
spotLTP =  77426.67  ATM_STRIKE =  77400
IS_ATM_STRIKE_SHIFT = True  mapStrike = {77400: 77400}
avgOiPcrList2 = [np.float64(1.87)] atmStrikeNotShiftedCount= 1
True   1   1
SUPP_RES=== 77500  Buffer= 29
CEoich val =  358260.0  PEoich val =  1454880.0 , CE < PE by 75.4%
SUPP_RES TOTAL OI: CE= 1531920  PE= 1623860 , CE < PE by 5.7%
IS_MORNING_WINDOW= True  (active 9:15-9:48 IST)
================================================
==== signal check time ==== 2026-07-29 09:30:01.873483
IS_CHOI_DIFF_GT_25PERC== True
RSI_VAL1== 83.9
RSI_VAL2== 83.9
FUT_3m_OHLC O= 77500.0  H= 77500.0  L= 77500.0  C= 77500.0  Range= 0.0
CHART_PATTERN_DETECTED: INSIDE_BAR | DOUBLE_TOP_FORMING | DOUBLE_BOTTOM_FORMING
  PATTERN_CONTEXT: Body= 0.0  Range= 0.0  ExpectedRange= 71.5  RangeRatio= 0.0  O= 77500.0  H= 77500.0  L= 77500.0  C= 77500.0
newSynthFut =  77500
ATMStrike =  77400
AVG_OIPCR= 0.98
avgoiPCROld=  1.87
SUPP_RES = 77500
FUT LTP = 77500.0
CEchoi  PechOi = 358260.0    1454880.0
====================================
totalOIPCR = 1.22
AVG_VOLPCR= 0.43
atmPCR= 0.22  belowATM  0.27
atmVolPCR= 0.16  belowATM  0.24
True   77500.0   77500   False   False   83.9
curr Doji False
/home/ubuntu/trading-bot/Strategy_Sensex_May_2026.py:1508: RuntimeWarning: divide by zero encountered in scalar divide
  currPCR = round(currVolumePE[-2] / currVolumeCE[-2], 2)
/home/ubuntu/trading-bot/Strategy_Sensex_May_2026.py:1509: RuntimeWarning: divide by zero encountered in scalar divide
  prevPCR = round(prevVolumePE[-3] / prevVolumeCE[-3], 2)
BSE:SENSEX26JUL77500PE  curr candle vol pcr = inf  PE= 1192780  CE= 0      cpr =  0.0
BSE:SENSEX26JUL77500PE  prev candle vol pcr = inf  PE= 997680  CE= 0      cpr =  0.0
VOL_PRESSURE_ALERT: STRONG_PUT_PRESSURE | currPCR= inf  prevPCR= inf  Direction=BULLISH_SIGNAL (heavy PE buying = expecting up move)
ATM_CE_premium= 256.05  ATM_PE_premium= 292.15
CE_PremChg= 0.0  PE_PremChg= 13.0
CandleBody= 0.0  PrevBody= 0.0  CandleRange= 0.0  Doji
TotalVol= 1192780  PrevTotalVol= 997680  VolSpike= 1.2 x 
SCALP_SCORE: BULL | BullScore= 2  BearScore= 0 | Confidence= LOW
DATAPOINT|09:30|FUT=77500.0|Body=0.0|PrevBody=0.0|Range=0.0|RangeRatio=0.0|CurrVolPCR=inf|PrevVolPCR=inf|CurrCPR=0.0|PrevCPR=0.0|VolSpike=1.2|CE_PremChg=0.0|PE_PremChg=13.0|BullScore=2|BearScore=0|Dir=BULL|Conf=LOW
CHART_PATTERN_DETECTED: INSIDE_BAR | DOUBLE_TOP_FORMING | DOUBLE_BOTTOM_FORMING
  PATTERN_CONTEXT: Body= 0.0  Range= 0.0  ExpectedRange= 71.5  RangeRatio= 0.0  O= 77500.0  H= 77500.0  L= 77500.0  C= 77500.0
BSE:SENSEX-INDEX  strikecount= 3   fyers <fyers_apiv3.fyersModel.FyersModel object at 0x73450a7d3ec0>
======================================
oipcr1 =  BSE:SENSEX26JUL77700CE   0.27
oipcr2 =  BSE:SENSEX26JUL77600CE   0.46
oipcr3 =  BSE:SENSEX26JUL77500CE   1.06
oipcrBull = NoEntry  bulcount= 1  bearcount= 2 oipcrBear= BearTrade
atmpcr5 pcr6= 1.37    1.85
No Entry Yet
India VIX = 12.3  Spot Price = 77481.8
IV Regime = LOW (ADAPTIVE: P25= 12.33  P50= 13.19  P75= 13.47 ) | DailyRange = 1361.5 | 3minCandleRange = 71.6 (theoretical= 119.4 ) | ATMoptionMove = 32.2 | SL = 113 | Target = 113 | TrailTrigger = 32 | Spread = 300 | Buffer = 29
IV Params refreshed: {'vix': 12.3, 'bn_price': 77481.8, 'regime': 'LOW', 'regime_thresholds': 'P25=12.33 P50=13.19 P75=13.47', 'daily_range': 1361.5, 'candle_range': 71.6, 'atm_option_move': 32.2, 'sl_point': 113, 'target_point': 113, 'sl_pct_of_premium': 0.1, 'trail_trigger': 32, 'spread_width': 300, 'support_resistance_buffer': 29}
BSE:SENSEX-INDEX  strikecount= 8   fyers <fyers_apiv3.fyersModel.FyersModel object at 0x73450a7d3ec0>
===
====after 3 min ochain==== 2026-07-29 09:33:00.002929
                                    oipcr   choipcr   totalOI
pcr1 =  BSE:SENSEX26JUL78300PE   0.03   0.04 CALL added 455820   PUT added 18820  OI= 26800
pcr2 =  BSE:SENSEX26JUL78200CE   0.02   0.02 CALL added 748300   PUT added 15580  OI= 1158280
pcr3 =  BSE:SENSEX26JUL78100PE   0.02   0.05 CALL added 132860   PUT added 6520  OI= 13640
pcr4 =  BSE:SENSEX26JUL78000CE   0.11   0.19 CALL added 768060   PUT added 144480  OI= 2003620
pcr5 =  BSE:SENSEX26JUL77900CE   0.09   0.17 CALL added 352040   PUT added 60960  OI= 769860
pcr6 =  BSE:SENSEX26JUL77800CE   0.21    0.36 CALL added 513340   PUT added 183400  OI= 923960
pcr7 =  BSE:SENSEX26JUL77700CE   0.29   0.44 CALL added 490800   PUT added 215880  OI= 799360
pcr8 =  BSE:SENSEX26JUL77600CE   0.48   0.63 CALL added 805920   PUT added 505640  OI= 1091940
pcr9 =  BSE:SENSEX26JUL77500CE   1.1   4.25 CALL added 358260   PUT added 1521980  OI= 1531920
pcr10 =  BSE:SENSEX26JUL77400PE   1.36   1.66 CALL added 1021120   PUT added 1697860  OI= 1740680
pcr11 =  BSE:SENSEX26JUL77300PE   1.94   3.94 CALL added 244560   PUT added 963840  OI= 1021860
pcr12 =  BSE:SENSEX26JUL77200PE   1.9   9.6 CALL added 72280   PUT added 693960  OI= 769460
pcr13 =  BSE:SENSEX26JUL77100CE   1.82   18.21 CALL added 33780   PUT added 615080  OI= 390180
pcr14 =  BSE:SENSEX26JUL77000PE   2.42   -3.44 CALL unwind -419880   PUT added 1446440  OI= 2090720
pcr15 =  BSE:SENSEX26JUL76900PE   4.8   -2.94 CALL unwind -281500   PUT added 826760  OI= 1303040
pcr16 =  BSE:SENSEX26JUL76800CE   3.67   -1.41 CALL unwind -295080   PUT added 415680  OI= 308640
pcr17 =  BSE:SENSEX26JUL76700CE   6.4   -3.96 CALL unwind -120180   PUT added 475540  OI= 181040
pcrSummation= 9.190000000000001  result =  ['BSE:SENSEX26JUL77900CE', 'BSE:SENSEX26JUL77800CE', 'BSE:SENSEX26JUL77700CE', 'BSE:SENSEX26JUL77600CE', 'BSE:SENSEX26JUL77500CE', 'BSE:SENSEX26JUL77400PE', 'BSE:SENSEX26JUL77300PE', 'BSE:SENSEX26JUL77200PE', 'BSE:SENSEX26JUL77100CE']
PCRSUM== 26.66
pcrSummation== 9.19
VOLPCRSUM== 2.85
spotLTP =  77483.39  ATM_STRIKE =  77500
IS_ATM_STRIKE_SHIFT = True  mapStrike = {77500: 77500}
avgOiPcrList2 = [np.float64(1.57)] atmStrikeNotShiftedCount= 1
True   1   1
SUPP_RES=== 77500  Buffer= 29
CEoich val =  358260.0  PEoich val =  1521980.0 , CE < PE by 76.5%
SUPP_RES TOTAL OI: CE= 1531920  PE= 1690960 , CE < PE by 9.4%
IS_MORNING_WINDOW= True  (active 9:15-9:48 IST)
================================================
==== signal check time ==== 2026-07-29 09:33:01.486992
IS_CHOI_DIFF_GT_25PERC== True
RSI_VAL1== 83.9
RSI_VAL2== 83.9
FUT_3m_OHLC O= 77500.0  H= 77500.0  L= 77500.0  C= 77500.0  Range= 0.0
CHART_PATTERN_DETECTED: INSIDE_BAR | DOUBLE_TOP_FORMING | DOUBLE_BOTTOM_FORMING
  PATTERN_CONTEXT: Body= 0.0  Range= 0.0  ExpectedRange= 71.6  RangeRatio= 0.0  O= 77500.0  H= 77500.0  L= 77500.0  C= 77500.0
newSynthFut =  77500
ATMStrike =  77500
AVG_OIPCR= 1.02
avgoiPCROld=  1.57
SUPP_RES = 77500
FUT LTP = 77500.0
CEchoi  PechOi = 358260.0    1521980.0
====================================
totalOIPCR = 1.22
AVG_VOLPCR= 0.32
atmPCR= 0.09  belowATM  0.21
atmVolPCR= 0.06  belowATM  0.17
True   77500.0   77500   False   False   83.9
curr Doji False
/home/ubuntu/trading-bot/Strategy_Sensex_May_2026.py:1508: RuntimeWarning: divide by zero encountered in scalar divide
  currPCR = round(currVolumePE[-2] / currVolumeCE[-2], 2)
/home/ubuntu/trading-bot/Strategy_Sensex_May_2026.py:1509: RuntimeWarning: divide by zero encountered in scalar divide
  prevPCR = round(prevVolumePE[-3] / prevVolumeCE[-3], 2)
BSE:SENSEX26JUL77500PE  curr candle vol pcr = inf  PE= 719120  CE= 0      cpr =  0.0
BSE:SENSEX26JUL77500PE  prev candle vol pcr = inf  PE= 1192780  CE= 0      cpr =  0.0
VOL_PRESSURE_ALERT: STRONG_PUT_PRESSURE | currPCR= inf  prevPCR= inf  Direction=BULLISH_SIGNAL (heavy PE buying = expecting up move)
ATM_CE_premium= 256.05  ATM_PE_premium= 282.95
CE_PremChg= 0.0  PE_PremChg= -9.2
CandleBody= 0.0  PrevBody= 0.0  CandleRange= 0.0  Doji
TotalVol= 719120  PrevTotalVol= 1192780  VolSpike= 0.6 x 
SCALP_SCORE: BULL | BullScore= 2  BearScore= 0 | Confidence= LOW
DATAPOINT|09:33|FUT=77500.0|Body=0.0|PrevBody=0.0|Range=0.0|RangeRatio=0.0|CurrVolPCR=inf|PrevVolPCR=inf|CurrCPR=0.0|PrevCPR=0.0|VolSpike=0.6|CE_PremChg=0.0|PE_PremChg=-9.2|BullScore=2|BearScore=0|Dir=BULL|Conf=LOW
CHART_PATTERN_DETECTED: INSIDE_BAR | DOUBLE_TOP_FORMING | DOUBLE_BOTTOM_FORMING
  PATTERN_CONTEXT: Body= 0.0  Range= 0.0  ExpectedRange= 71.6  RangeRatio= 0.0  O= 77500.0  H= 77500.0  L= 77500.0  C= 77500.0
BSE:SENSEX-INDEX  strikecount= 3   fyers <fyers_apiv3.fyersModel.FyersModel object at 0x73450a7d3ec0>
======================================
oipcr1 =  BSE:SENSEX26JUL77800CE   0.21
oipcr2 =  BSE:SENSEX26JUL77700CE   0.29
oipcr3 =  BSE:SENSEX26JUL77600CE   0.48
oipcrBull = NoEntry  bulcount= 0  bearcount= 3 oipcrBear= BearTrade
atmpcr5 pcr6= 1.1    1.36
No Entry Yet
India VIX = 12.29  Spot Price = 77508.05
IV Regime = LOW (ADAPTIVE: P25= 12.33  P50= 13.19  P75= 13.47 ) | DailyRange = 1360.8 | 3minCandleRange = 71.6 (theoretical= 119.4 ) | ATMoptionMove = 32.2 | SL = 113 | Target = 113 | TrailTrigger = 32 | Spread = 300 | Buffer = 29
IV Params refreshed: {'vix': 12.29, 'bn_price': 77508.05, 'regime': 'LOW', 'regime_thresholds': 'P25=12.33 P50=13.19 P75=13.47', 'daily_range': 1360.8, 'candle_range': 71.6, 'atm_option_move': 32.2, 'sl_point': 113, 'target_point': 113, 'sl_pct_of_premium': 0.1, 'trail_trigger': 32, 'spread_width': 300, 'support_resistance_buffer': 29}
BSE:SENSEX-INDEX  strikecount= 8   fyers <fyers_apiv3.fyersModel.FyersModel object at 0x73450a7d3ec0>
===
====after 3 min ochain==== 2026-07-29 09:36:00.000004
                                    oipcr   choipcr   totalOI
pcr1 =  BSE:SENSEX26JUL78300PE   0.03   0.04 CALL added 506360   PUT added 20980  OI= 28960
pcr2 =  BSE:SENSEX26JUL78200CE   0.03   0.02 CALL added 714400   PUT added 17380  OI= 1124380
pcr3 =  BSE:SENSEX26JUL78100PE   0.02   0.05 CALL added 145620   PUT added 6640  OI= 13760
pcr4 =  BSE:SENSEX26JUL78000CE   0.12   0.22 CALL added 751540   PUT added 165400  OI= 1987100
pcr5 =  BSE:SENSEX26JUL77900CE   0.09   0.18 CALL added 364640   PUT added 65320  OI= 782460
pcr6 =  BSE:SENSEX26JUL77800CE   0.21    0.35 CALL added 523660   PUT added 183460  OI= 934280
pcr7 =  BSE:SENSEX26JUL77700CE   0.29   0.44 CALL added 494200   PUT added 217800  OI= 802760
pcr8 =  BSE:SENSEX26JUL77600CE   0.53   0.68 CALL added 832780   PUT added 568460  OI= 1118800
pcr9 =  BSE:SENSEX26JUL77500CE   1.25   5.42 CALL added 312440   PUT added 1691980  OI= 1486100
pcr10 =  BSE:SENSEX26JUL77400PE   1.45   1.78 CALL added 1002280   PUT added 1782900  OI= 1825720
pcr11 =  BSE:SENSEX26JUL77300PE   2.06   4.26 CALL added 238420   PUT added 1015820  OI= 1073840
pcr12 =  BSE:SENSEX26JUL77200PE   2.03   11.09 CALL added 66260   PUT added 734540  OI= 810040
pcr13 =  BSE:SENSEX26JUL77100CE   1.77   14.15 CALL added 43360   PUT added 613500  OI= 399760
pcr14 =  BSE:SENSEX26JUL77000PE   2.38   -4.44 CALL unwind -352300   PUT added 1565180  OI= 2209460
pcr15 =  BSE:SENSEX26JUL76900PE   5.78   -2.58 CALL unwind -325340   PUT added 839160  OI= 1315440
pcr16 =  BSE:SENSEX26JUL76800CE   3.71   -1.35 CALL unwind -300500   PUT added 406460  OI= 303220
pcr17 =  BSE:SENSEX26JUL76700CE   6.51   -4.03 CALL unwind -121420   PUT added 489140  OI= 179800
pcrSummation= 9.68  result =  ['BSE:SENSEX26JUL77900CE', 'BSE:SENSEX26JUL77800CE', 'BSE:SENSEX26JUL77700CE', 'BSE:SENSEX26JUL77600CE', 'BSE:SENSEX26JUL77500CE', 'BSE:SENSEX26JUL77400PE', 'BSE:SENSEX26JUL77300PE', 'BSE:SENSEX26JUL77200PE', 'BSE:SENSEX26JUL77100CE']
PCRSUM== 28.26
pcrSummation== 9.68
VOLPCRSUM== 2.8
spotLTP =  77501.98  ATM_STRIKE =  77500
IS_ATM_STRIKE_SHIFT = False  mapStrike = {77500: 77500}
avgOiPcrList2 = [np.float64(1.57), np.float64(1.66)] atmStrikeNotShiftedCount= 2
False   2   2
SUPP_RES=== 77500  Buffer= 29
CEoich val =  312440.0  PEoich val =  1691980.0 , CE < PE by 81.5%
SUPP_RES TOTAL OI: CE= 1486100  PE= 1860960 , CE < PE by 20.1%
IS_MORNING_WINDOW= True  (active 9:15-9:48 IST)
================================================
==== signal check time ==== 2026-07-29 09:36:01.502798
IS_CHOI_DIFF_GT_25PERC== True
RSI_VAL1== 83.9
RSI_VAL2== 83.9
FUT_3m_OHLC O= 77500.0  H= 77500.0  L= 77300.0  C= 77500.0  Range= 199.9
CHART_PATTERN_DETECTED: DOUBLE_TOP_FORMING
  PATTERN_CONTEXT: Body= 0.0  Range= 199.9  ExpectedRange= 71.6  RangeRatio= 2.79  O= 77500.0  H= 77500.0  L= 77300.0  C= 77500.0
newSynthFut =  77500
ATMStrike =  77500
AVG_OIPCR= 1.08
avgoiPCROld=  1.66
SUPP_RES = 77500
FUT LTP = 77500.0
CEchoi  PechOi = 312440.0    1691980.0
====================================
totalOIPCR = 1.25
AVG_VOLPCR= 0.31
atmPCR= 0.09  belowATM  0.21
atmVolPCR= 0.06  belowATM  0.17
True   77500.0   77500   False   False   83.9
curr Doji False
/home/ubuntu/trading-bot/Strategy_Sensex_May_2026.py:1509: RuntimeWarning: divide by zero encountered in scalar divide
  prevPCR = round(prevVolumePE[-3] / prevVolumeCE[-3], 2)
BSE:SENSEX26JUL77500PE  curr candle vol pcr = 1.44  PE= 980400  CE= 681040      cpr =  0.69
BSE:SENSEX26JUL77500PE  prev candle vol pcr = inf  PE= 719120  CE= 0      cpr =  0.0
VOL_PRESSURE_WATCH: SINGLE_CANDLE_PUT_PRESSURE | currPCR= 1.44  prevPCR= inf
ATM_CE_premium= 255.0  ATM_PE_premium= 271.15
CE_PremChg= -1.05  PE_PremChg= -11.8
CandleBody= 0.0  PrevBody= 0.0  CandleRange= 199.9  Doji
TotalVol= 1661440  PrevTotalVol= 719120  VolSpike= 2.31 x  SPIKE!
SCALP_SCORE: NEUTRAL | BullScore= 0  BearScore= 0 | Confidence= LOW
DATAPOINT|09:36|FUT=77500.0|Body=0.0|PrevBody=0.0|Range=199.9|RangeRatio=2.79|CurrVolPCR=1.44|PrevVolPCR=inf|CurrCPR=0.69|PrevCPR=0.0|VolSpike=2.31|CE_PremChg=-1.05|PE_PremChg=-11.8|BullScore=0|BearScore=0|Dir=NEUTRAL|Conf=LOW
CHART_PATTERN_DETECTED: DOUBLE_TOP_FORMING
  PATTERN_CONTEXT: Body= 0.0  Range= 199.9  ExpectedRange= 71.6  RangeRatio= 2.79  O= 77500.0  H= 77500.0  L= 77300.0  C= 77500.0
BSE:SENSEX-INDEX  strikecount= 3   fyers <fyers_apiv3.fyersModel.FyersModel object at 0x73450a7d3ec0>
======================================
oipcr1 =  BSE:SENSEX26JUL77800CE   0.21
oipcr2 =  BSE:SENSEX26JUL77700CE   0.29
oipcr3 =  BSE:SENSEX26JUL77600CE   0.53
oipcrBull = NoEntry  bulcount= 0  bearcount= 3 oipcrBear= BearTrade
atmpcr5 pcr6= 1.25    1.45
No Entry Yet
India VIX = 12.29  Spot Price = 77523.97
IV Regime = LOW (ADAPTIVE: P25= 12.33  P50= 13.19  P75= 13.47 ) | DailyRange = 1361.1 | 3minCandleRange = 71.6 (theoretical= 119.4 ) | ATMoptionMove = 32.2 | SL = 113 | Target = 113 | TrailTrigger = 32 | Spread = 300 | Buffer = 29
IV Params refreshed: {'vix': 12.29, 'bn_price': 77523.97, 'regime': 'LOW', 'regime_thresholds': 'P25=12.33 P50=13.19 P75=13.47', 'daily_range': 1361.1, 'candle_range': 71.6, 'atm_option_move': 32.2, 'sl_point': 113, 'target_point': 113, 'sl_pct_of_premium': 0.1, 'trail_trigger': 32, 'spread_width': 300, 'support_resistance_buffer': 29}
BSE:SENSEX-INDEX  strikecount= 8   fyers <fyers_apiv3.fyersModel.FyersModel object at 0x73450a7d3ec0>
===
====after 3 min ochain==== 2026-07-29 09:39:00.000001
                                    oipcr   choipcr   totalOI
pcr1 =  BSE:SENSEX26JUL78300PE   0.03   0.05 CALL added 488180   PUT added 22860  OI= 30840
pcr2 =  BSE:SENSEX26JUL78200CE   0.03   0.03 CALL added 733880   PUT added 18380  OI= 1143860
pcr3 =  BSE:SENSEX26JUL78100PE   0.02   0.05 CALL added 160480   PUT added 7380  OI= 14500
pcr4 =  BSE:SENSEX26JUL78000CE   0.14   0.28 CALL added 725960   PUT added 206820  OI= 1961520
pcr5 =  BSE:SENSEX26JUL77900CE   0.1   0.19 CALL added 358980   PUT added 69920  OI= 776800
pcr6 =  BSE:SENSEX26JUL77800CE   0.24    0.42 CALL added 468040   PUT added 195000  OI= 878660
pcr7 =  BSE:SENSEX26JUL77700CE   0.32   0.5 CALL added 478480   PUT added 239100  OI= 787040
pcr8 =  BSE:SENSEX26JUL77600CE   0.57   0.74 CALL added 862420   PUT added 635160  OI= 1148440
pcr9 =  BSE:SENSEX26JUL77500CE   1.35   5.54 CALL added 339400   PUT added 1880420  OI= 1513060
pcr10 =  BSE:SENSEX26JUL77400PE   1.54   1.9 CALL added 999600   PUT added 1895820  OI= 1938640
pcr11 =  BSE:SENSEX26JUL77300PE   2.19   4.52 CALL added 241180   PUT added 1089140  OI= 1147160
pcr12 =  BSE:SENSEX26JUL77200PE   2.06   9.71 CALL added 79580   PUT added 772860  OI= 848360
pcr13 =  BSE:SENSEX26JUL77100CE   1.91   19.19 CALL added 33800   PUT added 648720  OI= 390200
pcr14 =  BSE:SENSEX26JUL77000PE   2.47   -4.43 CALL unwind -366020   PUT added 1623080  OI= 2267360
pcr15 =  BSE:SENSEX26JUL76900PE   6.4   -2.51 CALL unwind -343740   PUT added 862360  OI= 1338640
pcr16 =  BSE:SENSEX26JUL76800CE   3.89   -1.38 CALL unwind -309420   PUT added 427540  OI= 294300
pcr17 =  BSE:SENSEX26JUL76700CE   6.8   -4.33 CALL unwind -122740   PUT added 531340  OI= 178480
pcrSummation= 10.280000000000001  result =  ['BSE:SENSEX26JUL77900CE', 'BSE:SENSEX26JUL77800CE', 'BSE:SENSEX26JUL77700CE', 'BSE:SENSEX26JUL77600CE', 'BSE:SENSEX26JUL77500CE', 'BSE:SENSEX26JUL77400PE', 'BSE:SENSEX26JUL77300PE', 'BSE:SENSEX26JUL77200PE', 'BSE:SENSEX26JUL77100CE']
PCRSUM== 30.06
pcrSummation== 10.28
VOLPCRSUM== 2.6
spotLTP =  77522.49  ATM_STRIKE =  77500
IS_ATM_STRIKE_SHIFT = False  mapStrike = {77500: 77500}
avgOiPcrList2 = [np.float64(1.57), np.float64(1.66), np.float64(1.77)] atmStrikeNotShiftedCount= 3
False   3   3
SUPP_RES=== 77500  Buffer= 29
CEoich val =  339400.0  PEoich val =  1880420.0 , CE < PE by 82.0%
SUPP_RES TOTAL OI: CE= 1513060  PE= 2049400 , CE < PE by 26.2%
IS_MORNING_WINDOW= True  (active 9:15-9:48 IST)
================================================
==== signal check time ==== 2026-07-29 09:39:01.485202
IS_CHOI_DIFF_GT_25PERC== True
RSI_VAL1== 83.9
RSI_VAL2== 83.9
FUT_3m_OHLC O= 77500.0  H= 77500.4  L= 77456.2  C= 77500.0  Range= 44.2
CHART_PATTERN_DETECTED: DOUBLE_TOP_FORMING
  PATTERN_CONTEXT: Body= 0.0  Range= 44.2  ExpectedRange= 71.6  RangeRatio= 0.62  O= 77500.0  H= 77500.4  L= 77456.2  C= 77500.0
isPcrInc = True
newSynthFut =  77500
ATMStrike =  77500
AVG_OIPCR= 1.14
avgoiPCROld=  1.77
SUPP_RES = 77500
FUT LTP = 77500.0
CEchoi  PechOi = 339400.0    1880420.0
====================================
totalOIPCR = 1.28
AVG_VOLPCR= 0.29
atmPCR= 0.1  belowATM  0.24
atmVolPCR= 0.06  belowATM  0.16
True   77500.0   77500   True   False   83.9
no trade yet = [np.float64(1.57), np.float64(1.66), np.float64(1.77)]
curr Doji True
BSE:SENSEX26JUL77500PE  curr candle vol pcr = 0.91  PE= 1016720  CE= 1121880      cpr =  1.1
BSE:SENSEX26JUL77500PE  prev candle vol pcr = 1.44  PE= 980400  CE= 681040      cpr =  0.69
ATM_CE_premium= 267.7  ATM_PE_premium= 270.2
CE_PremChg= 12.7  PE_PremChg= -0.95
CandleBody= 0.0  PrevBody= 0.0  CandleRange= 44.2  Doji
TotalVol= 2138600  PrevTotalVol= 1661440  VolSpike= 1.29 x 
SCALP_SCORE: NEUTRAL | BullScore= 0  BearScore= 0 | Confidence= LOW
DATAPOINT|09:39|FUT=77500.0|Body=0.0|PrevBody=0.0|Range=44.2|RangeRatio=0.62|CurrVolPCR=0.91|PrevVolPCR=1.44|CurrCPR=1.1|PrevCPR=0.69|VolSpike=1.29|CE_PremChg=12.7|PE_PremChg=-0.95|BullScore=0|BearScore=0|Dir=NEUTRAL|Conf=LOW
CHART_PATTERN_DETECTED: DOUBLE_TOP_FORMING
  PATTERN_CONTEXT: Body= 0.0  Range= 44.2  ExpectedRange= 71.6  RangeRatio= 0.62  O= 77500.0  H= 77500.4  L= 77456.2  C= 77500.0
BSE:SENSEX-INDEX  strikecount= 3   fyers <fyers_apiv3.fyersModel.FyersModel object at 0x73450a7d3ec0>
======================================
oipcr1 =  BSE:SENSEX26JUL77800CE   0.24
oipcr2 =  BSE:SENSEX26JUL77700CE   0.32
oipcr3 =  BSE:SENSEX26JUL77600CE   0.57
oipcrBull = NoEntry  bulcount= 0  bearcount= 3 oipcrBear= BearTrade
atmpcr5 pcr6= 1.35    1.54
No Entry Yet
India VIX = 12.26  Spot Price = 77547.02
IV Regime = LOW (ADAPTIVE: P25= 12.33  P50= 13.19  P75= 13.47 ) | DailyRange = 1358.2 | 3minCandleRange = 71.5 (theoretical= 119.1 ) | ATMoptionMove = 32.2 | SL = 113 | Target = 113 | TrailTrigger = 32 | Spread = 300 | Buffer = 29
IV Params refreshed: {'vix': 12.26, 'bn_price': 77547.02, 'regime': 'LOW', 'regime_thresholds': 'P25=12.33 P50=13.19 P75=13.47', 'daily_range': 1358.2, 'candle_range': 71.5, 'atm_option_move': 32.2, 'sl_point': 113, 'target_point': 113, 'sl_pct_of_premium': 0.1, 'trail_trigger': 32, 'spread_width': 300, 'support_resistance_buffer': 29}
BSE:SENSEX-INDEX  strikecount= 8   fyers <fyers_apiv3.fyersModel.FyersModel object at 0x73450a7d3ec0>
===
====after 3 min ochain==== 2026-07-29 09:42:00.000005
                                    oipcr   choipcr   totalOI
pcr1 =  BSE:SENSEX26JUL78300PE   0.03   0.06 CALL added 474420   PUT added 28020  OI= 36000
pcr2 =  BSE:SENSEX26JUL78200CE   0.03   0.03 CALL added 711320   PUT added 23960  OI= 1121300
pcr3 =  BSE:SENSEX26JUL78100PE   0.03   0.07 CALL added 152140   PUT added 11240  OI= 18360
pcr4 =  BSE:SENSEX26JUL78000CE   0.14   0.29 CALL added 695080   PUT added 198260  OI= 1930640
pcr5 =  BSE:SENSEX26JUL77900CE   0.13   0.29 CALL added 286340   PUT added 83660  OI= 704160
pcr6 =  BSE:SENSEX26JUL77800CE   0.28    0.51 CALL added 436800   PUT added 222000  OI= 847420
pcr7 =  BSE:SENSEX26JUL77700CE   0.36   0.56 CALL added 475120   PUT added 265340  OI= 783680
pcr8 =  BSE:SENSEX26JUL77600CE   0.75   0.98 CALL added 849140   PUT added 830700  OI= 1135160
pcr9 =  BSE:SENSEX26JUL77500CE   1.39   4.72 CALL added 440080   PUT added 2077660  OI= 1613740
pcr10 =  BSE:SENSEX26JUL77400PE   1.8   2.29 CALL added 859060   PUT added 1964200  OI= 2007020
pcr11 =  BSE:SENSEX26JUL77300PE   2.52   5.67 CALL added 207060   PUT added 1173560  OI= 1231580
pcr12 =  BSE:SENSEX26JUL77200PE   2.38   17.03 CALL added 48900   PUT added 832740  OI= 908240
pcr13 =  BSE:SENSEX26JUL77100CE   2.12   47.78 CALL added 14480   PUT added 691860  OI= 370880
pcr14 =  BSE:SENSEX26JUL77000PE   2.79   -4.39 CALL unwind -408560   PUT added 1792080  OI= 2436360
pcr15 =  BSE:SENSEX26JUL76900PE   6.59   -2.49 CALL unwind -348780   PUT added 869060  OI= 1345340
pcr16 =  BSE:SENSEX26JUL76800CE   4.11   -1.49 CALL unwind -314840   PUT added 470360  OI= 288880
pcr17 =  BSE:SENSEX26JUL76700CE   6.56   -3.9 CALL unwind -123680   PUT added 482040  OI= 177540
pcrSummation= 11.73  result =  ['BSE:SENSEX26JUL77900CE', 'BSE:SENSEX26JUL77800CE', 'BSE:SENSEX26JUL77700CE', 'BSE:SENSEX26JUL77600CE', 'BSE:SENSEX26JUL77500CE', 'BSE:SENSEX26JUL77400PE', 'BSE:SENSEX26JUL77300PE', 'BSE:SENSEX26JUL77200PE', 'BSE:SENSEX26JUL77100CE']
PCRSUM== 32.01
pcrSummation== 11.73
VOLPCRSUM== 2.4
spotLTP =  77545.91  ATM_STRIKE =  77500
IS_ATM_STRIKE_SHIFT = False  mapStrike = {77500: 77500}
avgOiPcrList2 = [np.float64(1.66), np.float64(1.77), np.float64(1.88)] atmStrikeNotShiftedCount= 4
False   4   3
SUPP_RES=== 77500  Buffer= 29
CEoich val =  440080.0  PEoich val =  2077660.0 , CE < PE by 78.8%
SUPP_RES TOTAL OI: CE= 1613740  PE= 2246640 , CE < PE by 28.2%
IS_MORNING_WINDOW= True  (active 9:15-9:48 IST)
================================================
==== signal check time ==== 2026-07-29 09:42:01.524045
IS_CHOI_DIFF_GT_25PERC== True
RSI_VAL1== 84.22
RSI_VAL2== 84.22
FUT_3m_OHLC O= 77500.0  H= 77550.0  L= 77500.0  C= 77510.0  Range= 49.9
CHART_PATTERN_DETECTED: INVERTED_HAMMER
  PATTERN_CONTEXT: Body= 10.0  Range= 49.9  ExpectedRange= 71.5  RangeRatio= 0.7  O= 77500.0  H= 77550.0  L= 77500.0  C= 77510.0
isPcrInc = True
newSynthFut =  77500
ATMStrike =  77500
AVG_OIPCR= 1.3
avgoiPCROld=  1.88
SUPP_RES = 77500
FUT LTP = 77510.0
CEchoi  PechOi = 440080.0    2077660.0
====================================
totalOIPCR = 1.33
AVG_VOLPCR= 0.27
atmPCR= 0.13  belowATM  0.28
atmVolPCR= 0.06  belowATM  0.15
True   77510.0   77500   True   False   84.22
In Bull trade, slCount =  0  (mode= LOGIC2_TREND_CONVERGENCE )
SPREAD_CALC_AT_ENTRY: SyntheticATMStrike= 77600  ATM_PE= 318.3  ATM_CE= 226.3  AvgATM= 272.3
==================================================
SPREAD_SELECTION (Sensex weekly): Type= CREDIT | DTE= 1 | PremRatio= 0.45 | IVRank= 0.13
SPREAD_REASONS: DTE=1(weekly) | PremRatio=0.45 | IVRank=0.13 | DECISION:CREDIT (default — theta favors seller for weekly)
==================================================
SPREAD_DECISION_AT_ENTRY: {'type': 'CREDIT', 'score': 1, 'dte': 1, 'premium_ratio': 0.45, 'iv_rank': 0.13, 'vix_30d_high': 14.54, 'vix_30d_low': 11.76, 'reasons': ['DTE=1(weekly)', 'PremRatio=0.45', 'IVRank=0.13', 'DECISION:CREDIT (default — theta favors seller for weekly)']}
ENTRY_ROUTING: spread_type= CREDIT  isBullish= True  isBearish= False
IV-Dynamic: SL= 113  Target= 113  Spread= 300
  Checking hedge BSE:SENSEX26JUL77500PE: premium=267.6 (max=190.83)
  Checking hedge BSE:SENSEX26JUL77000PE: premium=99.25 (max=190.83)
=atmPE= BSE:SENSEX26JUL77600PE
=otmPE== BSE:SENSEX26JUL77000PE  entryPrice= 318.05  maxHedgePremium= 190.83
hedge_entry_price = 99.0
CREDIT_NET_CREDIT= 219.05
OPT_RANGE_DEBUG: symbol=BSE:SENSEX26JUL77600PE | total_candles_after_skip1st=8 | ranges=[31.05, 38.4, 26.5, 37.8, 17.95, 16.25, 21.9, 21.3] | median_all=24.2
OPT_OHLC_ENTRY: symbol=BSE:SENSEX26JUL77600PE | candles=8 | open=[295.4, 325.5, 334.4, 331.4, 346.0, 332.2, 321.3, 320.7] | high=[323.35, 350.65, 351.5, 347.1, 346.0, 337.55, 338.9, 323.6] | low=[292.3, 312.25, 325.0, 309.3, 328.05, 321.3, 317.0, 302.3] | close=[323.35, 338.85, 332.1, 344.05, 331.45, 322.1, 320.8, 319.75] | median_range=24.2
RISK_SIZING: effective_sl_pre=48 main=318.05 hedge=99.0 FIXED_RISK=5000 -> qty=140 (7 lots)
CREDIT_ENTRY: qty= 140
MARGIN_CHECK: qty=140 (7 lots) margin_required=313365.79 avail=862677.04 usable(90%)=776409.34
9 : 42 : 4  =>  BUY   SENSEX26JUL77000PE   140   MARKET
9 : 42 : 4  =>  SENSEX26JUL77000PE {'code': 1101, 'message': 'Successfully placed order', 's': 'ok', 'id_fyers': '8b86ddb2-624e-4973-9e83-68f476c611e4', 'id': '26072900053782'}
entryPrice== 318.05 Target = 205  BSE:SENSEX26JUL77600PE  SL = 431
9 : 42 : 5  =>  SELL   SENSEX26JUL77600PE   140   MARKET
9 : 42 : 5  =>  SENSEX26JUL77600PE {'code': 1101, 'message': 'Successfully placed order', 's': 'ok', 'id_fyers': '98fa7fc6-df14-4d58-b162-808c21a27c6f', 'id': '26072900053798'}
Exit OID:  {'code': 1101, 'message': 'Successfully placed order', 's': 'ok', 'id_fyers': '98fa7fc6-df14-4d58-b162-808c21a27c6f', 'id': '26072900053798'}   {'code': 1101, 'message': 'Successfully placed order', 's': 'ok', 'id_fyers': '8b86ddb2-624e-4973-9e83-68f476c611e4', 'id': '26072900053782'}
after entry tradeATMOption = BSE:SENSEX26JUL77600PE
ENTRY_SL_TGT: spread= CREDIT  SL= 366.3  Target= 233.3  EntryPrem= 318.3  TrailTrigger= 51  SL_Source= OPTION_RANGE(median=24.2,SLx2,Tgtx3.5)  (iv_pts= 113  effective_sl= 48 )
curr Doji False
BSE:SENSEX26JUL77500PE  curr candle vol pcr = 0.75  PE= 1293780  CE= 1713880      cpr =  1.32
BSE:SENSEX26JUL77500PE  prev candle vol pcr = 0.91  PE= 1016720  CE= 1121880      cpr =  1.1
ATM_CE_premium= 272.85  ATM_PE_premium= 269.25
CE_PremChg= 5.15  PE_PremChg= -0.95
CandleBody= 10.0  PrevBody= 0.0  CandleRange= 49.9  Bullish
TotalVol= 3007660  PrevTotalVol= 2138600  VolSpike= 1.41 x 
SCALP_SCORE: NEUTRAL | BullScore= 0  BearScore= 0 | Confidence= LOW
DATAPOINT|09:42|FUT=77510.0|Body=10.0|PrevBody=0.0|Range=49.9|RangeRatio=0.7|CurrVolPCR=0.75|PrevVolPCR=0.91|CurrCPR=1.32|PrevCPR=1.1|VolSpike=1.41|CE_PremChg=5.15|PE_PremChg=-0.95|BullScore=0|BearScore=0|Dir=NEUTRAL|Conf=LOW
CHART_PATTERN_DETECTED: INVERTED_HAMMER
  PATTERN_CONTEXT: Body= 10.0  Range= 49.9  ExpectedRange= 71.5  RangeRatio= 0.7  O= 77500.0  H= 77550.0  L= 77500.0  C= 77510.0
BSE:SENSEX-INDEX  strikecount= 3   fyers <fyers_apiv3.fyersModel.FyersModel object at 0x73450a7d3ec0>
======================================
oipcr1 =  BSE:SENSEX26JUL77800CE   0.28
oipcr2 =  BSE:SENSEX26JUL77700CE   0.36
oipcr3 =  BSE:SENSEX26JUL77600CE   0.75
oipcrBull = NoEntry  bulcount= 0  bearcount= 3 oipcrBear= BearTrade
atmpcr5 pcr6= 1.39    1.8
No Entry Yet
In Trade ( CREDIT ). No Exit. ltp= 317.0  SL= 366.3  target= 233.3
In Trade ( CREDIT ). No Exit. ltp= 318.1  SL= 366.3  target= 233.3
In Trade ( CREDIT ). No Exit. ltp= 308.0  SL= 366.3  target= 233.3
In Trade ( CREDIT ). No Exit. ltp= 312.7  SL= 366.3  target= 233.3
In Trade ( CREDIT ). No Exit. ltp= 305.8  SL= 366.3  target= 233.3
In Trade ( CREDIT ). No Exit. ltp= 304.45  SL= 366.3  target= 233.3
In Trade ( CREDIT ). No Exit. ltp= 291.5  SL= 366.3  target= 233.3
In Trade ( CREDIT ). No Exit. ltp= 304.55  SL= 366.3  target= 233.3
In Trade ( CREDIT ). No Exit. ltp= 310.45  SL= 366.3  target= 233.3
In Trade ( CREDIT ). No Exit. ltp= 313.35  SL= 366.3  target= 233.3
In Trade ( CREDIT ). No Exit. ltp= 304.85  SL= 366.3  target= 233.3
In Trade ( CREDIT ). No Exit. ltp= 308.55  SL= 366.3  target= 233.3
In Trade ( CREDIT ). No Exit. ltp= 316.05  SL= 366.3  target= 233.3
In Trade ( CREDIT ). No Exit. ltp= 312.65  SL= 366.3  target= 233.3
In Trade ( CREDIT ). No Exit. ltp= 321.0  SL= 366.3  target= 233.3
In Trade ( CREDIT ). No Exit. ltp= 292.3  SL= 366.3  target= 233.3
In Trade ( CREDIT ). No Exit. ltp= 297.15  SL= 366.3  target= 233.3
In Trade ( CREDIT ). No Exit. ltp= 300.0  SL= 366.3  target= 233.3
In Trade ( CREDIT ). No Exit. ltp= 296.15  SL= 366.3  target= 233.3
In Trade ( CREDIT ). No Exit. ltp= 291.35  SL= 366.3  target= 233.3
In Trade ( CREDIT ). No Exit. ltp= 286.85  SL= 366.3  target= 233.3
In Trade ( CREDIT ). No Exit. ltp= 283.9  SL= 366.3  target= 233.3
In Trade ( CREDIT ). No Exit. ltp= 276.6  SL= 366.3  target= 233.3
TRAILING SL activated! SL moved to breakeven = 318.3
In Trade ( CREDIT ). No Exit. ltp= 277.1  SL= 318.3  target= 233.3
In Trade ( CREDIT ). No Exit. ltp= 277.15  SL= 318.3  target= 233.3
In Trade ( CREDIT ). No Exit. ltp= 262.65  SL= 318.3  target= 233.3
In Trade ( CREDIT ). No Exit. ltp= 267.4  SL= 318.3  target= 233.3
In Trade ( CREDIT ). No Exit. ltp= 265.0  SL= 318.3  target= 233.3
In Trade ( CREDIT ). No Exit. ltp= 261.35  SL= 318.3  target= 233.3
In Trade ( CREDIT ). No Exit. ltp= 250.85  SL= 318.3  target= 233.3
In Trade ( CREDIT ). No Exit. ltp= 258.6  SL= 318.3  target= 233.3
In Trade ( CREDIT ). No Exit. ltp= 261.8  SL= 318.3  target= 233.3
In Trade ( CREDIT ). No Exit. ltp= 257.2  SL= 318.3  target= 233.3
In Trade ( CREDIT ). No Exit. ltp= 250.4  SL= 318.3  target= 233.3
In Trade ( CREDIT ). No Exit. ltp= 253.3  SL= 318.3  target= 233.3
In Trade ( CREDIT ). No Exit. ltp= 256.5  SL= 318.3  target= 233.3
In Trade ( CREDIT ). No Exit. ltp= 250.35  SL= 318.3  target= 233.3
In Trade ( CREDIT ). No Exit. ltp= 252.6  SL= 318.3  target= 233.3
In Trade ( CREDIT ). No Exit. ltp= 249.9  SL= 318.3  target= 233.3
In Trade ( CREDIT ). No Exit. ltp= 263.4  SL= 318.3  target= 233.3
In Trade ( CREDIT ). No Exit. ltp= 270.25  SL= 318.3  target= 233.3
In Trade ( CREDIT ). No Exit. ltp= 262.7  SL= 318.3  target= 233.3
In Trade ( CREDIT ). No Exit. ltp= 265.0  SL= 318.3  target= 233.3
In Trade ( CREDIT ). No Exit. ltp= 258.75  SL= 318.3  target= 233.3
In Trade ( CREDIT ). No Exit. ltp= 250.8  SL= 318.3  target= 233.3
In Trade ( CREDIT ). No Exit. ltp= 256.0  SL= 318.3  target= 233.3
In Trade ( CREDIT ). No Exit. ltp= 258.15  SL= 318.3  target= 233.3
In Trade ( CREDIT ). No Exit. ltp= 260.55  SL= 318.3  target= 233.3
In Trade ( CREDIT ). No Exit. ltp= 263.5  SL= 318.3  target= 233.3
In Trade ( CREDIT ). No Exit. ltp= 256.05  SL= 318.3  target= 233.3
In Trade ( CREDIT ). No Exit. ltp= 257.25  SL= 318.3  target= 233.3
In Trade ( CREDIT ). No Exit. ltp= 258.25  SL= 318.3  target= 233.3
In Trade ( CREDIT ). No Exit. ltp= 262.95  SL= 318.3  target= 233.3
In Trade ( CREDIT ). No Exit. ltp= 265.55  SL= 318.3  target= 233.3
In Trade ( CREDIT ). No Exit. ltp= 273.0  SL= 318.3  target= 233.3
In Trade ( CREDIT ). No Exit. ltp= 271.7  SL= 318.3  target= 233.3
In Trade ( CREDIT ). No Exit. ltp= 261.5  SL= 318.3  target= 233.3
In Trade ( CREDIT ). No Exit. ltp= 263.9  SL= 318.3  target= 233.3
In Trade ( CREDIT ). No Exit. ltp= 264.45  SL= 318.3  target= 233.3
In Trade ( CREDIT ). No Exit. ltp= 267.55  SL= 318.3  target= 233.3
In Trade ( CREDIT ). No Exit. ltp= 268.3  SL= 318.3  target= 233.3
In Trade ( CREDIT ). No Exit. ltp= 267.0  SL= 318.3  target= 233.3
In Trade ( CREDIT ). No Exit. ltp= 261.05  SL= 318.3  target= 233.3
In Trade ( CREDIT ). No Exit. ltp= 264.5  SL= 318.3  target= 233.3
In Trade ( CREDIT ). No Exit. ltp= 265.45  SL= 318.3  target= 233.3
In Trade ( CREDIT ). No Exit. ltp= 266.65  SL= 318.3  target= 233.3
In Trade ( CREDIT ). No Exit. ltp= 265.75  SL= 318.3  target= 233.3
In Trade ( CREDIT ). No Exit. ltp= 256.95  SL= 318.3  target= 233.3
In Trade ( CREDIT ). No Exit. ltp= 262.05  SL= 318.3  target= 233.3
In Trade ( CREDIT ). No Exit. ltp= 255.85  SL= 318.3  target= 233.3
In Trade ( CREDIT ). No Exit. ltp= 253.8  SL= 318.3  target= 233.3
In Trade ( CREDIT ). No Exit. ltp= 247.75  SL= 318.3  target= 233.3
In Trade ( CREDIT ). No Exit. ltp= 241.8  SL= 318.3  target= 233.3
In Trade ( CREDIT ). No Exit. ltp= 236.3  SL= 318.3  target= 233.3
In Trade ( CREDIT ). No Exit. ltp= 243.35  SL= 318.3  target= 233.3
In Trade ( CREDIT ). No Exit. ltp= 252.15  SL= 318.3  target= 233.3
In Trade ( CREDIT ). No Exit. ltp= 248.0  SL= 318.3  target= 233.3
In Trade ( CREDIT ). No Exit. ltp= 245.1  SL= 318.3  target= 233.3
In Trade ( CREDIT ). No Exit. ltp= 250.8  SL= 318.3  target= 233.3
In Trade ( CREDIT ). No Exit. ltp= 256.0  SL= 318.3  target= 233.3
In Trade ( CREDIT ). No Exit. ltp= 256.75  SL= 318.3  target= 233.3
In Trade ( CREDIT ). No Exit. ltp= 261.35  SL= 318.3  target= 233.3
In Trade ( CREDIT ). No Exit. ltp= 250.9  SL= 318.3  target= 233.3
In Trade ( CREDIT ). No Exit. ltp= 250.9  SL= 318.3  target= 233.3
In Trade ( CREDIT ). No Exit. ltp= 248.3  SL= 318.3  target= 233.3
In Trade ( CREDIT ). No Exit. ltp= 246.85  SL= 318.3  target= 233.3
In Trade ( CREDIT ). No Exit. ltp= 237.7  SL= 318.3  target= 233.3
In Trade ( CREDIT ). No Exit. ltp= 243.0  SL= 318.3  target= 233.3
In Trade ( CREDIT ). No Exit. ltp= 247.3  SL= 318.3  target= 233.3
In Trade ( CREDIT ). No Exit. ltp= 248.6  SL= 318.3  target= 233.3
In Trade ( CREDIT ). No Exit. ltp= 247.85  SL= 318.3  target= 233.3
In Trade ( CREDIT ). No Exit. ltp= 247.25  SL= 318.3  target= 233.3
In Trade ( CREDIT ). No Exit. ltp= 249.7  SL= 318.3  target= 233.3
In Trade ( CREDIT ). No Exit. ltp= 251.35  SL= 318.3  target= 233.3
In Trade ( CREDIT ). No Exit. ltp= 252.45  SL= 318.3  target= 233.3
In Trade ( CREDIT ). No Exit. ltp= 252.85  SL= 318.3  target= 233.3
In Trade ( CREDIT ). No Exit. ltp= 253.85  SL= 318.3  target= 233.3
In Trade ( CREDIT ). No Exit. ltp= 254.9  SL= 318.3  target= 233.3
In Trade ( CREDIT ). No Exit. ltp= 259.4  SL= 318.3  target= 233.3
In Trade ( CREDIT ). No Exit. ltp= 257.5  SL= 318.3  target= 233.3
In Trade ( CREDIT ). No Exit. ltp= 256.95  SL= 318.3  target= 233.3
In Trade ( CREDIT ). No Exit. ltp= 259.65  SL= 318.3  target= 233.3
In Trade ( CREDIT ). No Exit. ltp= 256.7  SL= 318.3  target= 233.3
In Trade ( CREDIT ). No Exit. ltp= 257.5  SL= 318.3  target= 233.3
In Trade ( CREDIT ). No Exit. ltp= 255.6  SL= 318.3  target= 233.3
In Trade ( CREDIT ). No Exit. ltp= 245.5  SL= 318.3  target= 233.3
In Trade ( CREDIT ). No Exit. ltp= 248.0  SL= 318.3  target= 233.3
In Trade ( CREDIT ). No Exit. ltp= 251.0  SL= 318.3  target= 233.3
In Trade ( CREDIT ). No Exit. ltp= 241.8  SL= 318.3  target= 233.3
In Trade ( CREDIT ). No Exit. ltp= 242.7  SL= 318.3  target= 233.3
LTP_TGT_WATCH: ltp=231.0 target=233.3 confirm=1/2
LTP_TGT_WATCH: ltp=232.8 target=233.3 confirm=2/2
Target hit (LTP)
11 : 49 : 17  =>  BUY   SENSEX26JUL77600PE   140   MARKET
11 : 49 : 17  =>  SENSEX26JUL77600PE {'code': 1101, 'message': 'Successfully placed order', 's': 'ok', 'id_fyers': '171b537e-1dba-4789-a676-fd24feb416f5', 'id': '26072900158868'}
Exit main (BUY sold leg) OID:  {'code': 1101, 'message': 'Successfully placed order', 's': 'ok', 'id_fyers': '171b537e-1dba-4789-a676-fd24feb416f5', 'id': '26072900158868'}
11 : 49 : 18  =>  SELL   SENSEX26JUL77000PE   140   MARKET
11 : 49 : 18  =>  SENSEX26JUL77000PE {'code': 1101, 'message': 'Successfully placed order', 's': 'ok', 'id_fyers': 'ffa8b750-04d4-4de4-94db-80a8e570d594', 'id': '26072900158879'}
Exit hedge (SELL bought leg) OID:  {'code': 1101, 'message': 'Successfully placed order', 's': 'ok', 'id_fyers': 'ffa8b750-04d4-4de4-94db-80a8e570d594', 'id': '26072900158879'}
India VIX = 12.12  Spot Price = 77599.58
IV Regime = LOW (ADAPTIVE: P25= 12.33  P50= 13.19  P75= 13.47 ) | DailyRange = 1343.6 | 3minCandleRange = 70.7 (theoretical= 117.8 ) | ATMoptionMove = 31.8 | SL = 111 | Target = 111 | TrailTrigger = 32 | Spread = 300 | Buffer = 28
IV Params refreshed: {'vix': 12.12, 'bn_price': 77599.58, 'regime': 'LOW', 'regime_thresholds': 'P25=12.33 P50=13.19 P75=13.47', 'daily_range': 1343.6, 'candle_range': 70.7, 'atm_option_move': 31.8, 'sl_point': 111, 'target_point': 111, 'sl_pct_of_premium': 0.1, 'trail_trigger': 32, 'spread_width': 300, 'support_resistance_buffer': 28}
BSE:SENSEX-INDEX  strikecount= 8   fyers <fyers_apiv3.fyersModel.FyersModel object at 0x73450a7d3ec0>
===
====after 3 min ochain==== 2026-07-29 11:51:00.000002
                                    oipcr   choipcr   totalOI
pcr1 =  BSE:SENSEX26JUL78400CE   0.02   0.03 CALL added 538720   PUT added 14640  OI= 955800
pcr2 =  BSE:SENSEX26JUL78300PE   0.04   0.07 CALL added 583100   PUT added 41240  OI= 49220
pcr3 =  BSE:SENSEX26JUL78200CE   0.07   0.09 CALL added 738460   PUT added 67240  OI= 1148440
pcr4 =  BSE:SENSEX26JUL78100PE   0.07   0.14 CALL added 345420   PUT added 47060  OI= 54180
pcr5 =  BSE:SENSEX26JUL78000CE   0.21   0.34 CALL added 1512840   PUT added 509120  OI= 2748400
pcr6 =  BSE:SENSEX26JUL77900CE   0.2    0.3 CALL added 740700   PUT added 221060  OI= 1158520
pcr7 =  BSE:SENSEX26JUL77800CE   0.34   0.44 CALL added 1335400   PUT added 581480  OI= 1746020
pcr8 =  BSE:SENSEX26JUL77700CE   0.77   0.96 CALL added 1182840   PUT added 1133040  OI= 1491400
pcr9 =  BSE:SENSEX26JUL77600CE   1.39   1.59 CALL added 1894140   PUT added 3015560  OI= 2180160
pcr10 =  BSE:SENSEX26JUL77500CE   2.72   7.07 CALL added 696420   PUT added 4920460  OI= 1870080
pcr11 =  BSE:SENSEX26JUL77400PE   3.91   5.43 CALL added 628400   PUT added 3414480  OI= 3457300
pcr12 =  BSE:SENSEX26JUL77300PE   4.75   13.69 CALL added 143160   PUT added 1959160  OI= 2017180
pcr13 =  BSE:SENSEX26JUL77200PE   5.34   65.12 CALL added 28420   PUT added 1850680  OI= 1926180
pcr14 =  BSE:SENSEX26JUL77100CE   4.75   -10.22 CALL unwind -106660   PUT added 1090280  OI= 249740
pcr15 =  BSE:SENSEX26JUL77000PE   6.45   -4.55 CALL unwind -693140   PUT added 3155420  OI= 3799700
pcr16 =  BSE:SENSEX26JUL76900PE   9.49   -1.82 CALL unwind -421860   PUT added 766780  OI= 1243060
pcr17 =  BSE:SENSEX26JUL76800CE   7.61   -1.59 CALL unwind -421660   PUT added 668380  OI= 182060
pcrSummation= 19.630000000000003  result =  ['BSE:SENSEX26JUL78000CE', 'BSE:SENSEX26JUL77900CE', 'BSE:SENSEX26JUL77800CE', 'BSE:SENSEX26JUL77700CE', 'BSE:SENSEX26JUL77600CE', 'BSE:SENSEX26JUL77500CE', 'BSE:SENSEX26JUL77400PE', 'BSE:SENSEX26JUL77300PE', 'BSE:SENSEX26JUL77200PE']
PCRSUM== 48.13
pcrSummation== 19.63
VOLPCRSUM== 1.64
spotLTP =  77597.8  ATM_STRIKE =  77600
IS_ATM_STRIKE_SHIFT = False  mapStrike = {77600: 77600}
avgOiPcrList2 = [np.float64(2.83)] atmStrikeNotShiftedCount= 1
False   1   1
SUPP_RES=== 77500  Buffer= 28
CEoich val =  696420.0  PEoich val =  4920460.0 , CE < PE by 85.8%
SUPP_RES TOTAL OI: CE= 1870080  PE= 5089440 , CE < PE by 63.3%
IS_MORNING_WINDOW= False  (active 9:15-9:48 IST)
================================================
==== signal check time ==== 2026-07-29 11:51:01.429753
IS_CHOI_DIFF_GT_25PERC== True
RSI_VAL1== 59.5
RSI_VAL2== 59.5
FUT_3m_OHLC O= 77570.0  H= 77579.0  L= 77570.0  C= 77578.0  Range= 9.0
CHART_PATTERN_DETECTED: DOUBLE_TOP_FORMING
  PATTERN_CONTEXT: Body= 8.0  Range= 9.0  ExpectedRange= 70.7  RangeRatio= 0.13  O= 77570.0  H= 77579.0  L= 77570.0  C= 77578.0
newSynthFut =  77600
ATMStrike =  77600
AVG_OIPCR= 2.18
avgoiPCROld=  2.83
SUPP_RES = 77500
FUT LTP = 77578.0
CEchoi  PechOi = 696420.0    4920460.0
====================================
totalOIPCR = 1.85
AVG_VOLPCR= 0.18
atmPCR= 0.21  belowATM  0.2
atmVolPCR= 0.08  belowATM  0.09
True   77578.0   77500   False   False   59.5
curr Doji False
BSE:SENSEX26JUL77500PE  curr candle vol pcr = 2.14  PE= 997120  CE= 466500      cpr =  0.47
BSE:SENSEX26JUL77500PE  prev candle vol pcr = 1.59  PE= 502260  CE= 316040      cpr =  0.63
VOL_PRESSURE_WATCH: SINGLE_CANDLE_PUT_PRESSURE | currPCR= 2.14  prevPCR= 1.59
ATM_CE_premium= 263.9  ATM_PE_premium= 201.55
CE_PremChg= -10.3  PE_PremChg= 4.4
CandleBody= 8.0  PrevBody= 0.0  CandleRange= 9.0  Bullish
TotalVol= 1463620  PrevTotalVol= 818300  VolSpike= 1.79 x 
SCALP_SCORE: BULL | BullScore= 3  BearScore= 0 | Confidence= MEDIUM
  SCALP_BULL_REASONS: VolPCR_curr_bull + StrongBullCandle(89%) + VolRise(1.79x)_bull
DATAPOINT|11:51|FUT=77578.0|Body=8.0|PrevBody=0.0|Range=9.0|RangeRatio=0.13|CurrVolPCR=2.14|PrevVolPCR=1.59|CurrCPR=0.47|PrevCPR=0.63|VolSpike=1.79|CE_PremChg=-10.3|PE_PremChg=4.4|BullScore=3|BearScore=0|Dir=BULL|Conf=MEDIUM
CHART_PATTERN_DETECTED: DOUBLE_TOP_FORMING
  PATTERN_CONTEXT: Body= 8.0  Range= 9.0  ExpectedRange= 70.7  RangeRatio= 0.13  O= 77570.0  H= 77579.0  L= 77570.0  C= 77578.0
BSE:SENSEX-INDEX  strikecount= 3   fyers <fyers_apiv3.fyersModel.FyersModel object at 0x73450a7d3ec0>
======================================
oipcr1 =  BSE:SENSEX26JUL77900CE   0.2
oipcr2 =  BSE:SENSEX26JUL77800CE   0.34
oipcr3 =  BSE:SENSEX26JUL77700CE   0.77
oipcrBull = NoEntry  bulcount= 0  bearcount= 3 oipcrBear= BearTrade
atmpcr5 pcr6= 1.39    2.72
No Entry Yet
